Archive member included because of file (symbol)

d:/programs/atmel toolchain/arm gcc/native/4.7.3.99/arm-gnu-toolchain/bin/../lib/gcc/arm-none-eabi/4.7.3/../../../../arm-none-eabi/lib/armv7-m\libc.a(lib_a-atexit.o)
                              d:/programs/atmel toolchain/arm gcc/native/4.7.3.99/arm-gnu-toolchain/bin/../lib/gcc/arm-none-eabi/4.7.3/../../../../arm-none-eabi/lib/armv7-m/crt0.o (atexit)
d:/programs/atmel toolchain/arm gcc/native/4.7.3.99/arm-gnu-toolchain/bin/../lib/gcc/arm-none-eabi/4.7.3/../../../../arm-none-eabi/lib/armv7-m\libc.a(lib_a-exit.o)
                              d:/programs/atmel toolchain/arm gcc/native/4.7.3.99/arm-gnu-toolchain/bin/../lib/gcc/arm-none-eabi/4.7.3/../../../../arm-none-eabi/lib/armv7-m/crt0.o (exit)
d:/programs/atmel toolchain/arm gcc/native/4.7.3.99/arm-gnu-toolchain/bin/../lib/gcc/arm-none-eabi/4.7.3/../../../../arm-none-eabi/lib/armv7-m\libc.a(lib_a-fini.o)
                              d:/programs/atmel toolchain/arm gcc/native/4.7.3.99/arm-gnu-toolchain/bin/../lib/gcc/arm-none-eabi/4.7.3/../../../../arm-none-eabi/lib/armv7-m/crt0.o (__libc_fini_array)
d:/programs/atmel toolchain/arm gcc/native/4.7.3.99/arm-gnu-toolchain/bin/../lib/gcc/arm-none-eabi/4.7.3/../../../../arm-none-eabi/lib/armv7-m\libc.a(lib_a-impure.o)
                              d:/programs/atmel toolchain/arm gcc/native/4.7.3.99/arm-gnu-toolchain/bin/../lib/gcc/arm-none-eabi/4.7.3/../../../../arm-none-eabi/lib/armv7-m\libc.a(lib_a-exit.o) (_global_impure_ptr)
d:/programs/atmel toolchain/arm gcc/native/4.7.3.99/arm-gnu-toolchain/bin/../lib/gcc/arm-none-eabi/4.7.3/../../../../arm-none-eabi/lib/armv7-m\libc.a(lib_a-init.o)
                              d:/programs/atmel toolchain/arm gcc/native/4.7.3.99/arm-gnu-toolchain/bin/../lib/gcc/arm-none-eabi/4.7.3/../../../../arm-none-eabi/lib/armv7-m/crt0.o (__libc_init_array)
d:/programs/atmel toolchain/arm gcc/native/4.7.3.99/arm-gnu-toolchain/bin/../lib/gcc/arm-none-eabi/4.7.3/../../../../arm-none-eabi/lib/armv7-m\libc.a(lib_a-iprintf.o)
                              src/ASF/sam/drivers/adc/adc.o (iprintf)
d:/programs/atmel toolchain/arm gcc/native/4.7.3.99/arm-gnu-toolchain/bin/../lib/gcc/arm-none-eabi/4.7.3/../../../../arm-none-eabi/lib/armv7-m\libc.a(lib_a-memcpy.o)
                              src/ASF/thirdparty/freertos/freertos-7.3.0/source/queue.o (memcpy)
d:/programs/atmel toolchain/arm gcc/native/4.7.3.99/arm-gnu-toolchain/bin/../lib/gcc/arm-none-eabi/4.7.3/../../../../arm-none-eabi/lib/armv7-m\libc.a(lib_a-memset.o)
                              d:/programs/atmel toolchain/arm gcc/native/4.7.3.99/arm-gnu-toolchain/bin/../lib/gcc/arm-none-eabi/4.7.3/../../../../arm-none-eabi/lib/armv7-m/crt0.o (memset)
d:/programs/atmel toolchain/arm gcc/native/4.7.3.99/arm-gnu-toolchain/bin/../lib/gcc/arm-none-eabi/4.7.3/../../../../arm-none-eabi/lib/armv7-m\libc.a(lib_a-puts.o)
                              src/ASF/sam/drivers/adc/adc.o (puts)
d:/programs/atmel toolchain/arm gcc/native/4.7.3.99/arm-gnu-toolchain/bin/../lib/gcc/arm-none-eabi/4.7.3/../../../../arm-none-eabi/lib/armv7-m\libc.a(lib_a-setbuf.o)
                              src/ConsoleFunctions.o (setbuf)
d:/programs/atmel toolchain/arm gcc/native/4.7.3.99/arm-gnu-toolchain/bin/../lib/gcc/arm-none-eabi/4.7.3/../../../../arm-none-eabi/lib/armv7-m\libc.a(lib_a-setvbuf.o)
                              d:/programs/atmel toolchain/arm gcc/native/4.7.3.99/arm-gnu-toolchain/bin/../lib/gcc/arm-none-eabi/4.7.3/../../../../arm-none-eabi/lib/armv7-m\libc.a(lib_a-setbuf.o) (setvbuf)
d:/programs/atmel toolchain/arm gcc/native/4.7.3.99/arm-gnu-toolchain/bin/../lib/gcc/arm-none-eabi/4.7.3/../../../../arm-none-eabi/lib/armv7-m\libc.a(lib_a-sprintf.o)
                              src/ASF/thirdparty/freertos/freertos-7.3.0/source/tasks.o (sprintf)
d:/programs/atmel toolchain/arm gcc/native/4.7.3.99/arm-gnu-toolchain/bin/../lib/gcc/arm-none-eabi/4.7.3/../../../../arm-none-eabi/lib/armv7-m\libc.a(lib_a-strcat.o)
                              src/ASF/thirdparty/freertos/freertos-7.3.0/source/tasks.o (strcat)
d:/programs/atmel toolchain/arm gcc/native/4.7.3.99/arm-gnu-toolchain/bin/../lib/gcc/arm-none-eabi/4.7.3/../../../../arm-none-eabi/lib/armv7-m\libc.a(lib_a-strlen.o)
                              src/ASF/thirdparty/freertos/freertos-7.3.0/source/FreeRTOS_CLI.o (strlen)
d:/programs/atmel toolchain/arm gcc/native/4.7.3.99/arm-gnu-toolchain/bin/../lib/gcc/arm-none-eabi/4.7.3/../../../../arm-none-eabi/lib/armv7-m\libc.a(lib_a-strncmp.o)
                              src/ASF/thirdparty/freertos/freertos-7.3.0/source/FreeRTOS_CLI.o (strncmp)
d:/programs/atmel toolchain/arm gcc/native/4.7.3.99/arm-gnu-toolchain/bin/../lib/gcc/arm-none-eabi/4.7.3/../../../../arm-none-eabi/lib/armv7-m\libc.a(lib_a-strncpy.o)
                              src/ASF/thirdparty/freertos/freertos-7.3.0/source/FreeRTOS_CLI.o (strncpy)
[...]
Memory Configuration

Name             Origin             Length             Attributes
rom              0x00080000         0x00080000         xr
sram0            0x20000000         0x00010000         xrw
sram1            0x20080000         0x00008000         xrw
ram              0x20070000         0x00018000         xrw
*default*        0x00000000         0xffffffff

Linker script and memory map

LOAD d:/programs/atmel toolchain/arm gcc/native/4.7.3.99/arm-gnu-toolchain/bin/../lib/gcc/arm-none-eabi/4.7.3/armv7-m/crti.o
LOAD d:/programs/atmel toolchain/arm gcc/native/4.7.3.99/arm-gnu-toolchain/bin/../lib/gcc/arm-none-eabi/4.7.3/armv7-m/crtbegin.o
LOAD d:/programs/atmel toolchain/arm gcc/native/4.7.3.99/arm-gnu-toolchain/bin/../lib/gcc/arm-none-eabi/4.7.3/../../../../arm-none-eabi/lib/armv7-m/crt0.o
LOAD src/ASF/common/services/clock/sam3x/sysclk.o
LOAD src/ASF/common/services/serial/usart_serial.o
LOAD src/ASF/common/utils/interrupt/interrupt_sam_nvic.o
LOAD src/ASF/common/utils/stdio/read.o
LOAD src/ASF/common/utils/stdio/write.o
LOAD src/ASF/sam/boards/arduino_due_x/init.o
LOAD src/ASF/sam/drivers/adc/adc.o
LOAD src/ASF/sam/drivers/adc/adc_sam3u.o
LOAD src/ASF/sam/drivers/pio/pio.o
LOAD src/ASF/sam/drivers/pio/pio_handler.o
LOAD src/ASF/sam/drivers/pmc/pmc.o
LOAD src/ASF/sam/drivers/pmc/sleep.o
LOAD src/ASF/sam/drivers/pwm/pwm.o
LOAD src/ASF/sam/drivers/tc/tc.o
LOAD src/ASF/sam/drivers/uart/uart.o
LOAD src/ASF/sam/drivers/usart/usart.o
LOAD src/ASF/sam/utils/cmsis/sam3x/source/templates/exceptions.o
LOAD src/ASF/sam/utils/cmsis/sam3x/source/templates/gcc/startup_sam3x.o
LOAD src/ASF/sam/utils/cmsis/sam3x/source/templates/system_sam3x.o
LOAD src/ASF/sam/utils/syscalls/gcc/syscalls.o
LOAD src/ASF/thirdparty/freertos/freertos-7.3.0/source/FreeRTOS_CLI.o
LOAD src/ASF/thirdparty/freertos/freertos-7.3.0/source/list.o
LOAD src/ASF/thirdparty/freertos/freertos-7.3.0/source/portable/gcc/arm_cm3/port.o
LOAD src/ASF/thirdparty/freertos/freertos-7.3.0/source/portable/memmang/heap_4.o
LOAD src/ASF/thirdparty/freertos/freertos-7.3.0/source/queue.o
LOAD src/ASF/thirdparty/freertos/freertos-7.3.0/source/tasks.o
LOAD src/ASF/thirdparty/freertos/freertos-7.3.0/source/timers.o
LOAD src/ConsoleFunctions.o
LOAD src/main.o
START GROUP
LOAD ../src/ASF/thirdparty/CMSIS/Lib/GCC\libarm_cortexM3l_math.a
LOAD d:/programs/atmel toolchain/arm gcc/native/4.7.3.99/arm-gnu-toolchain/bin/../lib/gcc/arm-none-eabi/4.7.3/../../../../arm-none-eabi/lib/armv7-m\libm.a
END GROUP
START GROUP
LOAD d:/programs/atmel toolchain/arm gcc/native/4.7.3.99/arm-gnu-toolchain/bin/../lib/gcc/arm-none-eabi/4.7.3/armv7-m\libgcc.a
LOAD d:/programs/atmel toolchain/arm gcc/native/4.7.3.99/arm-gnu-toolchain/bin/../lib/gcc/arm-none-eabi/4.7.3/../../../../arm-none-eabi/lib/armv7-m\libc.a
END GROUP
LOAD d:/programs/atmel toolchain/arm gcc/native/4.7.3.99/arm-gnu-toolchain/bin/../lib/gcc/arm-none-eabi/4.7.3/armv7-m/crtend.o
LOAD d:/programs/atmel toolchain/arm gcc/native/4.7.3.99/arm-gnu-toolchain/bin/../lib/gcc/arm-none-eabi/4.7.3/armv7-m/crtn.o
                [0x00002000]                __stack_size__ = DEFINED (__stack_size__)?__stack_size__:0x2000

.text           0x00080000     0x3bd0
                0x00080000                . = ALIGN (0x4)
                0x00080000                _sfixed = .
 *(.vectors .vectors.*)
 .vectors       0x00080000       0xf4 src/ASF/sam/utils/cmsis/sam3x/source/templates/gcc/startup_sam3x.o
                0x00080000                exception_table
 *(.text .text.* .gnu.linkonce.t.*)
 .text          0x000800f4       0xb0 d:/programs/atmel toolchain/arm gcc/native/4.7.3.99/arm-gnu-toolchain/bin/../lib/gcc/arm-none-eabi/4.7.3/armv7-m/crtbegin.o
 .text.sysclk_init
                0x000801a4       0x78 src/ASF/common/services/clock/sam3x/sysclk.o
                0x000801a4                sysclk_init
 .text._read    0x0008021c       0x88 src/ASF/common/utils/stdio/read.o
                0x0008021c                _read
 .text._write   0x000802a4       0xa0 src/ASF/common/utils/stdio/write.o
                0x000802a4                _write
 .text.board_init
                0x00080344       0xa4 src/ASF/sam/boards/arduino_due_x/init.o
                0x00080344                board_init
 .text.pio_pull_up
                0x000803e8        0xc src/ASF/sam/drivers/pio/pio.o
                0x000803e8                pio_pull_up
 .text.pio_set_peripheral
                0x000803f4       0x44 src/ASF/sam/drivers/pio/pio.o
                0x000803f4                pio_set_peripheral
 .text.pio_disable_interrupt
                0x00080438        0x4 src/ASF/sam/drivers/pio/pio.o
                0x00080438                pio_disable_interrupt
 .text.pio_set_output
                0x0008043c       0x3c src/ASF/sam/drivers/pio/pio.o
                0x0008043c                pio_set_output
 .text.pio_set_input
                0x00080478       0x4c src/ASF/sam/drivers/pio/pio.o
                0x00080478                pio_set_input
 .text.pio_get_interrupt_status
                0x000804c4        0x4 src/ASF/sam/drivers/pio/pio.o
                0x000804c4                pio_get_interrupt_status
 .text.pio_get_interrupt_mask
                0x000804c8        0x4 src/ASF/sam/drivers/pio/pio.o
                0x000804c8                pio_get_interrupt_mask
 .text.pio_configure_pin
                0x000804cc      0x100 src/ASF/sam/drivers/pio/pio.o
                0x000804cc                pio_configure_pin
 .text.pio_configure_pin_group
                0x000805cc       0xc8 src/ASF/sam/drivers/pio/pio.o
                0x000805cc                pio_configure_pin_group
 .text.pio_handler_process
                0x00080694       0x54 src/ASF/sam/drivers/pio/pio_handler.o
                0x00080694                pio_handler_process
 .text.PIOA_Handler
                0x000806e8       0x1c src/ASF/sam/drivers/pio/pio_handler.o
                0x000806e8                PIOA_Handler
 .text.PIOB_Handler
                0x00080704       0x1c src/ASF/sam/drivers/pio/pio_handler.o
                0x00080704                PIOB_Handler
 .text.PIOC_Handler
                0x00080720       0x1c src/ASF/sam/drivers/pio/pio_handler.o
                0x00080720                PIOC_Handler
 .text.PIOD_Handler
                0x0008073c       0x1c src/ASF/sam/drivers/pio/pio_handler.o
                0x0008073c                PIOD_Handler
 .text.pmc_switch_mck_to_pllack
                0x00080758       0xa0 src/ASF/sam/drivers/pmc/pmc.o
                0x00080758                pmc_switch_mck_to_pllack
 .text.pmc_switch_mainck_to_xtal
                0x000807f8       0x70 src/ASF/sam/drivers/pmc/pmc.o
                0x000807f8                pmc_switch_mainck_to_xtal
 .text.pmc_osc_is_ready_mainck
                0x00080868       0x10 src/ASF/sam/drivers/pmc/pmc.o
                0x00080868                pmc_osc_is_ready_mainck
 .text.pmc_disable_pllack
                0x00080878       0x10 src/ASF/sam/drivers/pmc/pmc.o
                0x00080878                pmc_disable_pllack
 .text.pmc_is_locked_pllack
                0x00080888       0x10 src/ASF/sam/drivers/pmc/pmc.o
                0x00080888                pmc_is_locked_pllack
 .text.pmc_enable_periph_clk
                0x00080898       0x84 src/ASF/sam/drivers/pmc/pmc.o
                0x00080898                pmc_enable_periph_clk
 .text.uart_init
                0x0008091c       0x44 src/ASF/sam/drivers/uart/uart.o
                0x0008091c                uart_init
 .text.uart_write
                0x00080960       0x18 src/ASF/sam/drivers/uart/uart.o
                0x00080960                uart_write
 .text.uart_read
                0x00080978       0x18 src/ASF/sam/drivers/uart/uart.o
                0x00080978                uart_read
 .text.usart_write
                0x00080990       0x20 src/ASF/sam/drivers/usart/usart.o
                0x00080990                usart_write
 .text.usart_read
                0x000809b0       0x20 src/ASF/sam/drivers/usart/usart.o
                0x000809b0                usart_read
 .text.Dummy_Handler
                0x000809d0        0x4 src/ASF/sam/utils/cmsis/sam3x/source/templates/exceptions.o
                0x000809d0                DACC_Handler
                0x000809d0                DebugMon_Handler
                0x000809d0                DMAC_Handler
                0x000809d0                TRNG_Handler
                0x000809d0                HardFault_Handler
                0x000809d0                TC2_Handler
                0x000809d0                USART3_Handler
                0x000809d0                TWI1_Handler
                0x000809d0                NMI_Handler
                0x000809d0                TC7_Handler
                0x000809d0                ADC_Handler
                0x000809d0                SMC_Handler
                0x000809d0                USART0_Handler
                0x000809d0                RTT_Handler
                0x000809d0                EFC1_Handler
                0x000809d0                RTC_Handler
                0x000809d0                UsageFault_Handler
                0x000809d0                TC6_Handler
                0x000809d0                WDT_Handler
                0x000809d0                CAN0_Handler
                0x000809d0                TC4_Handler
                0x000809d0                TC1_Handler
                0x000809d0                HSMCI_Handler
                0x000809d0                TC3_Handler
                0x000809d0                Dummy_Handler
                0x000809d0                TWI0_Handler
                0x000809d0                USART1_Handler
                0x000809d0                SSC_Handler
                0x000809d0                EFC0_Handler
                0x000809d0                PMC_Handler
                0x000809d0                PWM_Handler
                0x000809d0                CAN1_Handler
                0x000809d0                MemManage_Handler
                0x000809d0                SUPC_Handler
                0x000809d0                TC8_Handler
                0x000809d0                USART2_Handler
                0x000809d0                EMAC_Handler
                0x000809d0                UART_Handler
                0x000809d0                BusFault_Handler
                0x000809d0                RSTC_Handler
                0x000809d0                TC0_Handler
                0x000809d0                TC5_Handler
                0x000809d0                UOTGHS_Handler
                0x000809d0                SPI0_Handler
 .text.Reset_Handler
                0x000809d4      0x138 src/ASF/sam/utils/cmsis/sam3x/source/templates/gcc/startup_sam3x.o
                0x000809d4                Reset_Handler
 .text.SystemCoreClockUpdate
                0x00080b0c      0x1c8 src/ASF/sam/utils/cmsis/sam3x/source/templates/system_sam3x.o
                0x00080b0c                SystemCoreClockUpdate
 .text.system_init_flash
                0x00080cd4       0x9c src/ASF/sam/utils/cmsis/sam3x/source/templates/system_sam3x.o
                0x00080cd4                system_init_flash
 .text._sbrk    0x00080d70       0x30 src/ASF/sam/utils/syscalls/gcc/syscalls.o
                0x00080d70                _sbrk
 .text._close   0x00080da0        0x8 src/ASF/sam/utils/syscalls/gcc/syscalls.o
                0x00080da0                _close
 .text._fstat   0x00080da8        0xc src/ASF/sam/utils/syscalls/gcc/syscalls.o
                0x00080da8                _fstat
 .text._isatty  0x00080db4        0x8 src/ASF/sam/utils/syscalls/gcc/syscalls.o
                0x00080db4                _isatty
 .text._lseek   0x00080dbc        0x8 src/ASF/sam/utils/syscalls/gcc/syscalls.o
                0x00080dbc                _lseek
 .text.vListInsertEnd
                0x00080dc4       0x20 src/ASF/thirdparty/freertos/freertos-7.3.0/source/list.o
                0x00080dc4                vListInsertEnd
 .text.uxListRemove
                0x00080de4       0x2c src/ASF/thirdparty/freertos/freertos-7.3.0/source/list.o
                0x00080de4                uxListRemove
 .text.SVC_Handler
                0x00080e10       0x20 src/ASF/thirdparty/freertos/freertos-7.3.0/source/portable/gcc/arm_cm3/port.o
                0x00080e10                SVC_Handler
 .text.ulPortSetInterruptMask
                0x00080e30       0x14 src/ASF/thirdparty/freertos/freertos-7.3.0/source/portable/gcc/arm_cm3/port.o
                0x00080e30                ulPortSetInterruptMask
 .text.vPortClearInterruptMask
                0x00080e44        0x8 src/ASF/thirdparty/freertos/freertos-7.3.0/source/portable/gcc/arm_cm3/port.o
                0x00080e44                vPortClearInterruptMask
 .text.PendSV_Handler
                0x00080e4c       0x3c src/ASF/thirdparty/freertos/freertos-7.3.0/source/portable/gcc/arm_cm3/port.o
                0x00080e4c                PendSV_Handler
 .text.SysTick_Handler
                0x00080e88       0x34 src/ASF/thirdparty/freertos/freertos-7.3.0/source/portable/gcc/arm_cm3/port.o
                0x00080e88                SysTick_Handler
 .text.vTaskIncrementTick
                0x00080ebc      0x190 src/ASF/thirdparty/freertos/freertos-7.3.0/source/tasks.o
                0x00080ebc                vTaskIncrementTick
 .text.vTaskSwitchContext
                0x0008104c       0xc0 src/ASF/thirdparty/freertos/freertos-7.3.0/source/tasks.o
                0x0008104c                vTaskSwitchContext
 .text.usart_serial_getchar
                0x0008110c       0xe8 src/ConsoleFunctions.o
 .text.usart_serial_putchar
                0x000811f4       0xe8 src/ConsoleFunctions.o
 .text.configure_console
                0x000812dc       0x9c src/ConsoleFunctions.o
                0x000812dc                configure_console
 .text.main     0x00081378       0x38 src/main.o
                0x00081378                main
 .text          0x000813b0        0xc d:/programs/atmel toolchain/arm gcc/native/4.7.3.99/arm-gnu-toolchain/bin/../lib/gcc/arm-none-eabi/4.7.3/../../../../arm-none-eabi/lib/armv7-m\libc.a(lib_a-atexit.o)
                0x000813b0                atexit
 .text          0x000813bc       0x2c d:/programs/atmel toolchain/arm gcc/native/4.7.3.99/arm-gnu-toolchain/bin/../lib/gcc/arm-none-eabi/4.7.3/../../../../arm-none-eabi/lib/armv7-m\libc.a(lib_a-fini.o)
                0x000813bc                __libc_fini_array
 .text          0x000813e8       0x4c d:/programs/atmel toolchain/arm gcc/native/4.7.3.99/arm-gnu-toolchain/bin/../lib/gcc/arm-none-eabi/4.7.3/../../../../arm-none-eabi/lib/armv7-m\libc.a(lib_a-init.o)
                0x000813e8                __libc_init_array
 .text          0x00081434       0x40 d:/programs/atmel toolchain/arm gcc/native/4.7.3.99/arm-gnu-toolchain/bin/../lib/gcc/arm-none-eabi/4.7.3/../../../../arm-none-eabi/lib/armv7-m\libc.a(lib_a-iprintf.o)
                0x00081434                iprintf
                0x00081458                _iprintf_r
 .text          0x00081474       0x12 d:/programs/atmel toolchain/arm gcc/native/4.7.3.99/arm-gnu-toolchain/bin/../lib/gcc/arm-none-eabi/4.7.3/../../../../arm-none-eabi/lib/armv7-m\libc.a(lib_a-memcpy.o)
                0x00081474                memcpy
 .text          0x00081486       0x10 d:/programs/atmel toolchain/arm gcc/native/4.7.3.99/arm-gnu-toolchain/bin/../lib/gcc/arm-none-eabi/4.7.3/../../../../arm-none-eabi/lib/armv7-m\libc.a(lib_a-memset.o)
                0x00081486                memset
 .text          0x00081496       0x10 d:/programs/atmel toolchain/arm gcc/native/4.7.3.99/arm-gnu-toolchain/bin/../lib/gcc/arm-none-eabi/4.7.3/../../../../arm-none-eabi/lib/armv7-m\libc.a(lib_a-setbuf.o)
                0x00081496                setbuf
 *fill*         0x000814a6        0x2 00
 .text          0x000814a8       0xec d:/programs/atmel toolchain/arm gcc/native/4.7.3.99/arm-gnu-toolchain/bin/../lib/gcc/arm-none-eabi/4.7.3/../../../../arm-none-eabi/lib/armv7-m\libc.a(lib_a-setvbuf.o)
                0x000814a8                setvbuf
 .text          0x00081594       0x10 d:/programs/atmel toolchain/arm gcc/native/4.7.3.99/arm-gnu-toolchain/bin/../lib/gcc/arm-none-eabi/4.7.3/../../../../arm-none-eabi/lib/armv7-m\libc.a(lib_a-strlen.o)
                0x00081594                strlen
 .text          0x000815a4      0x92c d:/programs/atmel toolchain/arm gcc/native/4.7.3.99/arm-gnu-toolchain/bin/../lib/gcc/arm-none-eabi/4.7.3/../../../../arm-none-eabi/lib/armv7-m\libc.a(lib_a-vfiprintf.o)
                0x000815a4                __sprint_r
                0x0008160c                _vfiprintf_r
                0x00081eb2                vfiprintf
 .text          0x00081ed0       0xb8 d:/programs/atmel toolchain/arm gcc/native/4.7.3.99/arm-gnu-toolchain/bin/../lib/gcc/arm-none-eabi/4.7.3/../../../../arm-none-eabi/lib/armv7-m\libc.a(lib_a-wsetup.o)
                0x00081ed0                __swsetup_r
 .text          0x00081f88       0x9c d:/programs/atmel toolchain/arm gcc/native/4.7.3.99/arm-gnu-toolchain/bin/../lib/gcc/arm-none-eabi/4.7.3/../../../../arm-none-eabi/lib/armv7-m\libc.a(lib_a-__atexit.o)
                0x00081f88                __register_exitproc
 .text.startup  0x00082024       0x14 d:/programs/atmel toolchain/arm gcc/native/4.7.3.99/arm-gnu-toolchain/bin/../lib/gcc/arm-none-eabi/4.7.3/../../../../arm-none-eabi/lib/armv7-m\libc.a(lib_a-__call_atexit.o)
 .text          0x00082038      0x150 d:/programs/atmel toolchain/arm gcc/native/4.7.3.99/arm-gnu-toolchain/bin/../lib/gcc/arm-none-eabi/4.7.3/../../../../arm-none-eabi/lib/armv7-m\libc.a(lib_a-fflush.o)
                0x00082038                _fflush_r
                0x00082166                fflush
 .text          0x00082188      0x18c d:/programs/atmel toolchain/arm gcc/native/4.7.3.99/arm-gnu-toolchain/bin/../lib/gcc/arm-none-eabi/4.7.3/../../../../arm-none-eabi/lib/armv7-m\libc.a(lib_a-findfp.o)
                0x00082190                _cleanup_r
                0x000821e4                __sfmoreglue
                0x0008220e                _cleanup
                0x0008221c                __sinit
                0x00082268                __sfp
                0x000822e4                __sfp_lock_acquire
                0x000822e6                __sfp_lock_release
                0x000822e8                __sinit_lock_acquire
                0x000822ea                __sinit_lock_release
                0x000822ec                __fp_lock_all
                0x00082300                __fp_unlock_all
 .text          0x00082314       0xe8 d:/programs/atmel toolchain/arm gcc/native/4.7.3.99/arm-gnu-toolchain/bin/../lib/gcc/arm-none-eabi/4.7.3/../../../../arm-none-eabi/lib/armv7-m\libc.a(lib_a-fputwc.o)
                0x00082314                _fputwc_r
                0x000823d4                fputwc
 .text          0x000823fc      0x208 d:/programs/atmel toolchain/arm gcc/native/4.7.3.99/arm-gnu-toolchain/bin/../lib/gcc/arm-none-eabi/4.7.3/../../../../arm-none-eabi/lib/armv7-m\libc.a(lib_a-freer.o)
                0x000823fc                _malloc_trim_r
                0x00082498                _free_r
 .text          0x00082604      0x2b6 d:/programs/atmel toolchain/arm gcc/native/4.7.3.99/arm-gnu-toolchain/bin/../lib/gcc/arm-none-eabi/4.7.3/../../../../arm-none-eabi/lib/armv7-m\libc.a(lib_a-fvwrite.o)
                0x00082604                __sfvwrite_r
 .text          0x000828ba       0x86 d:/programs/atmel toolchain/arm gcc/native/4.7.3.99/arm-gnu-toolchain/bin/../lib/gcc/arm-none-eabi/4.7.3/../../../../arm-none-eabi/lib/armv7-m\libc.a(lib_a-fwalk.o)
                0x000828ba                _fwalk
                0x000828fc                _fwalk_reent
 .text          0x00082940       0x88 d:/programs/atmel toolchain/arm gcc/native/4.7.3.99/arm-gnu-toolchain/bin/../lib/gcc/arm-none-eabi/4.7.3/../../../../arm-none-eabi/lib/armv7-m\libc.a(lib_a-locale.o)
                0x00082940                _setlocale_r
                0x00082984                __locale_charset
                0x0008298c                __locale_mb_cur_max
                0x00082998                __locale_msgcharset
                0x000829a0                __locale_cjk_lang
                0x000829a4                _localeconv_r
                0x000829ac                setlocale
                0x000829c0                localeconv
 .text          0x000829c8       0xd8 d:/programs/atmel toolchain/arm gcc/native/4.7.3.99/arm-gnu-toolchain/bin/../lib/gcc/arm-none-eabi/4.7.3/../../../../arm-none-eabi/lib/armv7-m\libc.a(lib_a-makebuf.o)
                0x000829c8                __smakebuf_r
 .text          0x00082aa0       0x20 d:/programs/atmel toolchain/arm gcc/native/4.7.3.99/arm-gnu-toolchain/bin/../lib/gcc/arm-none-eabi/4.7.3/../../../../arm-none-eabi/lib/armv7-m\libc.a(lib_a-malloc.o)
                0x00082aa0                malloc
                0x00082ab0                free
 .text          0x00082ac0      0x404 d:/programs/atmel toolchain/arm gcc/native/4.7.3.99/arm-gnu-toolchain/bin/../lib/gcc/arm-none-eabi/4.7.3/../../../../arm-none-eabi/lib/armv7-m\libc.a(lib_a-mallocr.o)
                0x00082ac0                _malloc_r
 .text          0x00082ec4       0x1c d:/programs/atmel toolchain/arm gcc/native/4.7.3.99/arm-gnu-toolchain/bin/../lib/gcc/arm-none-eabi/4.7.3/../../../../arm-none-eabi/lib/armv7-m\libc.a(lib_a-memchr.o)
                0x00082ec4                memchr
 .text          0x00082ee0       0x34 d:/programs/atmel toolchain/arm gcc/native/4.7.3.99/arm-gnu-toolchain/bin/../lib/gcc/arm-none-eabi/4.7.3/../../../../arm-none-eabi/lib/armv7-m\libc.a(lib_a-memmove.o)
                0x00082ee0                memmove
 .text          0x00082f14        0x4 d:/programs/atmel toolchain/arm gcc/native/4.7.3.99/arm-gnu-toolchain/bin/../lib/gcc/arm-none-eabi/4.7.3/../../../../arm-none-eabi/lib/armv7-m\libc.a(lib_a-mlock.o)
                0x00082f14                __malloc_lock
                0x00082f16                __malloc_unlock
 .text          0x00082f18      0x2dc d:/programs/atmel toolchain/arm gcc/native/4.7.3.99/arm-gnu-toolchain/bin/../lib/gcc/arm-none-eabi/4.7.3/../../../../arm-none-eabi/lib/armv7-m\libc.a(lib_a-reallocr.o)
                0x00082f18                _realloc_r
 .text          0x000831f4       0x20 d:/programs/atmel toolchain/arm gcc/native/4.7.3.99/arm-gnu-toolchain/bin/../lib/gcc/arm-none-eabi/4.7.3/../../../../arm-none-eabi/lib/armv7-m\libc.a(lib_a-sbrkr.o)
                0x000831f4                _sbrk_r
 .text          0x00083214       0x8e d:/programs/atmel toolchain/arm gcc/native/4.7.3.99/arm-gnu-toolchain/bin/../lib/gcc/arm-none-eabi/4.7.3/../../../../arm-none-eabi/lib/armv7-m\libc.a(lib_a-stdio.o)
                0x00083214                __sread
                0x00083236                __seofread
                0x0008323a                __swrite
                0x00083276                __sseek
                0x0008329a                __sclose
 .text          0x000832a2       0x16 d:/programs/atmel toolchain/arm gcc/native/4.7.3.99/arm-gnu-toolchain/bin/../lib/gcc/arm-none-eabi/4.7.3/../../../../arm-none-eabi/lib/armv7-m\libc.a(lib_a-strcmp.o)
                0x000832a2                strcmp
 .text          0x000832b8       0xb4 d:/programs/atmel toolchain/arm gcc/native/4.7.3.99/arm-gnu-toolchain/bin/../lib/gcc/arm-none-eabi/4.7.3/../../../../arm-none-eabi/lib/armv7-m\libc.a(lib_a-wbuf.o)
                0x000832b8                __swbuf_r
                0x0008335a                __swbuf
 .text          0x0008336c       0x68 d:/programs/atmel toolchain/arm gcc/native/4.7.3.99/arm-gnu-toolchain/bin/../lib/gcc/arm-none-eabi/4.7.3/../../../../arm-none-eabi/lib/armv7-m\libc.a(lib_a-wcrtomb.o)
                0x0008336c                _wcrtomb_r
                0x000833b8                wcrtomb
 .text          0x000833d4       0x44 d:/programs/atmel toolchain/arm gcc/native/4.7.3.99/arm-gnu-toolchain/bin/../lib/gcc/arm-none-eabi/4.7.3/../../../../arm-none-eabi/lib/armv7-m\libc.a(lib_a-wctomb_r.o)
                0x000833d4                __ascii_wctomb
                0x000833ee                _wctomb_r
 .text          0x00083418       0x24 d:/programs/atmel toolchain/arm gcc/native/4.7.3.99/arm-gnu-toolchain/bin/../lib/gcc/arm-none-eabi/4.7.3/../../../../arm-none-eabi/lib/armv7-m\libc.a(lib_a-writer.o)
                0x00083418                _write_r
 .text          0x0008343c       0x20 d:/programs/atmel toolchain/arm gcc/native/4.7.3.99/arm-gnu-toolchain/bin/../lib/gcc/arm-none-eabi/4.7.3/../../../../arm-none-eabi/lib/armv7-m\libc.a(lib_a-closer.o)
                0x0008343c                _close_r
 .text          0x0008345c       0x94 d:/programs/atmel toolchain/arm gcc/native/4.7.3.99/arm-gnu-toolchain/bin/../lib/gcc/arm-none-eabi/4.7.3/../../../../arm-none-eabi/lib/armv7-m\libc.a(lib_a-fclose.o)
                0x0008345c                _fclose_r
                0x000834e0                fclose
 .text          0x000834f0       0x24 d:/programs/atmel toolchain/arm gcc/native/4.7.3.99/arm-gnu-toolchain/bin/../lib/gcc/arm-none-eabi/4.7.3/../../../../arm-none-eabi/lib/armv7-m\libc.a(lib_a-fstatr.o)
                0x000834f0                _fstat_r
 .text          0x00083514       0x20 d:/programs/atmel toolchain/arm gcc/native/4.7.3.99/arm-gnu-toolchain/bin/../lib/gcc/arm-none-eabi/4.7.3/../../../../arm-none-eabi/lib/armv7-m\libc.a(lib_a-isattyr.o)
                0x00083514                _isatty_r
 .text          0x00083534       0x24 d:/programs/atmel toolchain/arm gcc/native/4.7.3.99/arm-gnu-toolchain/bin/../lib/gcc/arm-none-eabi/4.7.3/../../../../arm-none-eabi/lib/armv7-m\libc.a(lib_a-lseekr.o)
                0x00083534                _lseek_r
 .text          0x00083558       0x24 d:/programs/atmel toolchain/arm gcc/native/4.7.3.99/arm-gnu-toolchain/bin/../lib/gcc/arm-none-eabi/4.7.3/../../../../arm-none-eabi/lib/armv7-m\libc.a(lib_a-readr.o)
                0x00083558                _read_r
 .text          0x0008357c       0x2c d:/programs/atmel toolchain/arm gcc/native/4.7.3.99/arm-gnu-toolchain/bin/../lib/gcc/arm-none-eabi/4.7.3/armv7-m\libgcc.a(_aeabi_uldivmod.o)
                0x0008357c                __aeabi_uldivmod
 .text          0x000835a8       0x60 d:/programs/atmel toolchain/arm gcc/native/4.7.3.99/arm-gnu-toolchain/bin/../lib/gcc/arm-none-eabi/4.7.3/armv7-m\libgcc.a(bpabi.o)
                0x000835a8                __gnu_ldivmod_helper
                0x000835d8                __gnu_uldivmod_helper
 .text          0x00083608        0x4 d:/programs/atmel toolchain/arm gcc/native/4.7.3.99/arm-gnu-toolchain/bin/../lib/gcc/arm-none-eabi/4.7.3/armv7-m\libgcc.a(_dvmd_tls.o)
                0x00083608                __aeabi_idiv0
                0x00083608                __aeabi_ldiv0
 .text          0x0008360c      0x2bc d:/programs/atmel toolchain/arm gcc/native/4.7.3.99/arm-gnu-toolchain/bin/../lib/gcc/arm-none-eabi/4.7.3/armv7-m\libgcc.a(_divdi3.o)
                0x0008360c                __divdi3
 .text          0x000838c8      0x28c d:/programs/atmel toolchain/arm gcc/native/4.7.3.99/arm-gnu-toolchain/bin/../lib/gcc/arm-none-eabi/4.7.3/armv7-m\libgcc.a(_udivdi3.o)
                0x000838c8                __udivdi3
 *(.glue_7t)
 .glue_7t       0x00000000        0x0 linker stubs
 *(.glue_7)
 .glue_7        0x00000000        0x0 linker stubs
 *(.rodata .rodata* .gnu.linkonce.r.*)
 .rodata.str1.4
                0x00083b54        0x8 src/main.o
 .rodata        0x00083b5c        0x4 d:/programs/atmel toolchain/arm gcc/native/4.7.3.99/arm-gnu-toolchain/bin/../lib/gcc/arm-none-eabi/4.7.3/../../../../arm-none-eabi/lib/armv7-m\libc.a(lib_a-impure.o)
                0x00083b5c                _global_impure_ptr
 .rodata.str1.1
                0x00083b60        0x2 d:/programs/atmel toolchain/arm gcc/native/4.7.3.99/arm-gnu-toolchain/bin/../lib/gcc/arm-none-eabi/4.7.3/../../../../arm-none-eabi/lib/armv7-m\libc.a(lib_a-impure.o)
 .rodata        0x00083b62       0x20 d:/programs/atmel toolchain/arm gcc/native/4.7.3.99/arm-gnu-toolchain/bin/../lib/gcc/arm-none-eabi/4.7.3/../../../../arm-none-eabi/lib/armv7-m\libc.a(lib_a-vfiprintf.o)
 .rodata.str1.1
                0x00083b82       0x22 d:/programs/atmel toolchain/arm gcc/native/4.7.3.99/arm-gnu-toolchain/bin/../lib/gcc/arm-none-eabi/4.7.3/../../../../arm-none-eabi/lib/armv7-m\libc.a(lib_a-vfiprintf.o)
 .rodata.str1.1
                0x00083ba4        0x8 d:/programs/atmel toolchain/arm gcc/native/4.7.3.99/arm-gnu-toolchain/bin/../lib/gcc/arm-none-eabi/4.7.3/../../../../arm-none-eabi/lib/armv7-m\libc.a(lib_a-locale.o)
                                  0xb (size before relaxing)
 *(.ARM.extab* .gnu.linkonce.armextab.*)
                0x00083bac                . = ALIGN (0x4)
 *(.init)
 .init          0x00083bac        0x4 d:/programs/atmel toolchain/arm gcc/native/4.7.3.99/arm-gnu-toolchain/bin/../lib/gcc/arm-none-eabi/4.7.3/armv7-m/crti.o
                0x00083bac                _init
 .init          0x00083bb0        0x8 d:/programs/atmel toolchain/arm gcc/native/4.7.3.99/arm-gnu-toolchain/bin/../lib/gcc/arm-none-eabi/4.7.3/armv7-m/crtn.o
                0x00083bb8                . = ALIGN (0x4)
                0x00083bb8                __preinit_array_start = .
 *(.preinit_array)
                0x00083bb8                __preinit_array_end = .
                0x00083bb8                . = ALIGN (0x4)
                0x00083bb8                __init_array_start = .
 *(SORT(.init_array.*))
 .init_array.00000
                0x00083bb8        0x4 d:/programs/atmel toolchain/arm gcc/native/4.7.3.99/arm-gnu-toolchain/bin/../lib/gcc/arm-none-eabi/4.7.3/../../../../arm-none-eabi/lib/armv7-m\libc.a(lib_a-__call_atexit.o)
 *(.init_array)
 .init_array    0x00083bbc        0x4 d:/programs/atmel toolchain/arm gcc/native/4.7.3.99/arm-gnu-toolchain/bin/../lib/gcc/arm-none-eabi/4.7.3/armv7-m/crtbegin.o
                0x00083bc0                __init_array_end = .
                0x00083bc0                . = ALIGN (0x4)
 *crtbegin.o(.ctors)
 *(EXCLUDE_FILE(*crtend.o) .ctors)
 *(SORT(.ctors.*))
 *crtend.o(.ctors)
                0x00083bc0                . = ALIGN (0x4)
 *(.fini)
 .fini          0x00083bc0        0x4 d:/programs/atmel toolchain/arm gcc/native/4.7.3.99/arm-gnu-toolchain/bin/../lib/gcc/arm-none-eabi/4.7.3/armv7-m/crti.o
                0x00083bc0                _fini
 .fini          0x00083bc4        0x8 d:/programs/atmel toolchain/arm gcc/native/4.7.3.99/arm-gnu-toolchain/bin/../lib/gcc/arm-none-eabi/4.7.3/armv7-m/crtn.o
                0x00083bcc                . = ALIGN (0x4)
                0x00083bcc                __fini_array_start = .
 *(.fini_array)
 .fini_array    0x00083bcc        0x4 d:/programs/atmel toolchain/arm gcc/native/4.7.3.99/arm-gnu-toolchain/bin/../lib/gcc/arm-none-eabi/4.7.3/armv7-m/crtbegin.o
 *(SORT(.fini_array.*))
                0x00083bd0                __fini_array_end = .
 *crtbegin.o(.dtors)
 *(EXCLUDE_FILE(*crtend.o) .dtors)
 *(SORT(.dtors.*))
 *crtend.o(.dtors)
                0x00083bd0                . = ALIGN (0x4)
                0x00083bd0                _efixed = .
                0x00083bd0                PROVIDE (__exidx_start, .)

.vfp11_veneer   0x00083bd0        0x0
 .vfp11_veneer  0x00000000        0x0 linker stubs

.v4_bx          0x00083bd0        0x0
 .v4_bx         0x00000000        0x0 linker stubs

.iplt           0x00083bd0        0x0
 .iplt          0x00000000        0x0 d:/programs/atmel toolchain/arm gcc/native/4.7.3.99/arm-gnu-toolchain/bin/../lib/gcc/arm-none-eabi/4.7.3/armv7-m/crtbegin.o

.ARM.exidx      0x00083bd0        0x8
 *(.ARM.exidx* .gnu.linkonce.armexidx.*)
 .ARM.exidx     0x00083bd0        0x8 d:/programs/atmel toolchain/arm gcc/native/4.7.3.99/arm-gnu-toolchain/bin/../lib/gcc/arm-none-eabi/4.7.3/armv7-m\libgcc.a(_divdi3.o)
 .ARM.exidx     0x00083bd8        0x0 d:/programs/atmel toolchain/arm gcc/native/4.7.3.99/arm-gnu-toolchain/bin/../lib/gcc/arm-none-eabi/4.7.3/armv7-m\libgcc.a(_udivdi3.o)
                                  0x8 (size before relaxing)
                0x00083bd8                PROVIDE (__exidx_end, .)

.eh_frame       0x00083bd8        0x0
 .eh_frame      0x00083bd8        0x0 d:/programs/atmel toolchain/arm gcc/native/4.7.3.99/arm-gnu-toolchain/bin/../lib/gcc/arm-none-eabi/4.7.3/armv7-m/crtbegin.o

.rel.dyn        0x00083bd8        0x0
 .rel.iplt      0x00000000        0x0 d:/programs/atmel toolchain/arm gcc/native/4.7.3.99/arm-gnu-toolchain/bin/../lib/gcc/arm-none-eabi/4.7.3/armv7-m/crtbegin.o

.jcr            0x00083bd8        0x0
 .jcr           0x00083bd8        0x0 d:/programs/atmel toolchain/arm gcc/native/4.7.3.99/arm-gnu-toolchain/bin/../lib/gcc/arm-none-eabi/4.7.3/armv7-m/crtbegin.o

.tm_clone_table
                0x00083bd8        0x0
 .tm_clone_table
                0x00083bd8        0x0 d:/programs/atmel toolchain/arm gcc/native/4.7.3.99/arm-gnu-toolchain/bin/../lib/gcc/arm-none-eabi/4.7.3/armv7-m/crtbegin.o
 .tm_clone_table
                0x00083bd8        0x0 d:/programs/atmel toolchain/arm gcc/native/4.7.3.99/arm-gnu-toolchain/bin/../lib/gcc/arm-none-eabi/4.7.3/armv7-m/crtend.o

.igot.plt       0x00083bd8        0x0
 .igot.plt      0x00000000        0x0 d:/programs/atmel toolchain/arm gcc/native/4.7.3.99/arm-gnu-toolchain/bin/../lib/gcc/arm-none-eabi/4.7.3/armv7-m/crtbegin.o
                0x00083bd8                . = ALIGN (0x4)
                0x00083bd8                _etext = .

.relocate       0x20070000      0x8c8 load address 0x00083bd8
                0x20070000                . = ALIGN (0x4)
                0x20070000                _srelocate = .
 *(.ramfunc .ramfunc.*)
 *(.data .data.*)
 .data.SystemCoreClock
                0x20070000        0x4 src/ASF/sam/utils/cmsis/sam3x/source/templates/system_sam3x.o
                0x20070000                SystemCoreClock
 .data.xNextTaskUnblockTime
                0x20070004        0x4 src/ASF/thirdparty/freertos/freertos-7.3.0/source/tasks.o
 .data          0x20070008      0x430 d:/programs/atmel toolchain/arm gcc/native/4.7.3.99/arm-gnu-toolchain/bin/../lib/gcc/arm-none-eabi/4.7.3/../../../../arm-none-eabi/lib/armv7-m\libc.a(lib_a-impure.o)
                0x20070008                _impure_ptr
 .data          0x20070438       0x7c d:/programs/atmel toolchain/arm gcc/native/4.7.3.99/arm-gnu-toolchain/bin/../lib/gcc/arm-none-eabi/4.7.3/../../../../arm-none-eabi/lib/armv7-m\libc.a(lib_a-locale.o)
                0x20070458                __mb_cur_max
 .data          0x200704b4      0x410 d:/programs/atmel toolchain/arm gcc/native/4.7.3.99/arm-gnu-toolchain/bin/../lib/gcc/arm-none-eabi/4.7.3/../../../../arm-none-eabi/lib/armv7-m\libc.a(lib_a-mallocr.o)
                0x200704b4                __malloc_av_
                0x200708bc                __malloc_sbrk_base
                0x200708c0                __malloc_trim_threshold
 .data          0x200708c4        0x4 d:/programs/atmel toolchain/arm gcc/native/4.7.3.99/arm-gnu-toolchain/bin/../lib/gcc/arm-none-eabi/4.7.3/../../../../arm-none-eabi/lib/armv7-m\libc.a(lib_a-wctomb_r.o)
                0x200708c4                __wctomb
                0x200708c8                . = ALIGN (0x4)
                0x200708c8                _erelocate = .

.bss            0x200708c8      0x15c load address 0x000844a0
                0x200708c8                . = ALIGN (0x4)
                0x200708c8                _sbss = .
                0x200708c8                _szero = .
 *(.bss .bss.*)
 .bss           0x200708c8       0x1c d:/programs/atmel toolchain/arm gcc/native/4.7.3.99/arm-gnu-toolchain/bin/../lib/gcc/arm-none-eabi/4.7.3/armv7-m/crtbegin.o
 .bss.gs_interrupt_sources
                0x200708e4       0x70 src/ASF/sam/drivers/pio/pio_handler.o
 .bss.heap.5084
                0x20070954        0x4 src/ASF/sam/utils/syscalls/gcc/syscalls.o
 .bss.uxMissedTicks
                0x20070958        0x4 src/ASF/thirdparty/freertos/freertos-7.3.0/source/tasks.o
 .bss.pxDelayedTaskList
                0x2007095c        0x4 src/ASF/thirdparty/freertos/freertos-7.3.0/source/tasks.o
 .bss.uxTopReadyPriority
                0x20070960        0x4 src/ASF/thirdparty/freertos/freertos-7.3.0/source/tasks.o
 .bss.pxReadyTasksLists
                0x20070964       0x64 src/ASF/thirdparty/freertos/freertos-7.3.0/source/tasks.o
 .bss.uxSchedulerSuspended
                0x200709c8        0x4 src/ASF/thirdparty/freertos/freertos-7.3.0/source/tasks.o
 .bss.pxCurrentTCB
                0x200709cc        0x4 src/ASF/thirdparty/freertos/freertos-7.3.0/source/tasks.o
                0x200709cc                pxCurrentTCB
 .bss.xNumOfOverflows
                0x200709d0        0x4 src/ASF/thirdparty/freertos/freertos-7.3.0/source/tasks.o
 .bss.xTickCount
                0x200709d4        0x4 src/ASF/thirdparty/freertos/freertos-7.3.0/source/tasks.o
 .bss.pxOverflowDelayedTaskList
                0x200709d8        0x4 src/ASF/thirdparty/freertos/freertos-7.3.0/source/tasks.o
 .bss.xMissedYield
                0x200709dc        0x4 src/ASF/thirdparty/freertos/freertos-7.3.0/source/tasks.o
 .bss           0x200709e0       0x34 d:/programs/atmel toolchain/arm gcc/native/4.7.3.99/arm-gnu-toolchain/bin/../lib/gcc/arm-none-eabi/4.7.3/../../../../arm-none-eabi/lib/armv7-m\libc.a(lib_a-mallocr.o)
                0x200709e0                __malloc_top_pad
                0x200709e4                __malloc_current_mallinfo
                0x20070a0c                __malloc_max_sbrked_mem
                0x20070a10                __malloc_max_total_mem
 *(COMMON)
 COMMON         0x20070a14        0x4 src/ASF/common/utils/stdio/read.o
                0x20070a14                ptr_get
 COMMON         0x20070a18        0x8 src/ASF/common/utils/stdio/write.o
                0x20070a18                ptr_put
                0x20070a1c                stdio_base
 COMMON         0x20070a20        0x4 d:/programs/atmel toolchain/arm gcc/native/4.7.3.99/arm-gnu-toolchain/bin/../lib/gcc/arm-none-eabi/4.7.3/../../../../arm-none-eabi/lib/armv7-m\libc.a(lib_a-reent.o)
                0x20070a20                errno
                0x20070a24                . = ALIGN (0x4)
                0x20070a24                _ebss = .
                0x20070a24                _ezero = .

.stack          0x20070a24     0x2004 load address 0x000845fc
                0x20070a28                . = ALIGN (0x8)
 *fill*         0x20070a24        0x4 00
                0x20070a28                _sstack = .
                0x20072a28                . = (. + __stack_size__)
 *fill*         0x20070a28     0x2000 00
                0x20072a28                . = ALIGN (0x8)
                0x20072a28                _estack = .
                0x20072a28                . = ALIGN (0x4)
                0x20072a28                _end = .
OUTPUT(Project.elf elf32-littlearm)

.ARM.attributes
                0x00000000       0x29
 .ARM.attributes
                0x00000000       0x1d d:/programs/atmel toolchain/arm gcc/native/4.7.3.99/arm-gnu-toolchain/bin/../lib/gcc/arm-none-eabi/4.7.3/armv7-m/crti.o
 .ARM.attributes
                0x0000001d       0x2d d:/programs/atmel toolchain/arm gcc/native/4.7.3.99/arm-gnu-toolchain/bin/../lib/gcc/arm-none-eabi/4.7.3/armv7-m/crtbegin.o
 .ARM.attributes
                0x0000004a       0x33 src/ASF/common/services/clock/sam3x/sysclk.o
 .ARM.attributes
                0x0000007d       0x33 src/ASF/common/utils/stdio/read.o
 .ARM.attributes
                0x000000b0       0x33 src/ASF/common/utils/stdio/write.o
 .ARM.attributes
                0x000000e3       0x33 src/ASF/sam/boards/arduino_due_x/init.o
 .ARM.attributes
                0x00000116       0x33 src/ASF/sam/drivers/pio/pio.o
 .ARM.attributes
                0x00000149       0x33 src/ASF/sam/drivers/pio/pio_handler.o
 .ARM.attributes
                0x0000017c       0x33 src/ASF/sam/drivers/pmc/pmc.o
 .ARM.attributes
                0x000001af       0x33 src/ASF/sam/drivers/uart/uart.o
 .ARM.attributes
                0x000001e2       0x33 src/ASF/sam/drivers/usart/usart.o
 .ARM.attributes
                0x00000215       0x33 src/ASF/sam/utils/cmsis/sam3x/source/templates/exceptions.o
 .ARM.attributes
                0x00000248       0x33 src/ASF/sam/utils/cmsis/sam3x/source/templates/gcc/startup_sam3x.o
 .ARM.attributes
                0x0000027b       0x33 src/ASF/sam/utils/cmsis/sam3x/source/templates/system_sam3x.o
 .ARM.attributes
                0x000002ae       0x33 src/ASF/sam/utils/syscalls/gcc/syscalls.o
 .ARM.attributes
                0x000002e1       0x33 src/ASF/thirdparty/freertos/freertos-7.3.0/source/list.o
 .ARM.attributes
                0x00000314       0x33 src/ASF/thirdparty/freertos/freertos-7.3.0/source/portable/gcc/arm_cm3/port.o
 .ARM.attributes
                0x00000347       0x33 src/ASF/thirdparty/freertos/freertos-7.3.0/source/tasks.o
 .ARM.attributes
                0x0000037a       0x33 src/ConsoleFunctions.o
 .ARM.attributes
                0x000003ad       0x33 src/main.o
 .ARM.attributes
                0x000003e0       0x2d d:/programs/atmel toolchain/arm gcc/native/4.7.3.99/arm-gnu-toolchain/bin/../lib/gcc/arm-none-eabi/4.7.3/../../../../arm-none-eabi/lib/armv7-m\libc.a(lib_a-atexit.o)
 .ARM.attributes
                0x0000040d       0x2d d:/programs/atmel toolchain/arm gcc/native/4.7.3.99/arm-gnu-toolchain/bin/../lib/gcc/arm-none-eabi/4.7.3/../../../../arm-none-eabi/lib/armv7-m\libc.a(lib_a-fini.o)
 .ARM.attributes
                0x0000043a       0x2d d:/programs/atmel toolchain/arm gcc/native/4.7.3.99/arm-gnu-toolchain/bin/../lib/gcc/arm-none-eabi/4.7.3/../../../../arm-none-eabi/lib/armv7-m\libc.a(lib_a-impure.o)
 .ARM.attributes
                0x00000467       0x2d d:/programs/atmel toolchain/arm gcc/native/4.7.3.99/arm-gnu-toolchain/bin/../lib/gcc/arm-none-eabi/4.7.3/../../../../arm-none-eabi/lib/armv7-m\libc.a(lib_a-init.o)
 .ARM.attributes
                0x00000494       0x2d d:/programs/atmel toolchain/arm gcc/native/4.7.3.99/arm-gnu-toolchain/bin/../lib/gcc/arm-none-eabi/4.7.3/../../../../arm-none-eabi/lib/armv7-m\libc.a(lib_a-iprintf.o)
 .ARM.attributes
                0x000004c1       0x2d d:/programs/atmel toolchain/arm gcc/native/4.7.3.99/arm-gnu-toolchain/bin/../lib/gcc/arm-none-eabi/4.7.3/../../../../arm-none-eabi/lib/armv7-m\libc.a(lib_a-memcpy.o)
 .ARM.attributes
                0x000004ee       0x2d d:/programs/atmel toolchain/arm gcc/native/4.7.3.99/arm-gnu-toolchain/bin/../lib/gcc/arm-none-eabi/4.7.3/../../../../arm-none-eabi/lib/armv7-m\libc.a(lib_a-memset.o)
 .ARM.attributes
                0x0000051b       0x2d d:/programs/atmel toolchain/arm gcc/native/4.7.3.99/arm-gnu-toolchain/bin/../lib/gcc/arm-none-eabi/4.7.3/../../../../arm-none-eabi/lib/armv7-m\libc.a(lib_a-setbuf.o)
 .ARM.attributes
                0x00000548       0x2d d:/programs/atmel toolchain/arm gcc/native/4.7.3.99/arm-gnu-toolchain/bin/../lib/gcc/arm-none-eabi/4.7.3/../../../../arm-none-eabi/lib/armv7-m\libc.a(lib_a-setvbuf.o)
 .ARM.attributes
                0x00000575       0x2d d:/programs/atmel toolchain/arm gcc/native/4.7.3.99/arm-gnu-toolchain/bin/../lib/gcc/arm-none-eabi/4.7.3/../../../../arm-none-eabi/lib/armv7-m\libc.a(lib_a-strlen.o)
 .ARM.attributes
                0x000005a2       0x2d d:/programs/atmel toolchain/arm gcc/native/4.7.3.99/arm-gnu-toolchain/bin/../lib/gcc/arm-none-eabi/4.7.3/../../../../arm-none-eabi/lib/armv7-m\libc.a(lib_a-vfiprintf.o)
 .ARM.attributes
                0x000005cf       0x2d d:/programs/atmel toolchain/arm gcc/native/4.7.3.99/arm-gnu-toolchain/bin/../lib/gcc/arm-none-eabi/4.7.3/../../../../arm-none-eabi/lib/armv7-m\libc.a(lib_a-wsetup.o)
 .ARM.attributes
                0x000005fc       0x2d d:/programs/atmel toolchain/arm gcc/native/4.7.3.99/arm-gnu-toolchain/bin/../lib/gcc/arm-none-eabi/4.7.3/../../../../arm-none-eabi/lib/armv7-m\libc.a(lib_a-__atexit.o)
 .ARM.attributes
                0x00000629       0x2d d:/programs/atmel toolchain/arm gcc/native/4.7.3.99/arm-gnu-toolchain/bin/../lib/gcc/arm-none-eabi/4.7.3/../../../../arm-none-eabi/lib/armv7-m\libc.a(lib_a-__call_atexit.o)
 .ARM.attributes
                0x00000656       0x2d d:/programs/atmel toolchain/arm gcc/native/4.7.3.99/arm-gnu-toolchain/bin/../lib/gcc/arm-none-eabi/4.7.3/../../../../arm-none-eabi/lib/armv7-m\libc.a(lib_a-fflush.o)
 .ARM.attributes
                0x00000683       0x2d d:/programs/atmel toolchain/arm gcc/native/4.7.3.99/arm-gnu-toolchain/bin/../lib/gcc/arm-none-eabi/4.7.3/../../../../arm-none-eabi/lib/armv7-m\libc.a(lib_a-findfp.o)
 .ARM.attributes
                0x000006b0       0x2d d:/programs/atmel toolchain/arm gcc/native/4.7.3.99/arm-gnu-toolchain/bin/../lib/gcc/arm-none-eabi/4.7.3/../../../../arm-none-eabi/lib/armv7-m\libc.a(lib_a-fputwc.o)
 .ARM.attributes
                0x000006dd       0x2d d:/programs/atmel toolchain/arm gcc/native/4.7.3.99/arm-gnu-toolchain/bin/../lib/gcc/arm-none-eabi/4.7.3/../../../../arm-none-eabi/lib/armv7-m\libc.a(lib_a-freer.o)
 .ARM.attributes
                0x0000070a       0x2d d:/programs/atmel toolchain/arm gcc/native/4.7.3.99/arm-gnu-toolchain/bin/../lib/gcc/arm-none-eabi/4.7.3/../../../../arm-none-eabi/lib/armv7-m\libc.a(lib_a-fvwrite.o)
 .ARM.attributes
                0x00000737       0x2d d:/programs/atmel toolchain/arm gcc/native/4.7.3.99/arm-gnu-toolchain/bin/../lib/gcc/arm-none-eabi/4.7.3/../../../../arm-none-eabi/lib/armv7-m\libc.a(lib_a-fwalk.o)
 .ARM.attributes
                0x00000764       0x2d d:/programs/atmel toolchain/arm gcc/native/4.7.3.99/arm-gnu-toolchain/bin/../lib/gcc/arm-none-eabi/4.7.3/../../../../arm-none-eabi/lib/armv7-m\libc.a(lib_a-locale.o)
 .ARM.attributes
                0x00000791       0x2d d:/programs/atmel toolchain/arm gcc/native/4.7.3.99/arm-gnu-toolchain/bin/../lib/gcc/arm-none-eabi/4.7.3/../../../../arm-none-eabi/lib/armv7-m\libc.a(lib_a-makebuf.o)
 .ARM.attributes
                0x000007be       0x2d d:/programs/atmel toolchain/arm gcc/native/4.7.3.99/arm-gnu-toolchain/bin/../lib/gcc/arm-none-eabi/4.7.3/../../../../arm-none-eabi/lib/armv7-m\libc.a(lib_a-malloc.o)
 .ARM.attributes
                0x000007eb       0x2d d:/programs/atmel toolchain/arm gcc/native/4.7.3.99/arm-gnu-toolchain/bin/../lib/gcc/arm-none-eabi/4.7.3/../../../../arm-none-eabi/lib/armv7-m\libc.a(lib_a-mallocr.o)
 .ARM.attributes
                0x00000818       0x2d d:/programs/atmel toolchain/arm gcc/native/4.7.3.99/arm-gnu-toolchain/bin/../lib/gcc/arm-none-eabi/4.7.3/../../../../arm-none-eabi/lib/armv7-m\libc.a(lib_a-memchr.o)
 .ARM.attributes
                0x00000845       0x2d d:/programs/atmel toolchain/arm gcc/native/4.7.3.99/arm-gnu-toolchain/bin/../lib/gcc/arm-none-eabi/4.7.3/../../../../arm-none-eabi/lib/armv7-m\libc.a(lib_a-memmove.o)
 .ARM.attributes
                0x00000872       0x2d d:/programs/atmel toolchain/arm gcc/native/4.7.3.99/arm-gnu-toolchain/bin/../lib/gcc/arm-none-eabi/4.7.3/../../../../arm-none-eabi/lib/armv7-m\libc.a(lib_a-mlock.o)
 .ARM.attributes
                0x0000089f       0x2d d:/programs/atmel toolchain/arm gcc/native/4.7.3.99/arm-gnu-toolchain/bin/../lib/gcc/arm-none-eabi/4.7.3/../../../../arm-none-eabi/lib/armv7-m\libc.a(lib_a-reallocr.o)
 .ARM.attributes
                0x000008cc       0x2d d:/programs/atmel toolchain/arm gcc/native/4.7.3.99/arm-gnu-toolchain/bin/../lib/gcc/arm-none-eabi/4.7.3/../../../../arm-none-eabi/lib/armv7-m\libc.a(lib_a-sbrkr.o)
 .ARM.attributes
                0x000008f9       0x2d d:/programs/atmel toolchain/arm gcc/native/4.7.3.99/arm-gnu-toolchain/bin/../lib/gcc/arm-none-eabi/4.7.3/../../../../arm-none-eabi/lib/armv7-m\libc.a(lib_a-stdio.o)
 .ARM.attributes
                0x00000926       0x2d d:/programs/atmel toolchain/arm gcc/native/4.7.3.99/arm-gnu-toolchain/bin/../lib/gcc/arm-none-eabi/4.7.3/../../../../arm-none-eabi/lib/armv7-m\libc.a(lib_a-strcmp.o)
 .ARM.attributes
                0x00000953       0x2d d:/programs/atmel toolchain/arm gcc/native/4.7.3.99/arm-gnu-toolchain/bin/../lib/gcc/arm-none-eabi/4.7.3/../../../../arm-none-eabi/lib/armv7-m\libc.a(lib_a-wbuf.o)
 .ARM.attributes
                0x00000980       0x2d d:/programs/atmel toolchain/arm gcc/native/4.7.3.99/arm-gnu-toolchain/bin/../lib/gcc/arm-none-eabi/4.7.3/../../../../arm-none-eabi/lib/armv7-m\libc.a(lib_a-wcrtomb.o)
 .ARM.attributes
                0x000009ad       0x2d d:/programs/atmel toolchain/arm gcc/native/4.7.3.99/arm-gnu-toolchain/bin/../lib/gcc/arm-none-eabi/4.7.3/../../../../arm-none-eabi/lib/armv7-m\libc.a(lib_a-wctomb_r.o)
 .ARM.attributes
                0x000009da       0x2d d:/programs/atmel toolchain/arm gcc/native/4.7.3.99/arm-gnu-toolchain/bin/../lib/gcc/arm-none-eabi/4.7.3/../../../../arm-none-eabi/lib/armv7-m\libc.a(lib_a-writer.o)
 .ARM.attributes
                0x00000a07       0x2d d:/programs/atmel toolchain/arm gcc/native/4.7.3.99/arm-gnu-toolchain/bin/../lib/gcc/arm-none-eabi/4.7.3/../../../../arm-none-eabi/lib/armv7-m\libc.a(lib_a-closer.o)
 .ARM.attributes
                0x00000a34       0x2d d:/programs/atmel toolchain/arm gcc/native/4.7.3.99/arm-gnu-toolchain/bin/../lib/gcc/arm-none-eabi/4.7.3/../../../../arm-none-eabi/lib/armv7-m\libc.a(lib_a-fclose.o)
 .ARM.attributes
                0x00000a61       0x2d d:/programs/atmel toolchain/arm gcc/native/4.7.3.99/arm-gnu-toolchain/bin/../lib/gcc/arm-none-eabi/4.7.3/../../../../arm-none-eabi/lib/armv7-m\libc.a(lib_a-fstatr.o)
 .ARM.attributes
                0x00000a8e       0x2d d:/programs/atmel toolchain/arm gcc/native/4.7.3.99/arm-gnu-toolchain/bin/../lib/gcc/arm-none-eabi/4.7.3/../../../../arm-none-eabi/lib/armv7-m\libc.a(lib_a-isattyr.o)
 .ARM.attributes
                0x00000abb       0x2d d:/programs/atmel toolchain/arm gcc/native/4.7.3.99/arm-gnu-toolchain/bin/../lib/gcc/arm-none-eabi/4.7.3/../../../../arm-none-eabi/lib/armv7-m\libc.a(lib_a-lseekr.o)
 .ARM.attributes
                0x00000ae8       0x2d d:/programs/atmel toolchain/arm gcc/native/4.7.3.99/arm-gnu-toolchain/bin/../lib/gcc/arm-none-eabi/4.7.3/../../../../arm-none-eabi/lib/armv7-m\libc.a(lib_a-readr.o)
 .ARM.attributes
                0x00000b15       0x2d d:/programs/atmel toolchain/arm gcc/native/4.7.3.99/arm-gnu-toolchain/bin/../lib/gcc/arm-none-eabi/4.7.3/../../../../arm-none-eabi/lib/armv7-m\libc.a(lib_a-reent.o)
 .ARM.attributes
                0x00000b42       0x1d d:/programs/atmel toolchain/arm gcc/native/4.7.3.99/arm-gnu-toolchain/bin/../lib/gcc/arm-none-eabi/4.7.3/armv7-m\libgcc.a(_aeabi_uldivmod.o)
 .ARM.attributes
                0x00000b5f       0x2d d:/programs/atmel toolchain/arm gcc/native/4.7.3.99/arm-gnu-toolchain/bin/../lib/gcc/arm-none-eabi/4.7.3/armv7-m\libgcc.a(bpabi.o)
 .ARM.attributes
                0x00000b8c       0x1d d:/programs/atmel toolchain/arm gcc/native/4.7.3.99/arm-gnu-toolchain/bin/../lib/gcc/arm-none-eabi/4.7.3/armv7-m\libgcc.a(_dvmd_tls.o)
 .ARM.attributes
                0x00000ba9       0x2d d:/programs/atmel toolchain/arm gcc/native/4.7.3.99/arm-gnu-toolchain/bin/../lib/gcc/arm-none-eabi/4.7.3/armv7-m\libgcc.a(_divdi3.o)
 .ARM.attributes
                0x00000bd6       0x2d d:/programs/atmel toolchain/arm gcc/native/4.7.3.99/arm-gnu-toolchain/bin/../lib/gcc/arm-none-eabi/4.7.3/armv7-m\libgcc.a(_udivdi3.o)
 .ARM.attributes
                0x00000c03       0x2d d:/programs/atmel toolchain/arm gcc/native/4.7.3.99/arm-gnu-toolchain/bin/../lib/gcc/arm-none-eabi/4.7.3/armv7-m/crtend.o
 .ARM.attributes
                0x00000c30       0x1d d:/programs/atmel toolchain/arm gcc/native/4.7.3.99/arm-gnu-toolchain/bin/../lib/gcc/arm-none-eabi/4.7.3/armv7-m/crtn.o

.comment        0x00000000       0x70
 .comment       0x00000000       0x70 d:/programs/atmel toolchain/arm gcc/native/4.7.3.99/arm-gnu-toolchain/bin/../lib/gcc/arm-none-eabi/4.7.3/armv7-m/crtbegin.o
                                 0x71 (size before relaxing)
 .comment       0x00000000       0x71 src/ASF/common/services/clock/sam3x/sysclk.o
 .comment       0x00000000       0x71 src/ASF/common/utils/stdio/read.o
 .comment       0x00000000       0x71 src/ASF/common/utils/stdio/write.o
 .comment       0x00000000       0x71 src/ASF/sam/boards/arduino_due_x/init.o
 .comment       0x00000000       0x71 src/ASF/sam/drivers/pio/pio.o
 .comment       0x00000000       0x71 src/ASF/sam/drivers/pio/pio_handler.o
 .comment       0x00000000       0x71 src/ASF/sam/drivers/pmc/pmc.o
 .comment       0x00000000       0x71 src/ASF/sam/drivers/uart/uart.o
 .comment       0x00000000       0x71 src/ASF/sam/drivers/usart/usart.o
 .comment       0x00000000       0x71 src/ASF/sam/utils/cmsis/sam3x/source/templates/exceptions.o
 .comment       0x00000000       0x71 src/ASF/sam/utils/cmsis/sam3x/source/templates/gcc/startup_sam3x.o
 .comment       0x00000000       0x71 src/ASF/sam/utils/cmsis/sam3x/source/templates/system_sam3x.o
 .comment       0x00000000       0x71 src/ASF/sam/utils/syscalls/gcc/syscalls.o
 .comment       0x00000000       0x71 src/ASF/thirdparty/freertos/freertos-7.3.0/source/list.o
 .comment       0x00000000       0x71 src/ASF/thirdparty/freertos/freertos-7.3.0/source/portable/gcc/arm_cm3/port.o
 .comment       0x00000000       0x71 src/ASF/thirdparty/freertos/freertos-7.3.0/source/tasks.o
 .comment       0x00000000       0x71 src/ConsoleFunctions.o
 .comment       0x00000000       0x71 src/main.o
 .comment       0x00000000       0x71 d:/programs/atmel toolchain/arm gcc/native/4.7.3.99/arm-gnu-toolchain/bin/../lib/gcc/arm-none-eabi/4.7.3/../../../../arm-none-eabi/lib/armv7-m\libc.a(lib_a-atexit.o)
 .comment       0x00000000       0x71 d:/programs/atmel toolchain/arm gcc/native/4.7.3.99/arm-gnu-toolchain/bin/../lib/gcc/arm-none-eabi/4.7.3/../../../../arm-none-eabi/lib/armv7-m\libc.a(lib_a-fini.o)
 .comment       0x00000000       0x71 d:/programs/atmel toolchain/arm gcc/native/4.7.3.99/arm-gnu-toolchain/bin/../lib/gcc/arm-none-eabi/4.7.3/../../../../arm-none-eabi/lib/armv7-m\libc.a(lib_a-impure.o)
 .comment       0x00000000       0x71 d:/programs/atmel toolchain/arm gcc/native/4.7.3.99/arm-gnu-toolchain/bin/../lib/gcc/arm-none-eabi/4.7.3/../../../../arm-none-eabi/lib/armv7-m\libc.a(lib_a-init.o)
 .comment       0x00000000       0x71 d:/programs/atmel toolchain/arm gcc/native/4.7.3.99/arm-gnu-toolchain/bin/../lib/gcc/arm-none-eabi/4.7.3/../../../../arm-none-eabi/lib/armv7-m\libc.a(lib_a-iprintf.o)
 .comment       0x00000000       0x71 d:/programs/atmel toolchain/arm gcc/native/4.7.3.99/arm-gnu-toolchain/bin/../lib/gcc/arm-none-eabi/4.7.3/../../../../arm-none-eabi/lib/armv7-m\libc.a(lib_a-memcpy.o)
 .comment       0x00000000       0x71 d:/programs/atmel toolchain/arm gcc/native/4.7.3.99/arm-gnu-toolchain/bin/../lib/gcc/arm-none-eabi/4.7.3/../../../../arm-none-eabi/lib/armv7-m\libc.a(lib_a-memset.o)
 .comment       0x00000000       0x71 d:/programs/atmel toolchain/arm gcc/native/4.7.3.99/arm-gnu-toolchain/bin/../lib/gcc/arm-none-eabi/4.7.3/../../../../arm-none-eabi/lib/armv7-m\libc.a(lib_a-setbuf.o)
 .comment       0x00000000       0x71 d:/programs/atmel toolchain/arm gcc/native/4.7.3.99/arm-gnu-toolchain/bin/../lib/gcc/arm-none-eabi/4.7.3/../../../../arm-none-eabi/lib/armv7-m\libc.a(lib_a-setvbuf.o)
 .comment       0x00000000       0x71 d:/programs/atmel toolchain/arm gcc/native/4.7.3.99/arm-gnu-toolchain/bin/../lib/gcc/arm-none-eabi/4.7.3/../../../../arm-none-eabi/lib/armv7-m\libc.a(lib_a-strlen.o)
 .comment       0x00000000       0x71 d:/programs/atmel toolchain/arm gcc/native/4.7.3.99/arm-gnu-toolchain/bin/../lib/gcc/arm-none-eabi/4.7.3/../../../../arm-none-eabi/lib/armv7-m\libc.a(lib_a-vfiprintf.o)
 .comment       0x00000000       0x71 d:/programs/atmel toolchain/arm gcc/native/4.7.3.99/arm-gnu-toolchain/bin/../lib/gcc/arm-none-eabi/4.7.3/../../../../arm-none-eabi/lib/armv7-m\libc.a(lib_a-wsetup.o)
 .comment       0x00000000       0x71 d:/programs/atmel toolchain/arm gcc/native/4.7.3.99/arm-gnu-toolchain/bin/../lib/gcc/arm-none-eabi/4.7.3/../../../../arm-none-eabi/lib/armv7-m\libc.a(lib_a-__atexit.o)
 .comment       0x00000000       0x71 d:/programs/atmel toolchain/arm gcc/native/4.7.3.99/arm-gnu-toolchain/bin/../lib/gcc/arm-none-eabi/4.7.3/../../../../arm-none-eabi/lib/armv7-m\libc.a(lib_a-__call_atexit.o)
 .comment       0x00000000       0x71 d:/programs/atmel toolchain/arm gcc/native/4.7.3.99/arm-gnu-toolchain/bin/../lib/gcc/arm-none-eabi/4.7.3/../../../../arm-none-eabi/lib/armv7-m\libc.a(lib_a-fflush.o)
 .comment       0x00000000       0x71 d:/programs/atmel toolchain/arm gcc/native/4.7.3.99/arm-gnu-toolchain/bin/../lib/gcc/arm-none-eabi/4.7.3/../../../../arm-none-eabi/lib/armv7-m\libc.a(lib_a-findfp.o)
 .comment       0x00000000       0x71 d:/programs/atmel toolchain/arm gcc/native/4.7.3.99/arm-gnu-toolchain/bin/../lib/gcc/arm-none-eabi/4.7.3/../../../../arm-none-eabi/lib/armv7-m\libc.a(lib_a-fputwc.o)
 .comment       0x00000000       0x71 d:/programs/atmel toolchain/arm gcc/native/4.7.3.99/arm-gnu-toolchain/bin/../lib/gcc/arm-none-eabi/4.7.3/../../../../arm-none-eabi/lib/armv7-m\libc.a(lib_a-freer.o)
 .comment       0x00000000       0x71 d:/programs/atmel toolchain/arm gcc/native/4.7.3.99/arm-gnu-toolchain/bin/../lib/gcc/arm-none-eabi/4.7.3/../../../../arm-none-eabi/lib/armv7-m\libc.a(lib_a-fvwrite.o)
 .comment       0x00000000       0x71 d:/programs/atmel toolchain/arm gcc/native/4.7.3.99/arm-gnu-toolchain/bin/../lib/gcc/arm-none-eabi/4.7.3/../../../../arm-none-eabi/lib/armv7-m\libc.a(lib_a-fwalk.o)
 .comment       0x00000000       0x71 d:/programs/atmel toolchain/arm gcc/native/4.7.3.99/arm-gnu-toolchain/bin/../lib/gcc/arm-none-eabi/4.7.3/../../../../arm-none-eabi/lib/armv7-m\libc.a(lib_a-locale.o)
 .comment       0x00000000       0x71 d:/programs/atmel toolchain/arm gcc/native/4.7.3.99/arm-gnu-toolchain/bin/../lib/gcc/arm-none-eabi/4.7.3/../../../../arm-none-eabi/lib/armv7-m\libc.a(lib_a-makebuf.o)
 .comment       0x00000000       0x71 d:/programs/atmel toolchain/arm gcc/native/4.7.3.99/arm-gnu-toolchain/bin/../lib/gcc/arm-none-eabi/4.7.3/../../../../arm-none-eabi/lib/armv7-m\libc.a(lib_a-malloc.o)
 .comment       0x00000000       0x71 d:/programs/atmel toolchain/arm gcc/native/4.7.3.99/arm-gnu-toolchain/bin/../lib/gcc/arm-none-eabi/4.7.3/../../../../arm-none-eabi/lib/armv7-m\libc.a(lib_a-mallocr.o)
 .comment       0x00000000       0x71 d:/programs/atmel toolchain/arm gcc/native/4.7.3.99/arm-gnu-toolchain/bin/../lib/gcc/arm-none-eabi/4.7.3/../../../../arm-none-eabi/lib/armv7-m\libc.a(lib_a-memchr.o)
 .comment       0x00000000       0x71 d:/programs/atmel toolchain/arm gcc/native/4.7.3.99/arm-gnu-toolchain/bin/../lib/gcc/arm-none-eabi/4.7.3/../../../../arm-none-eabi/lib/armv7-m\libc.a(lib_a-memmove.o)
 .comment       0x00000000       0x71 d:/programs/atmel toolchain/arm gcc/native/4.7.3.99/arm-gnu-toolchain/bin/../lib/gcc/arm-none-eabi/4.7.3/../../../../arm-none-eabi/lib/armv7-m\libc.a(lib_a-mlock.o)
 .comment       0x00000000       0x71 d:/programs/atmel toolchain/arm gcc/native/4.7.3.99/arm-gnu-toolchain/bin/../lib/gcc/arm-none-eabi/4.7.3/../../../../arm-none-eabi/lib/armv7-m\libc.a(lib_a-reallocr.o)
 .comment       0x00000000       0x71 d:/programs/atmel toolchain/arm gcc/native/4.7.3.99/arm-gnu-toolchain/bin/../lib/gcc/arm-none-eabi/4.7.3/../../../../arm-none-eabi/lib/armv7-m\libc.a(lib_a-sbrkr.o)
 .comment       0x00000000       0x71 d:/programs/atmel toolchain/arm gcc/native/4.7.3.99/arm-gnu-toolchain/bin/../lib/gcc/arm-none-eabi/4.7.3/../../../../arm-none-eabi/lib/armv7-m\libc.a(lib_a-stdio.o)
 .comment       0x00000000       0x71 d:/programs/atmel toolchain/arm gcc/native/4.7.3.99/arm-gnu-toolchain/bin/../lib/gcc/arm-none-eabi/4.7.3/../../../../arm-none-eabi/lib/armv7-m\libc.a(lib_a-strcmp.o)
 .comment       0x00000000       0x71 d:/programs/atmel toolchain/arm gcc/native/4.7.3.99/arm-gnu-toolchain/bin/../lib/gcc/arm-none-eabi/4.7.3/../../../../arm-none-eabi/lib/armv7-m\libc.a(lib_a-wbuf.o)
 .comment       0x00000000       0x71 d:/programs/atmel toolchain/arm gcc/native/4.7.3.99/arm-gnu-toolchain/bin/../lib/gcc/arm-none-eabi/4.7.3/../../../../arm-none-eabi/lib/armv7-m\libc.a(lib_a-wcrtomb.o)
 .comment       0x00000000       0x71 d:/programs/atmel toolchain/arm gcc/native/4.7.3.99/arm-gnu-toolchain/bin/../lib/gcc/arm-none-eabi/4.7.3/../../../../arm-none-eabi/lib/armv7-m\libc.a(lib_a-wctomb_r.o)
 .comment       0x00000000       0x71 d:/programs/atmel toolchain/arm gcc/native/4.7.3.99/arm-gnu-toolchain/bin/../lib/gcc/arm-none-eabi/4.7.3/../../../../arm-none-eabi/lib/armv7-m\libc.a(lib_a-writer.o)
 .comment       0x00000000       0x71 d:/programs/atmel toolchain/arm gcc/native/4.7.3.99/arm-gnu-toolchain/bin/../lib/gcc/arm-none-eabi/4.7.3/../../../../arm-none-eabi/lib/armv7-m\libc.a(lib_a-closer.o)
 .comment       0x00000000       0x71 d:/programs/atmel toolchain/arm gcc/native/4.7.3.99/arm-gnu-toolchain/bin/../lib/gcc/arm-none-eabi/4.7.3/../../../../arm-none-eabi/lib/armv7-m\libc.a(lib_a-fclose.o)
 .comment       0x00000000       0x71 d:/programs/atmel toolchain/arm gcc/native/4.7.3.99/arm-gnu-toolchain/bin/../lib/gcc/arm-none-eabi/4.7.3/../../../../arm-none-eabi/lib/armv7-m\libc.a(lib_a-fstatr.o)
 .comment       0x00000000       0x71 d:/programs/atmel toolchain/arm gcc/native/4.7.3.99/arm-gnu-toolchain/bin/../lib/gcc/arm-none-eabi/4.7.3/../../../../arm-none-eabi/lib/armv7-m\libc.a(lib_a-isattyr.o)
 .comment       0x00000000       0x71 d:/programs/atmel toolchain/arm gcc/native/4.7.3.99/arm-gnu-toolchain/bin/../lib/gcc/arm-none-eabi/4.7.3/../../../../arm-none-eabi/lib/armv7-m\libc.a(lib_a-lseekr.o)
 .comment       0x00000000       0x71 d:/programs/atmel toolchain/arm gcc/native/4.7.3.99/arm-gnu-toolchain/bin/../lib/gcc/arm-none-eabi/4.7.3/../../../../arm-none-eabi/lib/armv7-m\libc.a(lib_a-readr.o)
 .comment       0x00000000       0x71 d:/programs/atmel toolchain/arm gcc/native/4.7.3.99/arm-gnu-toolchain/bin/../lib/gcc/arm-none-eabi/4.7.3/../../../../arm-none-eabi/lib/armv7-m\libc.a(lib_a-reent.o)
 .comment       0x00000000       0x71 d:/programs/atmel toolchain/arm gcc/native/4.7.3.99/arm-gnu-toolchain/bin/../lib/gcc/arm-none-eabi/4.7.3/armv7-m\libgcc.a(bpabi.o)
 .comment       0x00000000       0x71 d:/programs/atmel toolchain/arm gcc/native/4.7.3.99/arm-gnu-toolchain/bin/../lib/gcc/arm-none-eabi/4.7.3/armv7-m\libgcc.a(_divdi3.o)
 .comment       0x00000000       0x71 d:/programs/atmel toolchain/arm gcc/native/4.7.3.99/arm-gnu-toolchain/bin/../lib/gcc/arm-none-eabi/4.7.3/armv7-m\libgcc.a(_udivdi3.o)
 .comment       0x00000000       0x71 d:/programs/atmel toolchain/arm gcc/native/4.7.3.99/arm-gnu-toolchain/bin/../lib/gcc/arm-none-eabi/4.7.3/armv7-m/crtend.o

.debug_info     0x00000000    0x23847
 .debug_info    0x00000000      0x72c src/ASF/common/services/clock/sam3x/sysclk.o
 .debug_info    0x0000072c      0x1a6 src/ASF/common/utils/stdio/read.o
 .debug_info    0x000008d2      0x178 src/ASF/common/utils/stdio/write.o
 .debug_info    0x00000a4a      0x707 src/ASF/sam/boards/arduino_due_x/init.o
 .debug_info    0x00001151     0x1189 src/ASF/sam/drivers/pio/pio.o
 .debug_info    0x000022da      0xda6 src/ASF/sam/drivers/pio/pio_handler.o
 .debug_info    0x00003080      0xff9 src/ASF/sam/drivers/pmc/pmc.o
 .debug_info    0x00004079      0x7e0 src/ASF/sam/drivers/uart/uart.o
 .debug_info    0x00004859     0x1b04 src/ASF/sam/drivers/usart/usart.o
 .debug_info    0x0000635d       0xae src/ASF/sam/utils/cmsis/sam3x/source/templates/exceptions.o
 .debug_info    0x0000640b      0x344 src/ASF/sam/utils/cmsis/sam3x/source/templates/gcc/startup_sam3x.o
 .debug_info    0x0000674f      0x462 src/ASF/sam/utils/cmsis/sam3x/source/templates/system_sam3x.o
 .debug_info    0x00006bb1      0x427 src/ASF/sam/utils/syscalls/gcc/syscalls.o
 .debug_info    0x00006fd8      0x2b7 src/ASF/thirdparty/freertos/freertos-7.3.0/source/list.o
 .debug_info    0x0000728f      0x365 src/ASF/thirdparty/freertos/freertos-7.3.0/source/portable/gcc/arm_cm3/port.o
 .debug_info    0x000075f4     0x1887 src/ASF/thirdparty/freertos/freertos-7.3.0/source/tasks.o
 .debug_info    0x00008e7b     0x125e src/ConsoleFunctions.o
 .debug_info    0x0000a0d9      0xa2b src/main.o
 .debug_info    0x0000ab04      0x10f d:/programs/atmel toolchain/arm gcc/native/4.7.3.99/arm-gnu-toolchain/bin/../lib/gcc/arm-none-eabi/4.7.3/../../../../arm-none-eabi/lib/armv7-m\libc.a(lib_a-atexit.o)
 .debug_info    0x0000ac13       0xf7 d:/programs/atmel toolchain/arm gcc/native/4.7.3.99/arm-gnu-toolchain/bin/../lib/gcc/arm-none-eabi/4.7.3/../../../../arm-none-eabi/lib/armv7-m\libc.a(lib_a-fini.o)
 .debug_info    0x0000ad0a      0x961 d:/programs/atmel toolchain/arm gcc/native/4.7.3.99/arm-gnu-toolchain/bin/../lib/gcc/arm-none-eabi/4.7.3/../../../../arm-none-eabi/lib/armv7-m\libc.a(lib_a-impure.o)
 .debug_info    0x0000b66b      0x110 d:/programs/atmel toolchain/arm gcc/native/4.7.3.99/arm-gnu-toolchain/bin/../lib/gcc/arm-none-eabi/4.7.3/../../../../arm-none-eabi/lib/armv7-m\libc.a(lib_a-init.o)
 .debug_info    0x0000b77b      0xa8d d:/programs/atmel toolchain/arm gcc/native/4.7.3.99/arm-gnu-toolchain/bin/../lib/gcc/arm-none-eabi/4.7.3/../../../../arm-none-eabi/lib/armv7-m\libc.a(lib_a-iprintf.o)
 .debug_info    0x0000c208      0x103 d:/programs/atmel toolchain/arm gcc/native/4.7.3.99/arm-gnu-toolchain/bin/../lib/gcc/arm-none-eabi/4.7.3/../../../../arm-none-eabi/lib/armv7-m\libc.a(lib_a-memcpy.o)
 .debug_info    0x0000c30b       0xd3 d:/programs/atmel toolchain/arm gcc/native/4.7.3.99/arm-gnu-toolchain/bin/../lib/gcc/arm-none-eabi/4.7.3/../../../../arm-none-eabi/lib/armv7-m\libc.a(lib_a-memset.o)
 .debug_info    0x0000c3de      0x9d7 d:/programs/atmel toolchain/arm gcc/native/4.7.3.99/arm-gnu-toolchain/bin/../lib/gcc/arm-none-eabi/4.7.3/../../../../arm-none-eabi/lib/armv7-m\libc.a(lib_a-setbuf.o)
 .debug_info    0x0000cdb5      0xa79 d:/programs/atmel toolchain/arm gcc/native/4.7.3.99/arm-gnu-toolchain/bin/../lib/gcc/arm-none-eabi/4.7.3/../../../../arm-none-eabi/lib/armv7-m\libc.a(lib_a-setvbuf.o)
 .debug_info    0x0000d82e       0xcd d:/programs/atmel toolchain/arm gcc/native/4.7.3.99/arm-gnu-toolchain/bin/../lib/gcc/arm-none-eabi/4.7.3/../../../../arm-none-eabi/lib/armv7-m\libc.a(lib_a-strlen.o)
 .debug_info    0x0000d8fb     0x12ac d:/programs/atmel toolchain/arm gcc/native/4.7.3.99/arm-gnu-toolchain/bin/../lib/gcc/arm-none-eabi/4.7.3/../../../../arm-none-eabi/lib/armv7-m\libc.a(lib_a-vfiprintf.o)
 .debug_info    0x0000eba7      0xa01 d:/programs/atmel toolchain/arm gcc/native/4.7.3.99/arm-gnu-toolchain/bin/../lib/gcc/arm-none-eabi/4.7.3/../../../../arm-none-eabi/lib/armv7-m\libc.a(lib_a-wsetup.o)
 .debug_info    0x0000f5a8      0xa15 d:/programs/atmel toolchain/arm gcc/native/4.7.3.99/arm-gnu-toolchain/bin/../lib/gcc/arm-none-eabi/4.7.3/../../../../arm-none-eabi/lib/armv7-m\libc.a(lib_a-__atexit.o)
 .debug_info    0x0000ffbd      0xa7c d:/programs/atmel toolchain/arm gcc/native/4.7.3.99/arm-gnu-toolchain/bin/../lib/gcc/arm-none-eabi/4.7.3/../../../../arm-none-eabi/lib/armv7-m\libc.a(lib_a-__call_atexit.o)
 .debug_info    0x00010a39      0xb2b d:/programs/atmel toolchain/arm gcc/native/4.7.3.99/arm-gnu-toolchain/bin/../lib/gcc/arm-none-eabi/4.7.3/../../../../arm-none-eabi/lib/armv7-m\libc.a(lib_a-fflush.o)
 .debug_info    0x00011564      0xdbc d:/programs/atmel toolchain/arm gcc/native/4.7.3.99/arm-gnu-toolchain/bin/../lib/gcc/arm-none-eabi/4.7.3/../../../../arm-none-eabi/lib/armv7-m\libc.a(lib_a-findfp.o)
 .debug_info    0x00012320      0xb7b d:/programs/atmel toolchain/arm gcc/native/4.7.3.99/arm-gnu-toolchain/bin/../lib/gcc/arm-none-eabi/4.7.3/../../../../arm-none-eabi/lib/armv7-m\libc.a(lib_a-fputwc.o)
 .debug_info    0x00012e9b      0xd0f d:/programs/atmel toolchain/arm gcc/native/4.7.3.99/arm-gnu-toolchain/bin/../lib/gcc/arm-none-eabi/4.7.3/../../../../arm-none-eabi/lib/armv7-m\libc.a(lib_a-freer.o)
 .debug_info    0x00013baa      0xd8f d:/programs/atmel toolchain/arm gcc/native/4.7.3.99/arm-gnu-toolchain/bin/../lib/gcc/arm-none-eabi/4.7.3/../../../../arm-none-eabi/lib/armv7-m\libc.a(lib_a-fvwrite.o)
 .debug_info    0x00014939      0xb9d d:/programs/atmel toolchain/arm gcc/native/4.7.3.99/arm-gnu-toolchain/bin/../lib/gcc/arm-none-eabi/4.7.3/../../../../arm-none-eabi/lib/armv7-m\libc.a(lib_a-fwalk.o)
 .debug_info    0x000154d6      0xd0f d:/programs/atmel toolchain/arm gcc/native/4.7.3.99/arm-gnu-toolchain/bin/../lib/gcc/arm-none-eabi/4.7.3/../../../../arm-none-eabi/lib/armv7-m\libc.a(lib_a-locale.o)
 .debug_info    0x000161e5      0xbea d:/programs/atmel toolchain/arm gcc/native/4.7.3.99/arm-gnu-toolchain/bin/../lib/gcc/arm-none-eabi/4.7.3/../../../../arm-none-eabi/lib/armv7-m\libc.a(lib_a-makebuf.o)
 .debug_info    0x00016dcf      0x9f2 d:/programs/atmel toolchain/arm gcc/native/4.7.3.99/arm-gnu-toolchain/bin/../lib/gcc/arm-none-eabi/4.7.3/../../../../arm-none-eabi/lib/armv7-m\libc.a(lib_a-malloc.o)
 .debug_info    0x000177c1      0xe25 d:/programs/atmel toolchain/arm gcc/native/4.7.3.99/arm-gnu-toolchain/bin/../lib/gcc/arm-none-eabi/4.7.3/../../../../arm-none-eabi/lib/armv7-m\libc.a(lib_a-mallocr.o)
 .debug_info    0x000185e6       0xf9 d:/programs/atmel toolchain/arm gcc/native/4.7.3.99/arm-gnu-toolchain/bin/../lib/gcc/arm-none-eabi/4.7.3/../../../../arm-none-eabi/lib/armv7-m\libc.a(lib_a-memchr.o)
 .debug_info    0x000186df      0x103 d:/programs/atmel toolchain/arm gcc/native/4.7.3.99/arm-gnu-toolchain/bin/../lib/gcc/arm-none-eabi/4.7.3/../../../../arm-none-eabi/lib/armv7-m\libc.a(lib_a-memmove.o)
 .debug_info    0x000187e2      0x985 d:/programs/atmel toolchain/arm gcc/native/4.7.3.99/arm-gnu-toolchain/bin/../lib/gcc/arm-none-eabi/4.7.3/../../../../arm-none-eabi/lib/armv7-m\libc.a(lib_a-mlock.o)
 .debug_info    0x00019167      0xd3c d:/programs/atmel toolchain/arm gcc/native/4.7.3.99/arm-gnu-toolchain/bin/../lib/gcc/arm-none-eabi/4.7.3/../../../../arm-none-eabi/lib/armv7-m\libc.a(lib_a-reallocr.o)
 .debug_info    0x00019ea3      0x9cc d:/programs/atmel toolchain/arm gcc/native/4.7.3.99/arm-gnu-toolchain/bin/../lib/gcc/arm-none-eabi/4.7.3/../../../../arm-none-eabi/lib/armv7-m\libc.a(lib_a-sbrkr.o)
 .debug_info    0x0001a86f      0xc7b d:/programs/atmel toolchain/arm gcc/native/4.7.3.99/arm-gnu-toolchain/bin/../lib/gcc/arm-none-eabi/4.7.3/../../../../arm-none-eabi/lib/armv7-m\libc.a(lib_a-stdio.o)
 .debug_info    0x0001b4ea       0xb5 d:/programs/atmel toolchain/arm gcc/native/4.7.3.99/arm-gnu-toolchain/bin/../lib/gcc/arm-none-eabi/4.7.3/../../../../arm-none-eabi/lib/armv7-m\libc.a(lib_a-strcmp.o)
 .debug_info    0x0001b59f      0xaa2 d:/programs/atmel toolchain/arm gcc/native/4.7.3.99/arm-gnu-toolchain/bin/../lib/gcc/arm-none-eabi/4.7.3/../../../../arm-none-eabi/lib/armv7-m\libc.a(lib_a-wbuf.o)
 .debug_info    0x0001c041      0xaa8 d:/programs/atmel toolchain/arm gcc/native/4.7.3.99/arm-gnu-toolchain/bin/../lib/gcc/arm-none-eabi/4.7.3/../../../../arm-none-eabi/lib/armv7-m\libc.a(lib_a-wcrtomb.o)
 .debug_info    0x0001cae9      0xa92 d:/programs/atmel toolchain/arm gcc/native/4.7.3.99/arm-gnu-toolchain/bin/../lib/gcc/arm-none-eabi/4.7.3/../../../../arm-none-eabi/lib/armv7-m\libc.a(lib_a-wctomb_r.o)
 .debug_info    0x0001d57b      0x9ff d:/programs/atmel toolchain/arm gcc/native/4.7.3.99/arm-gnu-toolchain/bin/../lib/gcc/arm-none-eabi/4.7.3/../../../../arm-none-eabi/lib/armv7-m\libc.a(lib_a-writer.o)
 .debug_info    0x0001df7a      0x9b6 d:/programs/atmel toolchain/arm gcc/native/4.7.3.99/arm-gnu-toolchain/bin/../lib/gcc/arm-none-eabi/4.7.3/../../../../arm-none-eabi/lib/armv7-m\libc.a(lib_a-closer.o)
 .debug_info    0x0001e930      0xac3 d:/programs/atmel toolchain/arm gcc/native/4.7.3.99/arm-gnu-toolchain/bin/../lib/gcc/arm-none-eabi/4.7.3/../../../../arm-none-eabi/lib/armv7-m\libc.a(lib_a-fclose.o)
 .debug_info    0x0001f3f3      0xb61 d:/programs/atmel toolchain/arm gcc/native/4.7.3.99/arm-gnu-toolchain/bin/../lib/gcc/arm-none-eabi/4.7.3/../../../../arm-none-eabi/lib/armv7-m\libc.a(lib_a-fstatr.o)
 .debug_info    0x0001ff54      0x9b6 d:/programs/atmel toolchain/arm gcc/native/4.7.3.99/arm-gnu-toolchain/bin/../lib/gcc/arm-none-eabi/4.7.3/../../../../arm-none-eabi/lib/armv7-m\libc.a(lib_a-isattyr.o)
 .debug_info    0x0002090a      0x9ed d:/programs/atmel toolchain/arm gcc/native/4.7.3.99/arm-gnu-toolchain/bin/../lib/gcc/arm-none-eabi/4.7.3/../../../../arm-none-eabi/lib/armv7-m\libc.a(lib_a-lseekr.o)
 .debug_info    0x000212f7      0x9f8 d:/programs/atmel toolchain/arm gcc/native/4.7.3.99/arm-gnu-toolchain/bin/../lib/gcc/arm-none-eabi/4.7.3/../../../../arm-none-eabi/lib/armv7-m\libc.a(lib_a-readr.o)
 .debug_info    0x00021cef      0xb23 d:/programs/atmel toolchain/arm gcc/native/4.7.3.99/arm-gnu-toolchain/bin/../lib/gcc/arm-none-eabi/4.7.3/../../../../arm-none-eabi/lib/armv7-m\libc.a(lib_a-reent.o)
 .debug_info    0x00022812       0xfd d:/programs/atmel toolchain/arm gcc/native/4.7.3.99/arm-gnu-toolchain/bin/../lib/gcc/arm-none-eabi/4.7.3/armv7-m\libgcc.a(_aeabi_uldivmod.o)
 .debug_info    0x0002290f      0x170 d:/programs/atmel toolchain/arm gcc/native/4.7.3.99/arm-gnu-toolchain/bin/../lib/gcc/arm-none-eabi/4.7.3/armv7-m\libgcc.a(bpabi.o)
 .debug_info    0x00022a7f      0x101 d:/programs/atmel toolchain/arm gcc/native/4.7.3.99/arm-gnu-toolchain/bin/../lib/gcc/arm-none-eabi/4.7.3/armv7-m\libgcc.a(_dvmd_tls.o)
 .debug_info    0x00022b80      0x682 d:/programs/atmel toolchain/arm gcc/native/4.7.3.99/arm-gnu-toolchain/bin/../lib/gcc/arm-none-eabi/4.7.3/armv7-m\libgcc.a(_divdi3.o)
 .debug_info    0x00023202      0x645 d:/programs/atmel toolchain/arm gcc/native/4.7.3.99/arm-gnu-toolchain/bin/../lib/gcc/arm-none-eabi/4.7.3/armv7-m\libgcc.a(_udivdi3.o)

.debug_abbrev   0x00000000     0x6e57
 .debug_abbrev  0x00000000      0x218 src/ASF/common/services/clock/sam3x/sysclk.o
 .debug_abbrev  0x00000218       0xfd src/ASF/common/utils/stdio/read.o
 .debug_abbrev  0x00000315       0xe6 src/ASF/common/utils/stdio/write.o
 .debug_abbrev  0x000003fb      0x160 src/ASF/sam/boards/arduino_due_x/init.o
 .debug_abbrev  0x0000055b      0x205 src/ASF/sam/drivers/pio/pio.o
 .debug_abbrev  0x00000760      0x266 src/ASF/sam/drivers/pio/pio_handler.o
 .debug_abbrev  0x000009c6      0x237 src/ASF/sam/drivers/pmc/pmc.o
 .debug_abbrev  0x00000bfd      0x194 src/ASF/sam/drivers/uart/uart.o
 .debug_abbrev  0x00000d91      0x2a2 src/ASF/sam/drivers/usart/usart.o
 .debug_abbrev  0x00001033       0x6c src/ASF/sam/utils/cmsis/sam3x/source/templates/exceptions.o
 .debug_abbrev  0x0000109f      0x107 src/ASF/sam/utils/cmsis/sam3x/source/templates/gcc/startup_sam3x.o
 .debug_abbrev  0x000011a6       0xf5 src/ASF/sam/utils/cmsis/sam3x/source/templates/system_sam3x.o
 .debug_abbrev  0x0000129b      0x141 src/ASF/sam/utils/syscalls/gcc/syscalls.o
 .debug_abbrev  0x000013dc       0xfb src/ASF/thirdparty/freertos/freertos-7.3.0/source/list.o
 .debug_abbrev  0x000014d7      0x246 src/ASF/thirdparty/freertos/freertos-7.3.0/source/portable/gcc/arm_cm3/port.o
 .debug_abbrev  0x0000171d      0x2ca src/ASF/thirdparty/freertos/freertos-7.3.0/source/tasks.o
 .debug_abbrev  0x000019e7      0x330 src/ConsoleFunctions.o
 .debug_abbrev  0x00001d17      0x1b3 src/main.o
 .debug_abbrev  0x00001eca       0xb6 d:/programs/atmel toolchain/arm gcc/native/4.7.3.99/arm-gnu-toolchain/bin/../lib/gcc/arm-none-eabi/4.7.3/../../../../arm-none-eabi/lib/armv7-m\libc.a(lib_a-atexit.o)
 .debug_abbrev  0x00001f80       0xbb d:/programs/atmel toolchain/arm gcc/native/4.7.3.99/arm-gnu-toolchain/bin/../lib/gcc/arm-none-eabi/4.7.3/../../../../arm-none-eabi/lib/armv7-m\libc.a(lib_a-fini.o)
 .debug_abbrev  0x0000203b      0x160 d:/programs/atmel toolchain/arm gcc/native/4.7.3.99/arm-gnu-toolchain/bin/../lib/gcc/arm-none-eabi/4.7.3/../../../../arm-none-eabi/lib/armv7-m\libc.a(lib_a-impure.o)
 .debug_abbrev  0x0000219b       0xb8 d:/programs/atmel toolchain/arm gcc/native/4.7.3.99/arm-gnu-toolchain/bin/../lib/gcc/arm-none-eabi/4.7.3/../../../../arm-none-eabi/lib/armv7-m\libc.a(lib_a-init.o)
 .debug_abbrev  0x00002253      0x1ed d:/programs/atmel toolchain/arm gcc/native/4.7.3.99/arm-gnu-toolchain/bin/../lib/gcc/arm-none-eabi/4.7.3/../../../../arm-none-eabi/lib/armv7-m\libc.a(lib_a-iprintf.o)
 .debug_abbrev  0x00002440       0xa2 d:/programs/atmel toolchain/arm gcc/native/4.7.3.99/arm-gnu-toolchain/bin/../lib/gcc/arm-none-eabi/4.7.3/../../../../arm-none-eabi/lib/armv7-m\libc.a(lib_a-memcpy.o)
 .debug_abbrev  0x000024e2       0x8c d:/programs/atmel toolchain/arm gcc/native/4.7.3.99/arm-gnu-toolchain/bin/../lib/gcc/arm-none-eabi/4.7.3/../../../../arm-none-eabi/lib/armv7-m\libc.a(lib_a-memset.o)
 .debug_abbrev  0x0000256e      0x19c d:/programs/atmel toolchain/arm gcc/native/4.7.3.99/arm-gnu-toolchain/bin/../lib/gcc/arm-none-eabi/4.7.3/../../../../arm-none-eabi/lib/armv7-m\libc.a(lib_a-setbuf.o)
 .debug_abbrev  0x0000270a      0x217 d:/programs/atmel toolchain/arm gcc/native/4.7.3.99/arm-gnu-toolchain/bin/../lib/gcc/arm-none-eabi/4.7.3/../../../../arm-none-eabi/lib/armv7-m\libc.a(lib_a-setvbuf.o)
 .debug_abbrev  0x00002921       0x8a d:/programs/atmel toolchain/arm gcc/native/4.7.3.99/arm-gnu-toolchain/bin/../lib/gcc/arm-none-eabi/4.7.3/../../../../arm-none-eabi/lib/armv7-m\libc.a(lib_a-strlen.o)
 .debug_abbrev  0x000029ab      0x3d8 d:/programs/atmel toolchain/arm gcc/native/4.7.3.99/arm-gnu-toolchain/bin/../lib/gcc/arm-none-eabi/4.7.3/../../../../arm-none-eabi/lib/armv7-m\libc.a(lib_a-vfiprintf.o)
 .debug_abbrev  0x00002d83      0x1d5 d:/programs/atmel toolchain/arm gcc/native/4.7.3.99/arm-gnu-toolchain/bin/../lib/gcc/arm-none-eabi/4.7.3/../../../../arm-none-eabi/lib/armv7-m\libc.a(lib_a-wsetup.o)
 .debug_abbrev  0x00002f58      0x1fe d:/programs/atmel toolchain/arm gcc/native/4.7.3.99/arm-gnu-toolchain/bin/../lib/gcc/arm-none-eabi/4.7.3/../../../../arm-none-eabi/lib/armv7-m\libc.a(lib_a-__atexit.o)
 .debug_abbrev  0x00003156      0x265 d:/programs/atmel toolchain/arm gcc/native/4.7.3.99/arm-gnu-toolchain/bin/../lib/gcc/arm-none-eabi/4.7.3/../../../../arm-none-eabi/lib/armv7-m\libc.a(lib_a-__call_atexit.o)
 .debug_abbrev  0x000033bb      0x25f d:/programs/atmel toolchain/arm gcc/native/4.7.3.99/arm-gnu-toolchain/bin/../lib/gcc/arm-none-eabi/4.7.3/../../../../arm-none-eabi/lib/armv7-m\libc.a(lib_a-fflush.o)
 .debug_abbrev  0x0000361a      0x317 d:/programs/atmel toolchain/arm gcc/native/4.7.3.99/arm-gnu-toolchain/bin/../lib/gcc/arm-none-eabi/4.7.3/../../../../arm-none-eabi/lib/armv7-m\libc.a(lib_a-findfp.o)
 .debug_abbrev  0x00003931      0x285 d:/programs/atmel toolchain/arm gcc/native/4.7.3.99/arm-gnu-toolchain/bin/../lib/gcc/arm-none-eabi/4.7.3/../../../../arm-none-eabi/lib/armv7-m\libc.a(lib_a-fputwc.o)
 .debug_abbrev  0x00003bb6      0x248 d:/programs/atmel toolchain/arm gcc/native/4.7.3.99/arm-gnu-toolchain/bin/../lib/gcc/arm-none-eabi/4.7.3/../../../../arm-none-eabi/lib/armv7-m\libc.a(lib_a-freer.o)
 .debug_abbrev  0x00003dfe      0x22e d:/programs/atmel toolchain/arm gcc/native/4.7.3.99/arm-gnu-toolchain/bin/../lib/gcc/arm-none-eabi/4.7.3/../../../../arm-none-eabi/lib/armv7-m\libc.a(lib_a-fvwrite.o)
 .debug_abbrev  0x0000402c      0x238 d:/programs/atmel toolchain/arm gcc/native/4.7.3.99/arm-gnu-toolchain/bin/../lib/gcc/arm-none-eabi/4.7.3/../../../../arm-none-eabi/lib/armv7-m\libc.a(lib_a-fwalk.o)
 .debug_abbrev  0x00004264      0x2a1 d:/programs/atmel toolchain/arm gcc/native/4.7.3.99/arm-gnu-toolchain/bin/../lib/gcc/arm-none-eabi/4.7.3/../../../../arm-none-eabi/lib/armv7-m\libc.a(lib_a-locale.o)
 .debug_abbrev  0x00004505      0x1e8 d:/programs/atmel toolchain/arm gcc/native/4.7.3.99/arm-gnu-toolchain/bin/../lib/gcc/arm-none-eabi/4.7.3/../../../../arm-none-eabi/lib/armv7-m\libc.a(lib_a-makebuf.o)
 .debug_abbrev  0x000046ed      0x1da d:/programs/atmel toolchain/arm gcc/native/4.7.3.99/arm-gnu-toolchain/bin/../lib/gcc/arm-none-eabi/4.7.3/../../../../arm-none-eabi/lib/armv7-m\libc.a(lib_a-malloc.o)
 .debug_abbrev  0x000048c7      0x286 d:/programs/atmel toolchain/arm gcc/native/4.7.3.99/arm-gnu-toolchain/bin/../lib/gcc/arm-none-eabi/4.7.3/../../../../arm-none-eabi/lib/armv7-m\libc.a(lib_a-mallocr.o)
 .debug_abbrev  0x00004b4d       0xa9 d:/programs/atmel toolchain/arm gcc/native/4.7.3.99/arm-gnu-toolchain/bin/../lib/gcc/arm-none-eabi/4.7.3/../../../../arm-none-eabi/lib/armv7-m\libc.a(lib_a-memchr.o)
 .debug_abbrev  0x00004bf6       0x9a d:/programs/atmel toolchain/arm gcc/native/4.7.3.99/arm-gnu-toolchain/bin/../lib/gcc/arm-none-eabi/4.7.3/../../../../arm-none-eabi/lib/armv7-m\libc.a(lib_a-memmove.o)
 .debug_abbrev  0x00004c90      0x17a d:/programs/atmel toolchain/arm gcc/native/4.7.3.99/arm-gnu-toolchain/bin/../lib/gcc/arm-none-eabi/4.7.3/../../../../arm-none-eabi/lib/armv7-m\libc.a(lib_a-mlock.o)
 .debug_abbrev  0x00004e0a      0x265 d:/programs/atmel toolchain/arm gcc/native/4.7.3.99/arm-gnu-toolchain/bin/../lib/gcc/arm-none-eabi/4.7.3/../../../../arm-none-eabi/lib/armv7-m\libc.a(lib_a-reallocr.o)
 .debug_abbrev  0x0000506f      0x1dd d:/programs/atmel toolchain/arm gcc/native/4.7.3.99/arm-gnu-toolchain/bin/../lib/gcc/arm-none-eabi/4.7.3/../../../../arm-none-eabi/lib/armv7-m\libc.a(lib_a-sbrkr.o)
 .debug_abbrev  0x0000524c      0x244 d:/programs/atmel toolchain/arm gcc/native/4.7.3.99/arm-gnu-toolchain/bin/../lib/gcc/arm-none-eabi/4.7.3/../../../../arm-none-eabi/lib/armv7-m\libc.a(lib_a-stdio.o)
 .debug_abbrev  0x00005490       0x70 d:/programs/atmel toolchain/arm gcc/native/4.7.3.99/arm-gnu-toolchain/bin/../lib/gcc/arm-none-eabi/4.7.3/../../../../arm-none-eabi/lib/armv7-m\libc.a(lib_a-strcmp.o)
 .debug_abbrev  0x00005500      0x21a d:/programs/atmel toolchain/arm gcc/native/4.7.3.99/arm-gnu-toolchain/bin/../lib/gcc/arm-none-eabi/4.7.3/../../../../arm-none-eabi/lib/armv7-m\libc.a(lib_a-wbuf.o)
 .debug_abbrev  0x0000571a      0x205 d:/programs/atmel toolchain/arm gcc/native/4.7.3.99/arm-gnu-toolchain/bin/../lib/gcc/arm-none-eabi/4.7.3/../../../../arm-none-eabi/lib/armv7-m\libc.a(lib_a-wcrtomb.o)
 .debug_abbrev  0x0000591f      0x210 d:/programs/atmel toolchain/arm gcc/native/4.7.3.99/arm-gnu-toolchain/bin/../lib/gcc/arm-none-eabi/4.7.3/../../../../arm-none-eabi/lib/armv7-m\libc.a(lib_a-wctomb_r.o)
 .debug_abbrev  0x00005b2f      0x1d4 d:/programs/atmel toolchain/arm gcc/native/4.7.3.99/arm-gnu-toolchain/bin/../lib/gcc/arm-none-eabi/4.7.3/../../../../arm-none-eabi/lib/armv7-m\libc.a(lib_a-writer.o)
 .debug_abbrev  0x00005d03      0x1cf d:/programs/atmel toolchain/arm gcc/native/4.7.3.99/arm-gnu-toolchain/bin/../lib/gcc/arm-none-eabi/4.7.3/../../../../arm-none-eabi/lib/armv7-m\libc.a(lib_a-closer.o)
 .debug_abbrev  0x00005ed2      0x232 d:/programs/atmel toolchain/arm gcc/native/4.7.3.99/arm-gnu-toolchain/bin/../lib/gcc/arm-none-eabi/4.7.3/../../../../arm-none-eabi/lib/armv7-m\libc.a(lib_a-fclose.o)
 .debug_abbrev  0x00006104      0x1de d:/programs/atmel toolchain/arm gcc/native/4.7.3.99/arm-gnu-toolchain/bin/../lib/gcc/arm-none-eabi/4.7.3/../../../../arm-none-eabi/lib/armv7-m\libc.a(lib_a-fstatr.o)
 .debug_abbrev  0x000062e2      0x1cf d:/programs/atmel toolchain/arm gcc/native/4.7.3.99/arm-gnu-toolchain/bin/../lib/gcc/arm-none-eabi/4.7.3/../../../../arm-none-eabi/lib/armv7-m\libc.a(lib_a-isattyr.o)
 .debug_abbrev  0x000064b1      0x1de d:/programs/atmel toolchain/arm gcc/native/4.7.3.99/arm-gnu-toolchain/bin/../lib/gcc/arm-none-eabi/4.7.3/../../../../arm-none-eabi/lib/armv7-m\libc.a(lib_a-lseekr.o)
 .debug_abbrev  0x0000668f      0x1cf d:/programs/atmel toolchain/arm gcc/native/4.7.3.99/arm-gnu-toolchain/bin/../lib/gcc/arm-none-eabi/4.7.3/../../../../arm-none-eabi/lib/armv7-m\libc.a(lib_a-readr.o)
 .debug_abbrev  0x0000685e      0x26e d:/programs/atmel toolchain/arm gcc/native/4.7.3.99/arm-gnu-toolchain/bin/../lib/gcc/arm-none-eabi/4.7.3/../../../../arm-none-eabi/lib/armv7-m\libc.a(lib_a-reent.o)
 .debug_abbrev  0x00006acc       0x14 d:/programs/atmel toolchain/arm gcc/native/4.7.3.99/arm-gnu-toolchain/bin/../lib/gcc/arm-none-eabi/4.7.3/armv7-m\libgcc.a(_aeabi_uldivmod.o)
 .debug_abbrev  0x00006ae0       0xb5 d:/programs/atmel toolchain/arm gcc/native/4.7.3.99/arm-gnu-toolchain/bin/../lib/gcc/arm-none-eabi/4.7.3/armv7-m\libgcc.a(bpabi.o)
 .debug_abbrev  0x00006b95       0x14 d:/programs/atmel toolchain/arm gcc/native/4.7.3.99/arm-gnu-toolchain/bin/../lib/gcc/arm-none-eabi/4.7.3/armv7-m\libgcc.a(_dvmd_tls.o)
 .debug_abbrev  0x00006ba9      0x15a d:/programs/atmel toolchain/arm gcc/native/4.7.3.99/arm-gnu-toolchain/bin/../lib/gcc/arm-none-eabi/4.7.3/armv7-m\libgcc.a(_divdi3.o)
 .debug_abbrev  0x00006d03      0x154 d:/programs/atmel toolchain/arm gcc/native/4.7.3.99/arm-gnu-toolchain/bin/../lib/gcc/arm-none-eabi/4.7.3/armv7-m\libgcc.a(_udivdi3.o)

.debug_loc      0x00000000     0xaf93
 .debug_loc     0x00000000      0x12d src/ASF/common/services/clock/sam3x/sysclk.o
 .debug_loc     0x0000012d       0xff src/ASF/common/utils/stdio/read.o
 .debug_loc     0x0000022c       0xcc src/ASF/common/utils/stdio/write.o
 .debug_loc     0x000002f8       0x20 src/ASF/sam/boards/arduino_due_x/init.o
 .debug_loc     0x00000318      0x8dc src/ASF/sam/drivers/pio/pio.o
 .debug_loc     0x00000bf4      0x4a4 src/ASF/sam/drivers/pio/pio_handler.o
 .debug_loc     0x00001098      0xadd src/ASF/sam/drivers/pmc/pmc.o
 .debug_loc     0x00001b75      0x2a4 src/ASF/sam/drivers/uart/uart.o
 .debug_loc     0x00001e19     0x1110 src/ASF/sam/drivers/usart/usart.o
 .debug_loc     0x00002f29       0x20 src/ASF/sam/utils/cmsis/sam3x/source/templates/gcc/startup_sam3x.o
 .debug_loc     0x00002f49       0x53 src/ASF/sam/utils/cmsis/sam3x/source/templates/system_sam3x.o
 .debug_loc     0x00002f9c      0x112 src/ASF/sam/utils/syscalls/gcc/syscalls.o
 .debug_loc     0x000030ae       0x9d src/ASF/thirdparty/freertos/freertos-7.3.0/source/list.o
 .debug_loc     0x0000314b      0x12b src/ASF/thirdparty/freertos/freertos-7.3.0/source/portable/gcc/arm_cm3/port.o
 .debug_loc     0x00003276     0x12fd src/ASF/thirdparty/freertos/freertos-7.3.0/source/tasks.o
 .debug_loc     0x00004573      0x1f6 src/ConsoleFunctions.o
 .debug_loc     0x00004769       0x20 src/main.o
 .debug_loc     0x00004789       0x2c d:/programs/atmel toolchain/arm gcc/native/4.7.3.99/arm-gnu-toolchain/bin/../lib/gcc/arm-none-eabi/4.7.3/../../../../arm-none-eabi/lib/armv7-m\libc.a(lib_a-atexit.o)
 .debug_loc     0x000047b5       0x33 d:/programs/atmel toolchain/arm gcc/native/4.7.3.99/arm-gnu-toolchain/bin/../lib/gcc/arm-none-eabi/4.7.3/../../../../arm-none-eabi/lib/armv7-m\libc.a(lib_a-fini.o)
 .debug_loc     0x000047e8       0x4a d:/programs/atmel toolchain/arm gcc/native/4.7.3.99/arm-gnu-toolchain/bin/../lib/gcc/arm-none-eabi/4.7.3/../../../../arm-none-eabi/lib/armv7-m\libc.a(lib_a-init.o)
 .debug_loc     0x00004832       0x8c d:/programs/atmel toolchain/arm gcc/native/4.7.3.99/arm-gnu-toolchain/bin/../lib/gcc/arm-none-eabi/4.7.3/../../../../arm-none-eabi/lib/armv7-m\libc.a(lib_a-iprintf.o)
 .debug_loc     0x000048be       0x59 d:/programs/atmel toolchain/arm gcc/native/4.7.3.99/arm-gnu-toolchain/bin/../lib/gcc/arm-none-eabi/4.7.3/../../../../arm-none-eabi/lib/armv7-m\libc.a(lib_a-memcpy.o)
 .debug_loc     0x00004917       0x3f d:/programs/atmel toolchain/arm gcc/native/4.7.3.99/arm-gnu-toolchain/bin/../lib/gcc/arm-none-eabi/4.7.3/../../../../arm-none-eabi/lib/armv7-m\libc.a(lib_a-memset.o)
 .debug_loc     0x00004956       0x42 d:/programs/atmel toolchain/arm gcc/native/4.7.3.99/arm-gnu-toolchain/bin/../lib/gcc/arm-none-eabi/4.7.3/../../../../arm-none-eabi/lib/armv7-m\libc.a(lib_a-setbuf.o)
 .debug_loc     0x00004998      0x174 d:/programs/atmel toolchain/arm gcc/native/4.7.3.99/arm-gnu-toolchain/bin/../lib/gcc/arm-none-eabi/4.7.3/../../../../arm-none-eabi/lib/armv7-m\libc.a(lib_a-setvbuf.o)
 .debug_loc     0x00004b0c       0x21 d:/programs/atmel toolchain/arm gcc/native/4.7.3.99/arm-gnu-toolchain/bin/../lib/gcc/arm-none-eabi/4.7.3/../../../../arm-none-eabi/lib/armv7-m\libc.a(lib_a-strlen.o)
 .debug_loc     0x00004b2d     0x113a d:/programs/atmel toolchain/arm gcc/native/4.7.3.99/arm-gnu-toolchain/bin/../lib/gcc/arm-none-eabi/4.7.3/../../../../arm-none-eabi/lib/armv7-m\libc.a(lib_a-vfiprintf.o)
 .debug_loc     0x00005c67       0x5c d:/programs/atmel toolchain/arm gcc/native/4.7.3.99/arm-gnu-toolchain/bin/../lib/gcc/arm-none-eabi/4.7.3/../../../../arm-none-eabi/lib/armv7-m\libc.a(lib_a-wsetup.o)
 .debug_loc     0x00005cc3       0xfc d:/programs/atmel toolchain/arm gcc/native/4.7.3.99/arm-gnu-toolchain/bin/../lib/gcc/arm-none-eabi/4.7.3/../../../../arm-none-eabi/lib/armv7-m\libc.a(lib_a-__atexit.o)
 .debug_loc     0x00005dbf      0x13b d:/programs/atmel toolchain/arm gcc/native/4.7.3.99/arm-gnu-toolchain/bin/../lib/gcc/arm-none-eabi/4.7.3/../../../../arm-none-eabi/lib/armv7-m\libc.a(lib_a-__call_atexit.o)
 .debug_loc     0x00005efa      0x1cc d:/programs/atmel toolchain/arm gcc/native/4.7.3.99/arm-gnu-toolchain/bin/../lib/gcc/arm-none-eabi/4.7.3/../../../../arm-none-eabi/lib/armv7-m\libc.a(lib_a-fflush.o)
 .debug_loc     0x000060c6      0x25b d:/programs/atmel toolchain/arm gcc/native/4.7.3.99/arm-gnu-toolchain/bin/../lib/gcc/arm-none-eabi/4.7.3/../../../../arm-none-eabi/lib/armv7-m\libc.a(lib_a-findfp.o)
 .debug_loc     0x00006321      0x15e d:/programs/atmel toolchain/arm gcc/native/4.7.3.99/arm-gnu-toolchain/bin/../lib/gcc/arm-none-eabi/4.7.3/../../../../arm-none-eabi/lib/armv7-m\libc.a(lib_a-fputwc.o)
 .debug_loc     0x0000647f      0x407 d:/programs/atmel toolchain/arm gcc/native/4.7.3.99/arm-gnu-toolchain/bin/../lib/gcc/arm-none-eabi/4.7.3/../../../../arm-none-eabi/lib/armv7-m\libc.a(lib_a-freer.o)
 .debug_loc     0x00006886      0x413 d:/programs/atmel toolchain/arm gcc/native/4.7.3.99/arm-gnu-toolchain/bin/../lib/gcc/arm-none-eabi/4.7.3/../../../../arm-none-eabi/lib/armv7-m\libc.a(lib_a-fvwrite.o)
 .debug_loc     0x00006c99      0x1cf d:/programs/atmel toolchain/arm gcc/native/4.7.3.99/arm-gnu-toolchain/bin/../lib/gcc/arm-none-eabi/4.7.3/../../../../arm-none-eabi/lib/armv7-m\libc.a(lib_a-fwalk.o)
 .debug_loc     0x00006e68      0x141 d:/programs/atmel toolchain/arm gcc/native/4.7.3.99/arm-gnu-toolchain/bin/../lib/gcc/arm-none-eabi/4.7.3/../../../../arm-none-eabi/lib/armv7-m\libc.a(lib_a-locale.o)
 .debug_loc     0x00006fa9      0x10a d:/programs/atmel toolchain/arm gcc/native/4.7.3.99/arm-gnu-toolchain/bin/../lib/gcc/arm-none-eabi/4.7.3/../../../../arm-none-eabi/lib/armv7-m\libc.a(lib_a-makebuf.o)
 .debug_loc     0x000070b3       0x58 d:/programs/atmel toolchain/arm gcc/native/4.7.3.99/arm-gnu-toolchain/bin/../lib/gcc/arm-none-eabi/4.7.3/../../../../arm-none-eabi/lib/armv7-m\libc.a(lib_a-malloc.o)
 .debug_loc     0x0000710b      0x75e d:/programs/atmel toolchain/arm gcc/native/4.7.3.99/arm-gnu-toolchain/bin/../lib/gcc/arm-none-eabi/4.7.3/../../../../arm-none-eabi/lib/armv7-m\libc.a(lib_a-mallocr.o)
 .debug_loc     0x00007869       0x88 d:/programs/atmel toolchain/arm gcc/native/4.7.3.99/arm-gnu-toolchain/bin/../lib/gcc/arm-none-eabi/4.7.3/../../../../arm-none-eabi/lib/armv7-m\libc.a(lib_a-memchr.o)
 .debug_loc     0x000078f1       0xd4 d:/programs/atmel toolchain/arm gcc/native/4.7.3.99/arm-gnu-toolchain/bin/../lib/gcc/arm-none-eabi/4.7.3/../../../../arm-none-eabi/lib/armv7-m\libc.a(lib_a-memmove.o)
 .debug_loc     0x000079c5      0xc4a d:/programs/atmel toolchain/arm gcc/native/4.7.3.99/arm-gnu-toolchain/bin/../lib/gcc/arm-none-eabi/4.7.3/../../../../arm-none-eabi/lib/armv7-m\libc.a(lib_a-reallocr.o)
 .debug_loc     0x0000860f       0x5f d:/programs/atmel toolchain/arm gcc/native/4.7.3.99/arm-gnu-toolchain/bin/../lib/gcc/arm-none-eabi/4.7.3/../../../../arm-none-eabi/lib/armv7-m\libc.a(lib_a-sbrkr.o)
 .debug_loc     0x0000866e      0x23d d:/programs/atmel toolchain/arm gcc/native/4.7.3.99/arm-gnu-toolchain/bin/../lib/gcc/arm-none-eabi/4.7.3/../../../../arm-none-eabi/lib/armv7-m\libc.a(lib_a-stdio.o)
 .debug_loc     0x000088ab       0x21 d:/programs/atmel toolchain/arm gcc/native/4.7.3.99/arm-gnu-toolchain/bin/../lib/gcc/arm-none-eabi/4.7.3/../../../../arm-none-eabi/lib/armv7-m\libc.a(lib_a-strcmp.o)
 .debug_loc     0x000088cc      0x132 d:/programs/atmel toolchain/arm gcc/native/4.7.3.99/arm-gnu-toolchain/bin/../lib/gcc/arm-none-eabi/4.7.3/../../../../arm-none-eabi/lib/armv7-m\libc.a(lib_a-wbuf.o)
 .debug_loc     0x000089fe      0x18d d:/programs/atmel toolchain/arm gcc/native/4.7.3.99/arm-gnu-toolchain/bin/../lib/gcc/arm-none-eabi/4.7.3/../../../../arm-none-eabi/lib/armv7-m\libc.a(lib_a-wcrtomb.o)
 .debug_loc     0x00008b8b      0x117 d:/programs/atmel toolchain/arm gcc/native/4.7.3.99/arm-gnu-toolchain/bin/../lib/gcc/arm-none-eabi/4.7.3/../../../../arm-none-eabi/lib/armv7-m\libc.a(lib_a-wctomb_r.o)
 .debug_loc     0x00008ca2       0xb7 d:/programs/atmel toolchain/arm gcc/native/4.7.3.99/arm-gnu-toolchain/bin/../lib/gcc/arm-none-eabi/4.7.3/../../../../arm-none-eabi/lib/armv7-m\libc.a(lib_a-writer.o)
 .debug_loc     0x00008d59       0x5f d:/programs/atmel toolchain/arm gcc/native/4.7.3.99/arm-gnu-toolchain/bin/../lib/gcc/arm-none-eabi/4.7.3/../../../../arm-none-eabi/lib/armv7-m\libc.a(lib_a-closer.o)
 .debug_loc     0x00008db8       0xd2 d:/programs/atmel toolchain/arm gcc/native/4.7.3.99/arm-gnu-toolchain/bin/../lib/gcc/arm-none-eabi/4.7.3/../../../../arm-none-eabi/lib/armv7-m\libc.a(lib_a-fclose.o)
 .debug_loc     0x00008e8a       0x8b d:/programs/atmel toolchain/arm gcc/native/4.7.3.99/arm-gnu-toolchain/bin/../lib/gcc/arm-none-eabi/4.7.3/../../../../arm-none-eabi/lib/armv7-m\libc.a(lib_a-fstatr.o)
 .debug_loc     0x00008f15       0x5f d:/programs/atmel toolchain/arm gcc/native/4.7.3.99/arm-gnu-toolchain/bin/../lib/gcc/arm-none-eabi/4.7.3/../../../../arm-none-eabi/lib/armv7-m\libc.a(lib_a-isattyr.o)
 .debug_loc     0x00008f74       0xb7 d:/programs/atmel toolchain/arm gcc/native/4.7.3.99/arm-gnu-toolchain/bin/../lib/gcc/arm-none-eabi/4.7.3/../../../../arm-none-eabi/lib/armv7-m\libc.a(lib_a-lseekr.o)
 .debug_loc     0x0000902b       0xb7 d:/programs/atmel toolchain/arm gcc/native/4.7.3.99/arm-gnu-toolchain/bin/../lib/gcc/arm-none-eabi/4.7.3/../../../../arm-none-eabi/lib/armv7-m\libc.a(lib_a-readr.o)
 .debug_loc     0x000090e2      0x15a d:/programs/atmel toolchain/arm gcc/native/4.7.3.99/arm-gnu-toolchain/bin/../lib/gcc/arm-none-eabi/4.7.3/../../../../arm-none-eabi/lib/armv7-m\libc.a(lib_a-reent.o)
 .debug_loc     0x0000923c       0xe0 d:/programs/atmel toolchain/arm gcc/native/4.7.3.99/arm-gnu-toolchain/bin/../lib/gcc/arm-none-eabi/4.7.3/armv7-m\libgcc.a(bpabi.o)
 .debug_loc     0x0000931c      0xdf1 d:/programs/atmel toolchain/arm gcc/native/4.7.3.99/arm-gnu-toolchain/bin/../lib/gcc/arm-none-eabi/4.7.3/armv7-m\libgcc.a(_divdi3.o)
 .debug_loc     0x0000a10d      0xe86 d:/programs/atmel toolchain/arm gcc/native/4.7.3.99/arm-gnu-toolchain/bin/../lib/gcc/arm-none-eabi/4.7.3/armv7-m\libgcc.a(_udivdi3.o)

.debug_aranges  0x00000000     0x10a8
 .debug_aranges
                0x00000000       0x40 src/ASF/common/services/clock/sam3x/sysclk.o
 .debug_aranges
                0x00000040       0x20 src/ASF/common/utils/stdio/read.o
 .debug_aranges