Archive member included because of file (symbol)

d:/programs/atmel toolchain/arm gcc/native/4.7.3.99/arm-gnu-toolchain/bin/../lib/gcc/arm-none-eabi/4.7.3/../../../../arm-none-eabi/lib/armv7-m\libc.a(lib_a-atexit.o)
                              d:/programs/atmel toolchain/arm gcc/native/4.7.3.99/arm-gnu-toolchain/bin/../lib/gcc/arm-none-eabi/4.7.3/../../../../arm-none-eabi/lib/armv7-m/crt0.o (atexit)
d:/programs/atmel toolchain/arm gcc/native/4.7.3.99/arm-gnu-toolchain/bin/../lib/gcc/arm-none-eabi/4.7.3/../../../../arm-none-eabi/lib/armv7-m\libc.a(lib_a-exit.o)
                              d:/programs/atmel toolchain/arm gcc/native/4.7.3.99/arm-gnu-toolchain/bin/../lib/gcc/arm-none-eabi/4.7.3/../../../../arm-none-eabi/lib/armv7-m/crt0.o (exit)
d:/programs/atmel toolchain/arm gcc/native/4.7.3.99/arm-gnu-toolchain/bin/../lib/gcc/arm-none-eabi/4.7.3/../../../../arm-none-eabi/lib/armv7-m\libc.a(lib_a-fini.o)
                              d:/programs/atmel toolchain/arm gcc/native/4.7.3.99/arm-gnu-toolchain/bin/../lib/gcc/arm-none-eabi/4.7.3/../../../../arm-none-eabi/lib/armv7-m/crt0.o (__libc_fini_array)
d:/programs/atmel toolchain/arm gcc/native/4.7.3.99/arm-gnu-toolchain/bin/../lib/gcc/arm-none-eabi/4.7.3/../../../../arm-none-eabi/lib/armv7-m\libc.a(lib_a-impure.o)
                              d:/programs/atmel toolchain/arm gcc/native/4.7.3.99/arm-gnu-toolchain/bin/../lib/gcc/arm-none-eabi/4.7.3/../../../../arm-none-eabi/lib/armv7-m\libc.a(lib_a-exit.o) (_global_impure_ptr)
d:/programs/atmel toolchain/arm gcc/native/4.7.3.99/arm-gnu-toolchain/bin/../lib/gcc/arm-none-eabi/4.7.3/../../../../arm-none-eabi/lib/armv7-m\libc.a(lib_a-init.o)
                              d:/programs/atmel toolchain/arm gcc/native/4.7.3.99/arm-gnu-toolchain/bin/../lib/gcc/arm-none-eabi/4.7.3/../../../../arm-none-eabi/lib/armv7-m/crt0.o (__libc_init_array)
d:/programs/atmel toolchain/arm gcc/native/4.7.3.99/arm-gnu-toolchain/bin/../lib/gcc/arm-none-eabi/4.7.3/../../../../arm-none-eabi/lib/armv7-m\libc.a(lib_a-iprintf.o)
                              src/SensorFunctions.o (iprintf)
d:/programs/atmel toolchain/arm gcc/native/4.7.3.99/arm-gnu-toolchain/bin/../lib/gcc/arm-none-eabi/4.7.3/../../../../arm-none-eabi/lib/armv7-m\libc.a(lib_a-memcpy.o)
                              src/ASF/thirdparty/freertos/freertos-7.3.0/source/queue.o (memcpy)
d:/programs/atmel toolchain/arm gcc/native/4.7.3.99/arm-gnu-toolchain/bin/../lib/gcc/arm-none-eabi/4.7.3/../../../../arm-none-eabi/lib/armv7-m\libc.a(lib_a-memset.o)
                              d:/programs/atmel toolchain/arm gcc/native/4.7.3.99/arm-gnu-toolchain/bin/../lib/gcc/arm-none-eabi/4.7.3/../../../../arm-none-eabi/lib/armv7-m/crt0.o (memset)
d:/programs/atmel toolchain/arm gcc/native/4.7.3.99/arm-gnu-toolchain/bin/../lib/gcc/arm-none-eabi/4.7.3/../../../../arm-none-eabi/lib/armv7-m\libc.a(lib_a-puts.o)
                              src/ASF/sam/drivers/adc/adc.o (puts)
d:/programs/atmel toolchain/arm gcc/native/4.7.3.99/arm-gnu-toolchain/bin/../lib/gcc/arm-none-eabi/4.7.3/../../../../arm-none-eabi/lib/armv7-m\libc.a(lib_a-setbuf.o)
                              src/ConsoleFunctions.o (setbuf)
d:/programs/atmel toolchain/arm gcc/native/4.7.3.99/arm-gnu-toolchain/bin/../lib/gcc/arm-none-eabi/4.7.3/../../../../arm-none-eabi/lib/armv7-m\libc.a(lib_a-setvbuf.o)
                              d:/programs/atmel toolchain/arm gcc/native/4.7.3.99/arm-gnu-toolchain/bin/../lib/gcc/arm-none-eabi/4.7.3/../../../../arm-none-eabi/lib/armv7-m\libc.a(lib_a-setbuf.o) (setvbuf)
d:/programs/atmel toolchain/arm gcc/native/4.7.3.99/arm-gnu-toolchain/bin/../lib/gcc/arm-none-eabi/4.7.3/../../../../arm-none-eabi/lib/armv7-m\libc.a(lib_a-sprintf.o)
                              src/ASF/thirdparty/freertos/freertos-7.3.0/source/tasks.o (sprintf)
d:/programs/atmel toolchain/arm gcc/native/4.7.3.99/arm-gnu-toolchain/bin/../lib/gcc/arm-none-eabi/4.7.3/../../../../arm-none-eabi/lib/armv7-m\libc.a(lib_a-strcat.o)
                              src/ASF/thirdparty/freertos/freertos-7.3.0/source/tasks.o (strcat)
d:/programs/atmel toolchain/arm gcc/native/4.7.3.99/arm-gnu-toolchain/bin/../lib/gcc/arm-none-eabi/4.7.3/../../../../arm-none-eabi/lib/armv7-m\libc.a(lib_a-strlen.o)
                              src/ASF/thirdparty/freertos/freertos-7.3.0/source/FreeRTOS_CLI.o (strlen)
d:/programs/atmel toolchain/arm gcc/native/4.7.3.99/arm-gnu-toolchain/bin/../lib/gcc/arm-none-eabi/4.7.3/../../../../arm-none-eabi/lib/armv7-m\libc.a(lib_a-strncmp.o)
                              src/ASF/thirdparty/freertos/freertos-7.3.0/source/FreeRTOS_CLI.o (strncmp)
d:/programs/atmel toolchain/arm gcc/native/4.7.3.99/arm-gnu-toolchain/bin/../lib/gcc/arm-none-eabi/4.7.3/../../../../arm-none-eabi/lib/armv7-m\libc.a(lib_a-strncpy.o)
                              src/ASF/thirdparty/freertos/freertos-7.3.0/source/FreeRTOS_CLI.o (strncpy)
[...]
Memory Configuration

Name             Origin             Length             Attributes
rom              0x00080000         0x00080000         xr
sram0            0x20000000         0x00010000         xrw
sram1            0x20080000         0x00008000         xrw
ram              0x20070000         0x00018000         xrw
*default*        0x00000000         0xffffffff

Linker script and memory map

LOAD d:/programs/atmel toolchain/arm gcc/native/4.7.3.99/arm-gnu-toolchain/bin/../lib/gcc/arm-none-eabi/4.7.3/armv7-m/crti.o
LOAD d:/programs/atmel toolchain/arm gcc/native/4.7.3.99/arm-gnu-toolchain/bin/../lib/gcc/arm-none-eabi/4.7.3/armv7-m/crtbegin.o
LOAD d:/programs/atmel toolchain/arm gcc/native/4.7.3.99/arm-gnu-toolchain/bin/../lib/gcc/arm-none-eabi/4.7.3/../../../../arm-none-eabi/lib/armv7-m/crt0.o
LOAD src/ASF/common/services/clock/sam3x/sysclk.o
LOAD src/DelayFunctions.o
LOAD src/Motorshield.o
LOAD src/PWMFunctions.o
LOAD src/SensorFunctions.o
LOAD src/TestFunctions.o
LOAD src/ASF/common/services/serial/usart_serial.o
LOAD src/ASF/common/utils/interrupt/interrupt_sam_nvic.o
LOAD src/ASF/common/utils/stdio/read.o
LOAD src/ASF/common/utils/stdio/write.o
LOAD src/ASF/sam/boards/arduino_due_x/init.o
LOAD src/ASF/sam/drivers/adc/adc.o
LOAD src/ASF/sam/drivers/adc/adc_sam3u.o
LOAD src/ASF/sam/drivers/pio/pio.o
LOAD src/ASF/sam/drivers/pio/pio_handler.o
LOAD src/ASF/sam/drivers/pmc/pmc.o
LOAD src/ASF/sam/drivers/pmc/sleep.o
LOAD src/ASF/sam/drivers/pwm/pwm.o
LOAD src/ASF/sam/drivers/tc/tc.o
LOAD src/ASF/sam/drivers/uart/uart.o
LOAD src/ASF/sam/drivers/usart/usart.o
LOAD src/ASF/sam/utils/cmsis/sam3x/source/templates/exceptions.o
LOAD src/ASF/sam/utils/cmsis/sam3x/source/templates/gcc/startup_sam3x.o
LOAD src/ASF/sam/utils/cmsis/sam3x/source/templates/system_sam3x.o
LOAD src/ASF/sam/utils/syscalls/gcc/syscalls.o
LOAD src/ASF/thirdparty/freertos/freertos-7.3.0/source/FreeRTOS_CLI.o
LOAD src/ASF/thirdparty/freertos/freertos-7.3.0/source/list.o
LOAD src/ASF/thirdparty/freertos/freertos-7.3.0/source/portable/gcc/arm_cm3/port.o
LOAD src/ASF/thirdparty/freertos/freertos-7.3.0/source/portable/memmang/heap_4.o
LOAD src/ASF/thirdparty/freertos/freertos-7.3.0/source/queue.o
LOAD src/ASF/thirdparty/freertos/freertos-7.3.0/source/tasks.o
LOAD src/ASF/thirdparty/freertos/freertos-7.3.0/source/timers.o
LOAD src/ConsoleFunctions.o
LOAD src/main.o
START GROUP
LOAD ../src/ASF/thirdparty/CMSIS/Lib/GCC\libarm_cortexM3l_math.a
LOAD d:/programs/atmel toolchain/arm gcc/native/4.7.3.99/arm-gnu-toolchain/bin/../lib/gcc/arm-none-eabi/4.7.3/../../../../arm-none-eabi/lib/armv7-m\libm.a
END GROUP
START GROUP
LOAD d:/programs/atmel toolchain/arm gcc/native/4.7.3.99/arm-gnu-toolchain/bin/../lib/gcc/arm-none-eabi/4.7.3/armv7-m\libgcc.a
LOAD d:/programs/atmel toolchain/arm gcc/native/4.7.3.99/arm-gnu-toolchain/bin/../lib/gcc/arm-none-eabi/4.7.3/../../../../arm-none-eabi/lib/armv7-m\libc.a
END GROUP
LOAD d:/programs/atmel toolchain/arm gcc/native/4.7.3.99/arm-gnu-toolchain/bin/../lib/gcc/arm-none-eabi/4.7.3/armv7-m/crtend.o
LOAD d:/programs/atmel toolchain/arm gcc/native/4.7.3.99/arm-gnu-toolchain/bin/../lib/gcc/arm-none-eabi/4.7.3/armv7-m/crtn.o
                [0x00002000]                __stack_size__ = DEFINED (__stack_size__)?__stack_size__:0x2000

.text           0x00080000     0x41fc
                0x00080000                . = ALIGN (0x4)
                0x00080000                _sfixed = .
 *(.vectors .vectors.*)
 .vectors       0x00080000       0xf4 src/ASF/sam/utils/cmsis/sam3x/source/templates/gcc/startup_sam3x.o
                0x00080000                exception_table
 *(.text .text.* .gnu.linkonce.t.*)
 .text          0x000800f4       0xb0 d:/programs/atmel toolchain/arm gcc/native/4.7.3.99/arm-gnu-toolchain/bin/../lib/gcc/arm-none-eabi/4.7.3/armv7-m/crtbegin.o
 .text.sysclk_init
                0x000801a4       0x78 src/ASF/common/services/clock/sam3x/sysclk.o
                0x000801a4                sysclk_init
 .text.delay_init
                0x0008021c       0x50 src/DelayFunctions.o
                0x0008021c                delay_init
 .text.motorshield_setup
                0x0008026c       0x2c src/Motorshield.o
                0x0008026c                motorshield_setup
 .text.pwm_setup
                0x00080298       0xa8 src/PWMFunctions.o
                0x00080298                pwm_setup
 .text.adc_setup
                0x00080340       0x84 src/SensorFunctions.o
                0x00080340                adc_setup
 .text.sensor_read
                0x000803c4       0x7c src/SensorFunctions.o
                0x000803c4                sensor_read
 .text.test_sensor
                0x00080440       0x10 src/TestFunctions.o
                0x00080440                test_sensor
 .text._read    0x00080450       0x88 src/ASF/common/utils/stdio/read.o
                0x00080450                _read
 .text._write   0x000804d8       0xa0 src/ASF/common/utils/stdio/write.o
                0x000804d8                _write
 .text.board_init
                0x00080578       0xa4 src/ASF/sam/boards/arduino_due_x/init.o
                0x00080578                board_init
 .text.adc_init
                0x0008061c       0x48 src/ASF/sam/drivers/adc/adc.o
                0x0008061c                adc_init
 .text.adc_set_resolution
                0x00080664       0x10 src/ASF/sam/drivers/adc/adc.o
                0x00080664                adc_set_resolution
 .text.adc_configure_trigger
                0x00080674       0x10 src/ASF/sam/drivers/adc/adc.o
                0x00080674                adc_configure_trigger
 .text.adc_configure_timing
                0x00080684       0x20 src/ASF/sam/drivers/adc/adc.o
                0x00080684                adc_configure_timing
 .text.adc_start
                0x000806a4        0x8 src/ASF/sam/drivers/adc/adc.o
                0x000806a4                adc_start
 .text.adc_enable_channel
                0x000806ac        0xc src/ASF/sam/drivers/adc/adc.o
                0x000806ac                adc_enable_channel
 .text.adc_get_channel_value
                0x000806b8       0x14 src/ASF/sam/drivers/adc/adc.o
                0x000806b8                adc_get_channel_value
 .text.pio_pull_up
                0x000806cc        0xc src/ASF/sam/drivers/pio/pio.o
                0x000806cc                pio_pull_up
 .text.pio_set_peripheral
                0x000806d8       0x44 src/ASF/sam/drivers/pio/pio.o
                0x000806d8                pio_set_peripheral
 .text.pio_disable_interrupt
                0x0008071c        0x4 src/ASF/sam/drivers/pio/pio.o
                0x0008071c                pio_disable_interrupt
 .text.pio_set_output
                0x00080720       0x3c src/ASF/sam/drivers/pio/pio.o
                0x00080720                pio_set_output
 .text.pio_set_input
                0x0008075c       0x4c src/ASF/sam/drivers/pio/pio.o
                0x0008075c                pio_set_input
 .text.pio_get_interrupt_status
                0x000807a8        0x4 src/ASF/sam/drivers/pio/pio.o
                0x000807a8                pio_get_interrupt_status
 .text.pio_get_interrupt_mask
                0x000807ac        0x4 src/ASF/sam/drivers/pio/pio.o
                0x000807ac                pio_get_interrupt_mask
 .text.pio_configure_pin
                0x000807b0      0x100 src/ASF/sam/drivers/pio/pio.o
                0x000807b0                pio_configure_pin
 .text.pio_configure_pin_group
                0x000808b0       0xc8 src/ASF/sam/drivers/pio/pio.o
                0x000808b0                pio_configure_pin_group
 .text.pio_handler_process
                0x00080978       0x54 src/ASF/sam/drivers/pio/pio_handler.o
                0x00080978                pio_handler_process
 .text.PIOA_Handler
                0x000809cc       0x1c src/ASF/sam/drivers/pio/pio_handler.o
                0x000809cc                PIOA_Handler
 .text.PIOB_Handler
                0x000809e8       0x1c src/ASF/sam/drivers/pio/pio_handler.o
                0x000809e8                PIOB_Handler
 .text.PIOC_Handler
                0x00080a04       0x1c src/ASF/sam/drivers/pio/pio_handler.o
                0x00080a04                PIOC_Handler
 .text.PIOD_Handler
                0x00080a20       0x1c src/ASF/sam/drivers/pio/pio_handler.o
                0x00080a20                PIOD_Handler
 .text.pmc_switch_mck_to_pllack
                0x00080a3c       0xa0 src/ASF/sam/drivers/pmc/pmc.o
                0x00080a3c                pmc_switch_mck_to_pllack
 .text.pmc_switch_mainck_to_xtal
                0x00080adc       0x70 src/ASF/sam/drivers/pmc/pmc.o
                0x00080adc                pmc_switch_mainck_to_xtal
 .text.pmc_osc_is_ready_mainck
                0x00080b4c       0x10 src/ASF/sam/drivers/pmc/pmc.o
                0x00080b4c                pmc_osc_is_ready_mainck
 .text.pmc_disable_pllack
                0x00080b5c       0x10 src/ASF/sam/drivers/pmc/pmc.o
                0x00080b5c                pmc_disable_pllack
 .text.pmc_is_locked_pllack
                0x00080b6c       0x10 src/ASF/sam/drivers/pmc/pmc.o
                0x00080b6c                pmc_is_locked_pllack
 .text.pmc_enable_periph_clk
                0x00080b7c       0x84 src/ASF/sam/drivers/pmc/pmc.o
                0x00080b7c                pmc_enable_periph_clk
 .text.pwm_clocks_generate
                0x00080c00      0x124 src/ASF/sam/drivers/pwm/pwm.o
 .text.pwm_init
                0x00080d24       0x4c src/ASF/sam/drivers/pwm/pwm.o
                0x00080d24                pwm_init
 .text.pwm_channel_init
                0x00080d70      0x12c src/ASF/sam/drivers/pwm/pwm.o
                0x00080d70                pwm_channel_init
 .text.pwm_channel_enable
                0x00080e9c        0xc src/ASF/sam/drivers/pwm/pwm.o
                0x00080e9c                pwm_channel_enable
 .text.pwm_channel_disable
                0x00080ea8        0xc src/ASF/sam/drivers/pwm/pwm.o
                0x00080ea8                pwm_channel_disable
 .text.tc_init  0x00080eb4       0x1c src/ASF/sam/drivers/tc/tc.o
                0x00080eb4                tc_init
 .text.tc_set_block_mode
                0x00080ed0        0x8 src/ASF/sam/drivers/tc/tc.o
                0x00080ed0                tc_set_block_mode
 .text.tc_stop  0x00080ed8        0xc src/ASF/sam/drivers/tc/tc.o
                0x00080ed8                tc_stop
 .text.uart_init
                0x00080ee4       0x44 src/ASF/sam/drivers/uart/uart.o
                0x00080ee4                uart_init
 .text.uart_write
                0x00080f28       0x18 src/ASF/sam/drivers/uart/uart.o
                0x00080f28                uart_write
 .text.uart_read
                0x00080f40       0x18 src/ASF/sam/drivers/uart/uart.o
                0x00080f40                uart_read
 .text.usart_write
                0x00080f58       0x20 src/ASF/sam/drivers/usart/usart.o
                0x00080f58                usart_write
 .text.usart_read
                0x00080f78       0x20 src/ASF/sam/drivers/usart/usart.o
                0x00080f78                usart_read
 .text.Dummy_Handler
                0x00080f98        0x4 src/ASF/sam/utils/cmsis/sam3x/source/templates/exceptions.o
                0x00080f98                DACC_Handler
                0x00080f98                DebugMon_Handler
                0x00080f98                DMAC_Handler
                0x00080f98                TRNG_Handler
                0x00080f98                HardFault_Handler
                0x00080f98                TC2_Handler
                0x00080f98                USART3_Handler
                0x00080f98                TWI1_Handler
                0x00080f98                NMI_Handler
                0x00080f98                TC7_Handler
                0x00080f98                ADC_Handler
                0x00080f98                SMC_Handler
                0x00080f98                USART0_Handler
                0x00080f98                RTT_Handler
                0x00080f98                EFC1_Handler
                0x00080f98                RTC_Handler
                0x00080f98                UsageFault_Handler
                0x00080f98                TC6_Handler
                0x00080f98                WDT_Handler
                0x00080f98                CAN0_Handler
                0x00080f98                TC4_Handler
                0x00080f98                TC1_Handler
                0x00080f98                HSMCI_Handler
                0x00080f98                TC3_Handler
                0x00080f98                Dummy_Handler
                0x00080f98                TWI0_Handler
                0x00080f98                USART1_Handler
                0x00080f98                SSC_Handler
                0x00080f98                EFC0_Handler
                0x00080f98                PMC_Handler
                0x00080f98                PWM_Handler
                0x00080f98                CAN1_Handler
                0x00080f98                MemManage_Handler
                0x00080f98                SUPC_Handler
                0x00080f98                TC8_Handler
                0x00080f98                USART2_Handler
                0x00080f98                EMAC_Handler
                0x00080f98                UART_Handler
                0x00080f98                BusFault_Handler
                0x00080f98                RSTC_Handler
                0x00080f98                TC0_Handler
                0x00080f98                TC5_Handler
                0x00080f98                UOTGHS_Handler
                0x00080f98                SPI0_Handler
 .text.Reset_Handler
                0x00080f9c      0x138 src/ASF/sam/utils/cmsis/sam3x/source/templates/gcc/startup_sam3x.o
                0x00080f9c                Reset_Handler
 .text.SystemCoreClockUpdate
                0x000810d4      0x1c8 src/ASF/sam/utils/cmsis/sam3x/source/templates/system_sam3x.o
                0x000810d4                SystemCoreClockUpdate
 .text.system_init_flash
                0x0008129c       0x9c src/ASF/sam/utils/cmsis/sam3x/source/templates/system_sam3x.o
                0x0008129c                system_init_flash
 .text._sbrk    0x00081338       0x30 src/ASF/sam/utils/syscalls/gcc/syscalls.o
                0x00081338                _sbrk
 .text._close   0x00081368        0x8 src/ASF/sam/utils/syscalls/gcc/syscalls.o
                0x00081368                _close
 .text._fstat   0x00081370        0xc src/ASF/sam/utils/syscalls/gcc/syscalls.o
                0x00081370                _fstat
 .text._isatty  0x0008137c        0x8 src/ASF/sam/utils/syscalls/gcc/syscalls.o
                0x0008137c                _isatty
 .text._lseek   0x00081384        0x8 src/ASF/sam/utils/syscalls/gcc/syscalls.o
                0x00081384                _lseek
 .text.vListInsertEnd
                0x0008138c       0x20 src/ASF/thirdparty/freertos/freertos-7.3.0/source/list.o
                0x0008138c                vListInsertEnd
 .text.uxListRemove
                0x000813ac       0x2c src/ASF/thirdparty/freertos/freertos-7.3.0/source/list.o
                0x000813ac                uxListRemove
 .text.SVC_Handler
                0x000813d8       0x20 src/ASF/thirdparty/freertos/freertos-7.3.0/source/portable/gcc/arm_cm3/port.o
                0x000813d8                SVC_Handler
 .text.ulPortSetInterruptMask
                0x000813f8       0x14 src/ASF/thirdparty/freertos/freertos-7.3.0/source/portable/gcc/arm_cm3/port.o
                0x000813f8                ulPortSetInterruptMask
 .text.vPortClearInterruptMask
                0x0008140c        0x8 src/ASF/thirdparty/freertos/freertos-7.3.0/source/portable/gcc/arm_cm3/port.o
                0x0008140c                vPortClearInterruptMask
 .text.PendSV_Handler
                0x00081414       0x3c src/ASF/thirdparty/freertos/freertos-7.3.0/source/portable/gcc/arm_cm3/port.o
                0x00081414                PendSV_Handler
 .text.SysTick_Handler
                0x00081450       0x34 src/ASF/thirdparty/freertos/freertos-7.3.0/source/portable/gcc/arm_cm3/port.o
                0x00081450                SysTick_Handler
 .text.vTaskIncrementTick
                0x00081484      0x190 src/ASF/thirdparty/freertos/freertos-7.3.0/source/tasks.o
                0x00081484                vTaskIncrementTick
 .text.vTaskSwitchContext
                0x00081614       0xc0 src/ASF/thirdparty/freertos/freertos-7.3.0/source/tasks.o
                0x00081614                vTaskSwitchContext
 .text.usart_serial_getchar
                0x000816d4       0xe8 src/ConsoleFunctions.o
 .text.usart_serial_putchar
                0x000817bc       0xe8 src/ConsoleFunctions.o
 .text.configure_console
                0x000818a4       0x9c src/ConsoleFunctions.o
                0x000818a4                configure_console
 .text.main     0x00081940       0x58 src/main.o
                0x00081940                main
 .text          0x00081998        0xc d:/programs/atmel toolchain/arm gcc/native/4.7.3.99/arm-gnu-toolchain/bin/../lib/gcc/arm-none-eabi/4.7.3/../../../../arm-none-eabi/lib/armv7-m\libc.a(lib_a-atexit.o)
                0x00081998                atexit
 .text          0x000819a4       0x2c d:/programs/atmel toolchain/arm gcc/native/4.7.3.99/arm-gnu-toolchain/bin/../lib/gcc/arm-none-eabi/4.7.3/../../../../arm-none-eabi/lib/armv7-m\libc.a(lib_a-fini.o)
                0x000819a4                __libc_fini_array
 .text          0x000819d0       0x4c d:/programs/atmel toolchain/arm gcc/native/4.7.3.99/arm-gnu-toolchain/bin/../lib/gcc/arm-none-eabi/4.7.3/../../../../arm-none-eabi/lib/armv7-m\libc.a(lib_a-init.o)
                0x000819d0                __libc_init_array
 .text          0x00081a1c       0x40 d:/programs/atmel toolchain/arm gcc/native/4.7.3.99/arm-gnu-toolchain/bin/../lib/gcc/arm-none-eabi/4.7.3/../../../../arm-none-eabi/lib/armv7-m\libc.a(lib_a-iprintf.o)
                0x00081a1c                iprintf
                0x00081a40                _iprintf_r
 .text          0x00081a5c       0x12 d:/programs/atmel toolchain/arm gcc/native/4.7.3.99/arm-gnu-toolchain/bin/../lib/gcc/arm-none-eabi/4.7.3/../../../../arm-none-eabi/lib/armv7-m\libc.a(lib_a-memcpy.o)
                0x00081a5c                memcpy
 .text          0x00081a6e       0x10 d:/programs/atmel toolchain/arm gcc/native/4.7.3.99/arm-gnu-toolchain/bin/../lib/gcc/arm-none-eabi/4.7.3/../../../../arm-none-eabi/lib/armv7-m\libc.a(lib_a-memset.o)
                0x00081a6e                memset
 .text          0x00081a7e       0x10 d:/programs/atmel toolchain/arm gcc/native/4.7.3.99/arm-gnu-toolchain/bin/../lib/gcc/arm-none-eabi/4.7.3/../../../../arm-none-eabi/lib/armv7-m\libc.a(lib_a-setbuf.o)
                0x00081a7e                setbuf
 *fill*         0x00081a8e        0x2 00
 .text          0x00081a90       0xec d:/programs/atmel toolchain/arm gcc/native/4.7.3.99/arm-gnu-toolchain/bin/../lib/gcc/arm-none-eabi/4.7.3/../../../../arm-none-eabi/lib/armv7-m\libc.a(lib_a-setvbuf.o)
                0x00081a90                setvbuf
 .text          0x00081b7c       0x10 d:/programs/atmel toolchain/arm gcc/native/4.7.3.99/arm-gnu-toolchain/bin/../lib/gcc/arm-none-eabi/4.7.3/../../../../arm-none-eabi/lib/armv7-m\libc.a(lib_a-strlen.o)
                0x00081b7c                strlen
 .text          0x00081b8c      0x92c d:/programs/atmel toolchain/arm gcc/native/4.7.3.99/arm-gnu-toolchain/bin/../lib/gcc/arm-none-eabi/4.7.3/../../../../arm-none-eabi/lib/armv7-m\libc.a(lib_a-vfiprintf.o)
                0x00081b8c                __sprint_r
                0x00081bf4                _vfiprintf_r
                0x0008249a                vfiprintf
 .text          0x000824b8       0xb8 d:/programs/atmel toolchain/arm gcc/native/4.7.3.99/arm-gnu-toolchain/bin/../lib/gcc/arm-none-eabi/4.7.3/../../../../arm-none-eabi/lib/armv7-m\libc.a(lib_a-wsetup.o)
                0x000824b8                __swsetup_r
 .text          0x00082570       0x9c d:/programs/atmel toolchain/arm gcc/native/4.7.3.99/arm-gnu-toolchain/bin/../lib/gcc/arm-none-eabi/4.7.3/../../../../arm-none-eabi/lib/armv7-m\libc.a(lib_a-__atexit.o)
                0x00082570                __register_exitproc
 .text.startup  0x0008260c       0x14 d:/programs/atmel toolchain/arm gcc/native/4.7.3.99/arm-gnu-toolchain/bin/../lib/gcc/arm-none-eabi/4.7.3/../../../../arm-none-eabi/lib/armv7-m\libc.a(lib_a-__call_atexit.o)
 .text          0x00082620      0x150 d:/programs/atmel toolchain/arm gcc/native/4.7.3.99/arm-gnu-toolchain/bin/../lib/gcc/arm-none-eabi/4.7.3/../../../../arm-none-eabi/lib/armv7-m\libc.a(lib_a-fflush.o)
                0x00082620                _fflush_r
                0x0008274e                fflush
 .text          0x00082770      0x18c d:/programs/atmel toolchain/arm gcc/native/4.7.3.99/arm-gnu-toolchain/bin/../lib/gcc/arm-none-eabi/4.7.3/../../../../arm-none-eabi/lib/armv7-m\libc.a(lib_a-findfp.o)
                0x00082778                _cleanup_r
                0x000827cc                __sfmoreglue
                0x000827f6                _cleanup
                0x00082804                __sinit
                0x00082850                __sfp
                0x000828cc                __sfp_lock_acquire
                0x000828ce                __sfp_lock_release
                0x000828d0                __sinit_lock_acquire
                0x000828d2                __sinit_lock_release
                0x000828d4                __fp_lock_all
                0x000828e8                __fp_unlock_all
 .text          0x000828fc       0xe8 d:/programs/atmel toolchain/arm gcc/native/4.7.3.99/arm-gnu-toolchain/bin/../lib/gcc/arm-none-eabi/4.7.3/../../../../arm-none-eabi/lib/armv7-m\libc.a(lib_a-fputwc.o)
                0x000828fc                _fputwc_r
                0x000829bc                fputwc
 .text          0x000829e4      0x208 d:/programs/atmel toolchain/arm gcc/native/4.7.3.99/arm-gnu-toolchain/bin/../lib/gcc/arm-none-eabi/4.7.3/../../../../arm-none-eabi/lib/armv7-m\libc.a(lib_a-freer.o)
                0x000829e4                _malloc_trim_r
                0x00082a80                _free_r
 .text          0x00082bec      0x2b6 d:/programs/atmel toolchain/arm gcc/native/4.7.3.99/arm-gnu-toolchain/bin/../lib/gcc/arm-none-eabi/4.7.3/../../../../arm-none-eabi/lib/armv7-m\libc.a(lib_a-fvwrite.o)
                0x00082bec                __sfvwrite_r
 .text          0x00082ea2       0x86 d:/programs/atmel toolchain/arm gcc/native/4.7.3.99/arm-gnu-toolchain/bin/../lib/gcc/arm-none-eabi/4.7.3/../../../../arm-none-eabi/lib/armv7-m\libc.a(lib_a-fwalk.o)
                0x00082ea2                _fwalk
                0x00082ee4                _fwalk_reent
 .text          0x00082f28       0x88 d:/programs/atmel toolchain/arm gcc/native/4.7.3.99/arm-gnu-toolchain/bin/../lib/gcc/arm-none-eabi/4.7.3/../../../../arm-none-eabi/lib/armv7-m\libc.a(lib_a-locale.o)
                0x00082f28                _setlocale_r
                0x00082f6c                __locale_charset
                0x00082f74                __locale_mb_cur_max
                0x00082f80                __locale_msgcharset
                0x00082f88                __locale_cjk_lang
                0x00082f8c                _localeconv_r
                0x00082f94                setlocale
                0x00082fa8                localeconv
 .text          0x00082fb0       0xd8 d:/programs/atmel toolchain/arm gcc/native/4.7.3.99/arm-gnu-toolchain/bin/../lib/gcc/arm-none-eabi/4.7.3/../../../../arm-none-eabi/lib/armv7-m\libc.a(lib_a-makebuf.o)
                0x00082fb0                __smakebuf_r
 .text          0x00083088       0x20 d:/programs/atmel toolchain/arm gcc/native/4.7.3.99/arm-gnu-toolchain/bin/../lib/gcc/arm-none-eabi/4.7.3/../../../../arm-none-eabi/lib/armv7-m\libc.a(lib_a-malloc.o)
                0x00083088                malloc
                0x00083098                free
 .text          0x000830a8      0x404 d:/programs/atmel toolchain/arm gcc/native/4.7.3.99/arm-gnu-toolchain/bin/../lib/gcc/arm-none-eabi/4.7.3/../../../../arm-none-eabi/lib/armv7-m\libc.a(lib_a-mallocr.o)
                0x000830a8                _malloc_r
 .text          0x000834ac       0x1c d:/programs/atmel toolchain/arm gcc/native/4.7.3.99/arm-gnu-toolchain/bin/../lib/gcc/arm-none-eabi/4.7.3/../../../../arm-none-eabi/lib/armv7-m\libc.a(lib_a-memchr.o)
                0x000834ac                memchr
 .text          0x000834c8       0x34 d:/programs/atmel toolchain/arm gcc/native/4.7.3.99/arm-gnu-toolchain/bin/../lib/gcc/arm-none-eabi/4.7.3/../../../../arm-none-eabi/lib/armv7-m\libc.a(lib_a-memmove.o)
                0x000834c8                memmove
 .text          0x000834fc        0x4 d:/programs/atmel toolchain/arm gcc/native/4.7.3.99/arm-gnu-toolchain/bin/../lib/gcc/arm-none-eabi/4.7.3/../../../../arm-none-eabi/lib/armv7-m\libc.a(lib_a-mlock.o)
                0x000834fc                __malloc_lock
                0x000834fe                __malloc_unlock
 .text          0x00083500      0x2dc d:/programs/atmel toolchain/arm gcc/native/4.7.3.99/arm-gnu-toolchain/bin/../lib/gcc/arm-none-eabi/4.7.3/../../../../arm-none-eabi/lib/armv7-m\libc.a(lib_a-reallocr.o)
                0x00083500                _realloc_r
 .text          0x000837dc       0x20 d:/programs/atmel toolchain/arm gcc/native/4.7.3.99/arm-gnu-toolchain/bin/../lib/gcc/arm-none-eabi/4.7.3/../../../../arm-none-eabi/lib/armv7-m\libc.a(lib_a-sbrkr.o)
                0x000837dc                _sbrk_r
 .text          0x000837fc       0x8e d:/programs/atmel toolchain/arm gcc/native/4.7.3.99/arm-gnu-toolchain/bin/../lib/gcc/arm-none-eabi/4.7.3/../../../../arm-none-eabi/lib/armv7-m\libc.a(lib_a-stdio.o)
                0x000837fc                __sread
                0x0008381e                __seofread
                0x00083822                __swrite
                0x0008385e                __sseek
                0x00083882                __sclose
 .text          0x0008388a       0x16 d:/programs/atmel toolchain/arm gcc/native/4.7.3.99/arm-gnu-toolchain/bin/../lib/gcc/arm-none-eabi/4.7.3/../../../../arm-none-eabi/lib/armv7-m\libc.a(lib_a-strcmp.o)
                0x0008388a                strcmp
 .text          0x000838a0       0xb4 d:/programs/atmel toolchain/arm gcc/native/4.7.3.99/arm-gnu-toolchain/bin/../lib/gcc/arm-none-eabi/4.7.3/../../../../arm-none-eabi/lib/armv7-m\libc.a(lib_a-wbuf.o)
                0x000838a0                __swbuf_r
                0x00083942                __swbuf
 .text          0x00083954       0x68 d:/programs/atmel toolchain/arm gcc/native/4.7.3.99/arm-gnu-toolchain/bin/../lib/gcc/arm-none-eabi/4.7.3/../../../../arm-none-eabi/lib/armv7-m\libc.a(lib_a-wcrtomb.o)
                0x00083954                _wcrtomb_r
                0x000839a0                wcrtomb
 .text          0x000839bc       0x44 d:/programs/atmel toolchain/arm gcc/native/4.7.3.99/arm-gnu-toolchain/bin/../lib/gcc/arm-none-eabi/4.7.3/../../../../arm-none-eabi/lib/armv7-m\libc.a(lib_a-wctomb_r.o)
                0x000839bc                __ascii_wctomb
                0x000839d6                _wctomb_r
 .text          0x00083a00       0x24 d:/programs/atmel toolchain/arm gcc/native/4.7.3.99/arm-gnu-toolchain/bin/../lib/gcc/arm-none-eabi/4.7.3/../../../../arm-none-eabi/lib/armv7-m\libc.a(lib_a-writer.o)
                0x00083a00                _write_r
 .text          0x00083a24       0x20 d:/programs/atmel toolchain/arm gcc/native/4.7.3.99/arm-gnu-toolchain/bin/../lib/gcc/arm-none-eabi/4.7.3/../../../../arm-none-eabi/lib/armv7-m\libc.a(lib_a-closer.o)
                0x00083a24                _close_r
 .text          0x00083a44       0x94 d:/programs/atmel toolchain/arm gcc/native/4.7.3.99/arm-gnu-toolchain/bin/../lib/gcc/arm-none-eabi/4.7.3/../../../../arm-none-eabi/lib/armv7-m\libc.a(lib_a-fclose.o)
                0x00083a44                _fclose_r
                0x00083ac8                fclose
 .text          0x00083ad8       0x24 d:/programs/atmel toolchain/arm gcc/native/4.7.3.99/arm-gnu-toolchain/bin/../lib/gcc/arm-none-eabi/4.7.3/../../../../arm-none-eabi/lib/armv7-m\libc.a(lib_a-fstatr.o)
                0x00083ad8                _fstat_r
 .text          0x00083afc       0x20 d:/programs/atmel toolchain/arm gcc/native/4.7.3.99/arm-gnu-toolchain/bin/../lib/gcc/arm-none-eabi/4.7.3/../../../../arm-none-eabi/lib/armv7-m\libc.a(lib_a-isattyr.o)
                0x00083afc                _isatty_r
 .text          0x00083b1c       0x24 d:/programs/atmel toolchain/arm gcc/native/4.7.3.99/arm-gnu-toolchain/bin/../lib/gcc/arm-none-eabi/4.7.3/../../../../arm-none-eabi/lib/armv7-m\libc.a(lib_a-lseekr.o)
                0x00083b1c                _lseek_r
 .text          0x00083b40       0x24 d:/programs/atmel toolchain/arm gcc/native/4.7.3.99/arm-gnu-toolchain/bin/../lib/gcc/arm-none-eabi/4.7.3/../../../../arm-none-eabi/lib/armv7-m\libc.a(lib_a-readr.o)
                0x00083b40                _read_r
 .text          0x00083b64       0x2c d:/programs/atmel toolchain/arm gcc/native/4.7.3.99/arm-gnu-toolchain/bin/../lib/gcc/arm-none-eabi/4.7.3/armv7-m\libgcc.a(_aeabi_uldivmod.o)
                0x00083b64                __aeabi_uldivmod
 .text          0x00083b90       0x60 d:/programs/atmel toolchain/arm gcc/native/4.7.3.99/arm-gnu-toolchain/bin/../lib/gcc/arm-none-eabi/4.7.3/armv7-m\libgcc.a(bpabi.o)
                0x00083b90                __gnu_ldivmod_helper
                0x00083bc0                __gnu_uldivmod_helper
 .text          0x00083bf0        0x4 d:/programs/atmel toolchain/arm gcc/native/4.7.3.99/arm-gnu-toolchain/bin/../lib/gcc/arm-none-eabi/4.7.3/armv7-m\libgcc.a(_dvmd_tls.o)
                0x00083bf0                __aeabi_idiv0
                0x00083bf0                __aeabi_ldiv0
 .text          0x00083bf4      0x2bc d:/programs/atmel toolchain/arm gcc/native/4.7.3.99/arm-gnu-toolchain/bin/../lib/gcc/arm-none-eabi/4.7.3/armv7-m\libgcc.a(_divdi3.o)
                0x00083bf4                __divdi3
 .text          0x00083eb0      0x28c d:/programs/atmel toolchain/arm gcc/native/4.7.3.99/arm-gnu-toolchain/bin/../lib/gcc/arm-none-eabi/4.7.3/armv7-m\libgcc.a(_udivdi3.o)
                0x00083eb0                __udivdi3
 *(.glue_7t)
 .glue_7t       0x00000000        0x0 linker stubs
 *(.glue_7)
 .glue_7        0x00000000        0x0 linker stubs
 *(.rodata .rodata* .gnu.linkonce.r.*)
 .rodata.str1.4
                0x0008413c       0x20 src/SensorFunctions.o
 .rodata        0x0008415c       0x2c src/ASF/sam/drivers/pwm/pwm.o
 .rodata        0x00084188        0x4 d:/programs/atmel toolchain/arm gcc/native/4.7.3.99/arm-gnu-toolchain/bin/../lib/gcc/arm-none-eabi/4.7.3/../../../../arm-none-eabi/lib/armv7-m\libc.a(lib_a-impure.o)
                0x00084188                _global_impure_ptr
 .rodata.str1.1
                0x0008418c        0x2 d:/programs/atmel toolchain/arm gcc/native/4.7.3.99/arm-gnu-toolchain/bin/../lib/gcc/arm-none-eabi/4.7.3/../../../../arm-none-eabi/lib/armv7-m\libc.a(lib_a-impure.o)
 .rodata        0x0008418e       0x20 d:/programs/atmel toolchain/arm gcc/native/4.7.3.99/arm-gnu-toolchain/bin/../lib/gcc/arm-none-eabi/4.7.3/../../../../arm-none-eabi/lib/armv7-m\libc.a(lib_a-vfiprintf.o)
 .rodata.str1.1
                0x000841ae       0x22 d:/programs/atmel toolchain/arm gcc/native/4.7.3.99/arm-gnu-toolchain/bin/../lib/gcc/arm-none-eabi/4.7.3/../../../../arm-none-eabi/lib/armv7-m\libc.a(lib_a-vfiprintf.o)
 .rodata.str1.1
                0x000841d0        0x8 d:/programs/atmel toolchain/arm gcc/native/4.7.3.99/arm-gnu-toolchain/bin/../lib/gcc/arm-none-eabi/4.7.3/../../../../arm-none-eabi/lib/armv7-m\libc.a(lib_a-locale.o)
                                  0xb (size before relaxing)
 *(.ARM.extab* .gnu.linkonce.armextab.*)
                0x000841d8                . = ALIGN (0x4)
 *(.init)
 .init          0x000841d8        0x4 d:/programs/atmel toolchain/arm gcc/native/4.7.3.99/arm-gnu-toolchain/bin/../lib/gcc/arm-none-eabi/4.7.3/armv7-m/crti.o
                0x000841d8                _init
 .init          0x000841dc        0x8 d:/programs/atmel toolchain/arm gcc/native/4.7.3.99/arm-gnu-toolchain/bin/../lib/gcc/arm-none-eabi/4.7.3/armv7-m/crtn.o
                0x000841e4                . = ALIGN (0x4)
                0x000841e4                __preinit_array_start = .
 *(.preinit_array)
                0x000841e4                __preinit_array_end = .
                0x000841e4                . = ALIGN (0x4)
                0x000841e4                __init_array_start = .
 *(SORT(.init_array.*))
 .init_array.00000
                0x000841e4        0x4 d:/programs/atmel toolchain/arm gcc/native/4.7.3.99/arm-gnu-toolchain/bin/../lib/gcc/arm-none-eabi/4.7.3/../../../../arm-none-eabi/lib/armv7-m\libc.a(lib_a-__call_atexit.o)
 *(.init_array)
 .init_array    0x000841e8        0x4 d:/programs/atmel toolchain/arm gcc/native/4.7.3.99/arm-gnu-toolchain/bin/../lib/gcc/arm-none-eabi/4.7.3/armv7-m/crtbegin.o
                0x000841ec                __init_array_end = .
                0x000841ec                . = ALIGN (0x4)
 *crtbegin.o(.ctors)
 *(EXCLUDE_FILE(*crtend.o) .ctors)
 *(SORT(.ctors.*))
 *crtend.o(.ctors)
                0x000841ec                . = ALIGN (0x4)
 *(.fini)
 .fini          0x000841ec        0x4 d:/programs/atmel toolchain/arm gcc/native/4.7.3.99/arm-gnu-toolchain/bin/../lib/gcc/arm-none-eabi/4.7.3/armv7-m/crti.o
                0x000841ec                _fini
 .fini          0x000841f0        0x8 d:/programs/atmel toolchain/arm gcc/native/4.7.3.99/arm-gnu-toolchain/bin/../lib/gcc/arm-none-eabi/4.7.3/armv7-m/crtn.o
                0x000841f8                . = ALIGN (0x4)
                0x000841f8                __fini_array_start = .
 *(.fini_array)
 .fini_array    0x000841f8        0x4 d:/programs/atmel toolchain/arm gcc/native/4.7.3.99/arm-gnu-toolchain/bin/../lib/gcc/arm-none-eabi/4.7.3/armv7-m/crtbegin.o
 *(SORT(.fini_array.*))
                0x000841fc                __fini_array_end = .
 *crtbegin.o(.dtors)
 *(EXCLUDE_FILE(*crtend.o) .dtors)
 *(SORT(.dtors.*))
 *crtend.o(.dtors)
                0x000841fc                . = ALIGN (0x4)
                0x000841fc                _efixed = .
                0x000841fc                PROVIDE (__exidx_start, .)

.vfp11_veneer   0x000841fc        0x0
 .vfp11_veneer  0x00000000        0x0 linker stubs

.v4_bx          0x000841fc        0x0
 .v4_bx         0x00000000        0x0 linker stubs

.iplt           0x000841fc        0x0
 .iplt          0x00000000        0x0 d:/programs/atmel toolchain/arm gcc/native/4.7.3.99/arm-gnu-toolchain/bin/../lib/gcc/arm-none-eabi/4.7.3/armv7-m/crtbegin.o

.ARM.exidx      0x000841fc        0x8
 *(.ARM.exidx* .gnu.linkonce.armexidx.*)
 .ARM.exidx     0x000841fc        0x8 d:/programs/atmel toolchain/arm gcc/native/4.7.3.99/arm-gnu-toolchain/bin/../lib/gcc/arm-none-eabi/4.7.3/armv7-m\libgcc.a(_divdi3.o)
 .ARM.exidx     0x00084204        0x0 d:/programs/atmel toolchain/arm gcc/native/4.7.3.99/arm-gnu-toolchain/bin/../lib/gcc/arm-none-eabi/4.7.3/armv7-m\libgcc.a(_udivdi3.o)
                                  0x8 (size before relaxing)
                0x00084204                PROVIDE (__exidx_end, .)

.eh_frame       0x00084204        0x0
 .eh_frame      0x00084204        0x0 d:/programs/atmel toolchain/arm gcc/native/4.7.3.99/arm-gnu-toolchain/bin/../lib/gcc/arm-none-eabi/4.7.3/armv7-m/crtbegin.o

.rel.dyn        0x00084204        0x0
 .rel.iplt      0x00000000        0x0 d:/programs/atmel toolchain/arm gcc/native/4.7.3.99/arm-gnu-toolchain/bin/../lib/gcc/arm-none-eabi/4.7.3/armv7-m/crtbegin.o

.jcr            0x00084204        0x0
 .jcr           0x00084204        0x0 d:/programs/atmel toolchain/arm gcc/native/4.7.3.99/arm-gnu-toolchain/bin/../lib/gcc/arm-none-eabi/4.7.3/armv7-m/crtbegin.o

.tm_clone_table
                0x00084204        0x0
 .tm_clone_table
                0x00084204        0x0 d:/programs/atmel toolchain/arm gcc/native/4.7.3.99/arm-gnu-toolchain/bin/../lib/gcc/arm-none-eabi/4.7.3/armv7-m/crtbegin.o
 .tm_clone_table
                0x00084204        0x0 d:/programs/atmel toolchain/arm gcc/native/4.7.3.99/arm-gnu-toolchain/bin/../lib/gcc/arm-none-eabi/4.7.3/armv7-m/crtend.o

.igot.plt       0x00084204        0x0
 .igot.plt      0x00000000        0x0 d:/programs/atmel toolchain/arm gcc/native/4.7.3.99/arm-gnu-toolchain/bin/../lib/gcc/arm-none-eabi/4.7.3/armv7-m/crtbegin.o
                0x00084204                . = ALIGN (0x4)
                0x00084204                _etext = .

.relocate       0x20070000      0x8c8 load address 0x00084204
                0x20070000                . = ALIGN (0x4)
                0x20070000                _srelocate = .
 *(.ramfunc .ramfunc.*)
 *(.data .data.*)
 .data.SystemCoreClock
                0x20070000        0x4 src/ASF/sam/utils/cmsis/sam3x/source/templates/system_sam3x.o
                0x20070000                SystemCoreClock
 .data.xNextTaskUnblockTime
                0x20070004        0x4 src/ASF/thirdparty/freertos/freertos-7.3.0/source/tasks.o
 .data          0x20070008      0x430 d:/programs/atmel toolchain/arm gcc/native/4.7.3.99/arm-gnu-toolchain/bin/../lib/gcc/arm-none-eabi/4.7.3/../../../../arm-none-eabi/lib/armv7-m\libc.a(lib_a-impure.o)
                0x20070008                _impure_ptr
 .data          0x20070438       0x7c d:/programs/atmel toolchain/arm gcc/native/4.7.3.99/arm-gnu-toolchain/bin/../lib/gcc/arm-none-eabi/4.7.3/../../../../arm-none-eabi/lib/armv7-m\libc.a(lib_a-locale.o)
                0x20070458                __mb_cur_max
 .data          0x200704b4      0x410 d:/programs/atmel toolchain/arm gcc/native/4.7.3.99/arm-gnu-toolchain/bin/../lib/gcc/arm-none-eabi/4.7.3/../../../../arm-none-eabi/lib/armv7-m\libc.a(lib_a-mallocr.o)
                0x200704b4                __malloc_av_
                0x200708bc                __malloc_sbrk_base
                0x200708c0                __malloc_trim_threshold
 .data          0x200708c4        0x4 d:/programs/atmel toolchain/arm gcc/native/4.7.3.99/arm-gnu-toolchain/bin/../lib/gcc/arm-none-eabi/4.7.3/../../../../arm-none-eabi/lib/armv7-m\libc.a(lib_a-wctomb_r.o)
                0x200708c4                __wctomb
                0x200708c8                . = ALIGN (0x4)
                0x200708c8                _erelocate = .

.bss            0x200708c8      0x184 load address 0x00084acc
                0x200708c8                . = ALIGN (0x4)
                0x200708c8                _sbss = .
                0x200708c8                _szero = .
 *(.bss .bss.*)
 .bss           0x200708c8       0x1c d:/programs/atmel toolchain/arm gcc/native/4.7.3.99/arm-gnu-toolchain/bin/../lib/gcc/arm-none-eabi/4.7.3/armv7-m/crtbegin.o
 .bss.pwm_channel_instance
                0x200708e4       0x28 src/PWMFunctions.o
 .bss.gs_interrupt_sources
                0x2007090c       0x70 src/ASF/sam/drivers/pio/pio_handler.o
 .bss.heap.5084
                0x2007097c        0x4 src/ASF/sam/utils/syscalls/gcc/syscalls.o
 .bss.uxMissedTicks
                0x20070980        0x4 src/ASF/thirdparty/freertos/freertos-7.3.0/source/tasks.o
 .bss.pxDelayedTaskList
                0x20070984        0x4 src/ASF/thirdparty/freertos/freertos-7.3.0/source/tasks.o
 .bss.uxTopReadyPriority
                0x20070988        0x4 src/ASF/thirdparty/freertos/freertos-7.3.0/source/tasks.o
 .bss.pxReadyTasksLists
                0x2007098c       0x64 src/ASF/thirdparty/freertos/freertos-7.3.0/source/tasks.o
 .bss.uxSchedulerSuspended
                0x200709f0        0x4 src/ASF/thirdparty/freertos/freertos-7.3.0/source/tasks.o
 .bss.pxCurrentTCB
                0x200709f4        0x4 src/ASF/thirdparty/freertos/freertos-7.3.0/source/tasks.o
                0x200709f4                pxCurrentTCB
 .bss.xNumOfOverflows
                0x200709f8        0x4 src/ASF/thirdparty/freertos/freertos-7.3.0/source/tasks.o
 .bss.xTickCount
                0x200709fc        0x4 src/ASF/thirdparty/freertos/freertos-7.3.0/source/tasks.o
 .bss.pxOverflowDelayedTaskList
                0x20070a00        0x4 src/ASF/thirdparty/freertos/freertos-7.3.0/source/tasks.o
 .bss.xMissedYield
                0x20070a04        0x4 src/ASF/thirdparty/freertos/freertos-7.3.0/source/tasks.o
 .bss           0x20070a08       0x34 d:/programs/atmel toolchain/arm gcc/native/4.7.3.99/arm-gnu-toolchain/bin/../lib/gcc/arm-none-eabi/4.7.3/../../../../arm-none-eabi/lib/armv7-m\libc.a(lib_a-mallocr.o)
                0x20070a08                __malloc_top_pad
                0x20070a0c                __malloc_current_mallinfo
                0x20070a34                __malloc_max_sbrked_mem
                0x20070a38                __malloc_max_total_mem
 *(COMMON)
 COMMON         0x20070a3c        0x4 src/ASF/common/utils/stdio/read.o
                0x20070a3c                ptr_get
 COMMON         0x20070a40        0x8 src/ASF/common/utils/stdio/write.o
                0x20070a40                ptr_put
                0x20070a44                stdio_base
 COMMON         0x20070a48        0x4 d:/programs/atmel toolchain/arm gcc/native/4.7.3.99/arm-gnu-toolchain/bin/../lib/gcc/arm-none-eabi/4.7.3/../../../../arm-none-eabi/lib/armv7-m\libc.a(lib_a-reent.o)
                0x20070a48                errno
                0x20070a4c                . = ALIGN (0x4)
                0x20070a4c                _ebss = .
                0x20070a4c                _ezero = .

.stack          0x20070a4c     0x2004 load address 0x00084c50
                0x20070a50                . = ALIGN (0x8)
 *fill*         0x20070a4c        0x4 00
                0x20070a50                _sstack = .
                0x20072a50                . = (. + __stack_size__)
 *fill*         0x20070a50     0x2000 00
                0x20072a50                . = ALIGN (0x8)
                0x20072a50                _estack = .
                0x20072a50                . = ALIGN (0x4)
                0x20072a50                _end = .
OUTPUT(Project.elf elf32-littlearm)

.ARM.attributes
                0x00000000       0x29
 .ARM.attributes
                0x00000000       0x1d d:/programs/atmel toolchain/arm gcc/native/4.7.3.99/arm-gnu-toolchain/bin/../lib/gcc/arm-none-eabi/4.7.3/armv7-m/crti.o
 .ARM.attributes
                0x0000001d       0x2d d:/programs/atmel toolchain/arm gcc/native/4.7.3.99/arm-gnu-toolchain/bin/../lib/gcc/arm-none-eabi/4.7.3/armv7-m/crtbegin.o
 .ARM.attributes
                0x0000004a       0x33 src/ASF/common/services/clock/sam3x/sysclk.o
 .ARM.attributes
                0x0000007d       0x33 src/DelayFunctions.o
 .ARM.attributes
                0x000000b0       0x33 src/Motorshield.o
 .ARM.attributes
                0x000000e3       0x33 src/PWMFunctions.o
 .ARM.attributes
                0x00000116       0x33 src/SensorFunctions.o
 .ARM.attributes
                0x00000149       0x33 src/TestFunctions.o
 .ARM.attributes
                0x0000017c       0x33 src/ASF/common/utils/stdio/read.o
 .ARM.attributes
                0x000001af       0x33 src/ASF/common/utils/stdio/write.o
 .ARM.attributes
                0x000001e2       0x33 src/ASF/sam/boards/arduino_due_x/init.o
 .ARM.attributes
                0x00000215       0x33 src/ASF/sam/drivers/adc/adc.o
 .ARM.attributes
                0x00000248       0x33 src/ASF/sam/drivers/pio/pio.o
 .ARM.attributes
                0x0000027b       0x33 src/ASF/sam/drivers/pio/pio_handler.o
 .ARM.attributes
                0x000002ae       0x33 src/ASF/sam/drivers/pmc/pmc.o
 .ARM.attributes
                0x000002e1       0x33 src/ASF/sam/drivers/pwm/pwm.o
 .ARM.attributes
                0x00000314       0x33 src/ASF/sam/drivers/tc/tc.o
 .ARM.attributes
                0x00000347       0x33 src/ASF/sam/drivers/uart/uart.o
 .ARM.attributes
                0x0000037a       0x33 src/ASF/sam/drivers/usart/usart.o
 .ARM.attributes
                0x000003ad       0x33 src/ASF/sam/utils/cmsis/sam3x/source/templates/exceptions.o
 .ARM.attributes
                0x000003e0       0x33 src/ASF/sam/utils/cmsis/sam3x/source/templates/gcc/startup_sam3x.o
 .ARM.attributes
                0x00000413       0x33 src/ASF/sam/utils/cmsis/sam3x/source/templates/system_sam3x.o
 .ARM.attributes
                0x00000446       0x33 src/ASF/sam/utils/syscalls/gcc/syscalls.o
 .ARM.attributes
                0x00000479       0x33 src/ASF/thirdparty/freertos/freertos-7.3.0/source/list.o
 .ARM.attributes
                0x000004ac       0x33 src/ASF/thirdparty/freertos/freertos-7.3.0/source/portable/gcc/arm_cm3/port.o
 .ARM.attributes
                0x000004df       0x33 src/ASF/thirdparty/freertos/freertos-7.3.0/source/tasks.o
 .ARM.attributes
                0x00000512       0x33 src/ConsoleFunctions.o
 .ARM.attributes
                0x00000545       0x33 src/main.o
 .ARM.attributes
                0x00000578       0x2d d:/programs/atmel toolchain/arm gcc/native/4.7.3.99/arm-gnu-toolchain/bin/../lib/gcc/arm-none-eabi/4.7.3/../../../../arm-none-eabi/lib/armv7-m\libc.a(lib_a-atexit.o)
 .ARM.attributes
                0x000005a5       0x2d d:/programs/atmel toolchain/arm gcc/native/4.7.3.99/arm-gnu-toolchain/bin/../lib/gcc/arm-none-eabi/4.7.3/../../../../arm-none-eabi/lib/armv7-m\libc.a(lib_a-fini.o)
 .ARM.attributes
                0x000005d2       0x2d d:/programs/atmel toolchain/arm gcc/native/4.7.3.99/arm-gnu-toolchain/bin/../lib/gcc/arm-none-eabi/4.7.3/../../../../arm-none-eabi/lib/armv7-m\libc.a(lib_a-impure.o)
 .ARM.attributes
                0x000005ff       0x2d d:/programs/atmel toolchain/arm gcc/native/4.7.3.99/arm-gnu-toolchain/bin/../lib/gcc/arm-none-eabi/4.7.3/../../../../arm-none-eabi/lib/armv7-m\libc.a(lib_a-init.o)
 .ARM.attributes
                0x0000062c       0x2d d:/programs/atmel toolchain/arm gcc/native/4.7.3.99/arm-gnu-toolchain/bin/../lib/gcc/arm-none-eabi/4.7.3/../../../../arm-none-eabi/lib/armv7-m\libc.a(lib_a-iprintf.o)
 .ARM.attributes
                0x00000659       0x2d d:/programs/atmel toolchain/arm gcc/native/4.7.3.99/arm-gnu-toolchain/bin/../lib/gcc/arm-none-eabi/4.7.3/../../../../arm-none-eabi/lib/armv7-m\libc.a(lib_a-memcpy.o)
 .ARM.attributes
                0x00000686       0x2d d:/programs/atmel toolchain/arm gcc/native/4.7.3.99/arm-gnu-toolchain/bin/../lib/gcc/arm-none-eabi/4.7.3/../../../../arm-none-eabi/lib/armv7-m\libc.a(lib_a-memset.o)
 .ARM.attributes
                0x000006b3       0x2d d:/programs/atmel toolchain/arm gcc/native/4.7.3.99/arm-gnu-toolchain/bin/../lib/gcc/arm-none-eabi/4.7.3/../../../../arm-none-eabi/lib/armv7-m\libc.a(lib_a-setbuf.o)
 .ARM.attributes
                0x000006e0       0x2d d:/programs/atmel toolchain/arm gcc/native/4.7.3.99/arm-gnu-toolchain/bin/../lib/gcc/arm-none-eabi/4.7.3/../../../../arm-none-eabi/lib/armv7-m\libc.a(lib_a-setvbuf.o)
 .ARM.attributes
                0x0000070d       0x2d d:/programs/atmel toolchain/arm gcc/native/4.7.3.99/arm-gnu-toolchain/bin/../lib/gcc/arm-none-eabi/4.7.3/../../../../arm-none-eabi/lib/armv7-m\libc.a(lib_a-strlen.o)
 .ARM.attributes
                0x0000073a       0x2d d:/programs/atmel toolchain/arm gcc/native/4.7.3.99/arm-gnu-toolchain/bin/../lib/gcc/arm-none-eabi/4.7.3/../../../../arm-none-eabi/lib/armv7-m\libc.a(lib_a-vfiprintf.o)
 .ARM.attributes
                0x00000767       0x2d d:/programs/atmel toolchain/arm gcc/native/4.7.3.99/arm-gnu-toolchain/bin/../lib/gcc/arm-none-eabi/4.7.3/../../../../arm-none-eabi/lib/armv7-m\libc.a(lib_a-wsetup.o)
 .ARM.attributes
                0x00000794       0x2d d:/programs/atmel toolchain/arm gcc/native/4.7.3.99/arm-gnu-toolchain/bin/../lib/gcc/arm-none-eabi/4.7.3/../../../../arm-none-eabi/lib/armv7-m\libc.a(lib_a-__atexit.o)
 .ARM.attributes
                0x000007c1       0x2d d:/programs/atmel toolchain/arm gcc/native/4.7.3.99/arm-gnu-toolchain/bin/../lib/gcc/arm-none-eabi/4.7.3/../../../../arm-none-eabi/lib/armv7-m\libc.a(lib_a-__call_atexit.o)
 .ARM.attributes
                0x000007ee       0x2d d:/programs/atmel toolchain/arm gcc/native/4.7.3.99/arm-gnu-toolchain/bin/../lib/gcc/arm-none-eabi/4.7.3/../../../../arm-none-eabi/lib/armv7-m\libc.a(lib_a-fflush.o)
 .ARM.attributes
                0x0000081b       0x2d d:/programs/atmel toolchain/arm gcc/native/4.7.3.99/arm-gnu-toolchain/bin/../lib/gcc/arm-none-eabi/4.7.3/../../../../arm-none-eabi/lib/armv7-m\libc.a(lib_a-findfp.o)
 .ARM.attributes
                0x00000848       0x2d d:/programs/atmel toolchain/arm gcc/native/4.7.3.99/arm-gnu-toolchain/bin/../lib/gcc/arm-none-eabi/4.7.3/../../../../arm-none-eabi/lib/armv7-m\libc.a(lib_a-fputwc.o)
 .ARM.attributes
                0x00000875       0x2d d:/programs/atmel toolchain/arm gcc/native/4.7.3.99/arm-gnu-toolchain/bin/../lib/gcc/arm-none-eabi/4.7.3/../../../../arm-none-eabi/lib/armv7-m\libc.a(lib_a-freer.o)
 .ARM.attributes
                0x000008a2       0x2d d:/programs/atmel toolchain/arm gcc/native/4.7.3.99/arm-gnu-toolchain/bin/../lib/gcc/arm-none-eabi/4.7.3/../../../../arm-none-eabi/lib/armv7-m\libc.a(lib_a-fvwrite.o)
 .ARM.attributes
                0x000008cf       0x2d d:/programs/atmel toolchain/arm gcc/native/4.7.3.99/arm-gnu-toolchain/bin/../lib/gcc/arm-none-eabi/4.7.3/../../../../arm-none-eabi/lib/armv7-m\libc.a(lib_a-fwalk.o)
 .ARM.attributes
                0x000008fc       0x2d d:/programs/atmel toolchain/arm gcc/native/4.7.3.99/arm-gnu-toolchain/bin/../lib/gcc/arm-none-eabi/4.7.3/../../../../arm-none-eabi/lib/armv7-m\libc.a(lib_a-locale.o)
 .ARM.attributes
                0x00000929       0x2d d:/programs/atmel toolchain/arm gcc/native/4.7.3.99/arm-gnu-toolchain/bin/../lib/gcc/arm-none-eabi/4.7.3/../../../../arm-none-eabi/lib/armv7-m\libc.a(lib_a-makebuf.o)
 .ARM.attributes
                0x00000956       0x2d d:/programs/atmel toolchain/arm gcc/native/4.7.3.99/arm-gnu-toolchain/bin/../lib/gcc/arm-none-eabi/4.7.3/../../../../arm-none-eabi/lib/armv7-m\libc.a(lib_a-malloc.o)
 .ARM.attributes
                0x00000983       0x2d d:/programs/atmel toolchain/arm gcc/native/4.7.3.99/arm-gnu-toolchain/bin/../lib/gcc/arm-none-eabi/4.7.3/../../../../arm-none-eabi/lib/armv7-m\libc.a(lib_a-mallocr.o)
 .ARM.attributes
                0x000009b0       0x2d d:/programs/atmel toolchain/arm gcc/native/4.7.3.99/arm-gnu-toolchain/bin/../lib/gcc/arm-none-eabi/4.7.3/../../../../arm-none-eabi/lib/armv7-m\libc.a(lib_a-memchr.o)
 .ARM.attributes
                0x000009dd       0x2d d:/programs/atmel toolchain/arm gcc/native/4.7.3.99/arm-gnu-toolchain/bin/../lib/gcc/arm-none-eabi/4.7.3/../../../../arm-none-eabi/lib/armv7-m\libc.a(lib_a-memmove.o)
 .ARM.attributes
                0x00000a0a       0x2d d:/programs/atmel toolchain/arm gcc/native/4.7.3.99/arm-gnu-toolchain/bin/../lib/gcc/arm-none-eabi/4.7.3/../../../../arm-none-eabi/lib/armv7-m\libc.a(lib_a-mlock.o)
 .ARM.attributes
                0x00000a37       0x2d d:/programs/atmel toolchain/arm gcc/native/4.7.3.99/arm-gnu-toolchain/bin/../lib/gcc/arm-none-eabi/4.7.3/../../../../arm-none-eabi/lib/armv7-m\libc.a(lib_a-reallocr.o)
 .ARM.attributes
                0x00000a64       0x2d d:/programs/atmel toolchain/arm gcc/native/4.7.3.99/arm-gnu-toolchain/bin/../lib/gcc/arm-none-eabi/4.7.3/../../../../arm-none-eabi/lib/armv7-m\libc.a(lib_a-sbrkr.o)
 .ARM.attributes
                0x00000a91       0x2d d:/programs/atmel toolchain/arm gcc/native/4.7.3.99/arm-gnu-toolchain/bin/../lib/gcc/arm-none-eabi/4.7.3/../../../../arm-none-eabi/lib/armv7-m\libc.a(lib_a-stdio.o)
 .ARM.attributes
                0x00000abe       0x2d d:/programs/atmel toolchain/arm gcc/native/4.7.3.99/arm-gnu-toolchain/bin/../lib/gcc/arm-none-eabi/4.7.3/../../../../arm-none-eabi/lib/armv7-m\libc.a(lib_a-strcmp.o)
 .ARM.attributes
                0x00000aeb       0x2d d:/programs/atmel toolchain/arm gcc/native/4.7.3.99/arm-gnu-toolchain/bin/../lib/gcc/arm-none-eabi/4.7.3/../../../../arm-none-eabi/lib/armv7-m\libc.a(lib_a-wbuf.o)
 .ARM.attributes
                0x00000b18       0x2d d:/programs/atmel toolchain/arm gcc/native/4.7.3.99/arm-gnu-toolchain/bin/../lib/gcc/arm-none-eabi/4.7.3/../../../../arm-none-eabi/lib/armv7-m\libc.a(lib_a-wcrtomb.o)
 .ARM.attributes
                0x00000b45       0x2d d:/programs/atmel toolchain/arm gcc/native/4.7.3.99/arm-gnu-toolchain/bin/../lib/gcc/arm-none-eabi/4.7.3/../../../../arm-none-eabi/lib/armv7-m\libc.a(lib_a-wctomb_r.o)
 .ARM.attributes
                0x00000b72       0x2d d:/programs/atmel toolchain/arm gcc/native/4.7.3.99/arm-gnu-toolchain/bin/../lib/gcc/arm-none-eabi/4.7.3/../../../../arm-none-eabi/lib/armv7-m\libc.a(lib_a-writer.o)
 .ARM.attributes
                0x00000b9f       0x2d d:/programs/atmel toolchain/arm gcc/native/4.7.3.99/arm-gnu-toolchain/bin/../lib/gcc/arm-none-eabi/4.7.3/../../../../arm-none-eabi/lib/armv7-m\libc.a(lib_a-closer.o)
 .ARM.attributes
                0x00000bcc       0x2d d:/programs/atmel toolchain/arm gcc/native/4.7.3.99/arm-gnu-toolchain/bin/../lib/gcc/arm-none-eabi/4.7.3/../../../../arm-none-eabi/lib/armv7-m\libc.a(lib_a-fclose.o)
 .ARM.attributes
                0x00000bf9       0x2d d:/programs/atmel toolchain/arm gcc/native/4.7.3.99/arm-gnu-toolchain/bin/../lib/gcc/arm-none-eabi/4.7.3/../../../../arm-none-eabi/lib/armv7-m\libc.a(lib_a-fstatr.o)
 .ARM.attributes
                0x00000c26       0x2d d:/programs/atmel toolchain/arm gcc/native/4.7.3.99/arm-gnu-toolchain/bin/../lib/gcc/arm-none-eabi/4.7.3/../../../../arm-none-eabi/lib/armv7-m\libc.a(lib_a-isattyr.o)
 .ARM.attributes
                0x00000c53       0x2d d:/programs/atmel toolchain/arm gcc/native/4.7.3.99/arm-gnu-toolchain/bin/../lib/gcc/arm-none-eabi/4.7.3/../../../../arm-none-eabi/lib/armv7-m\libc.a(lib_a-lseekr.o)
 .ARM.attributes
                0x00000c80       0x2d d:/programs/atmel toolchain/arm gcc/native/4.7.3.99/arm-gnu-toolchain/bin/../lib/gcc/arm-none-eabi/4.7.3/../../../../arm-none-eabi/lib/armv7-m\libc.a(lib_a-readr.o)
 .ARM.attributes
                0x00000cad       0x2d d:/programs/atmel toolchain/arm gcc/native/4.7.3.99/arm-gnu-toolchain/bin/../lib/gcc/arm-none-eabi/4.7.3/../../../../arm-none-eabi/lib/armv7-m\libc.a(lib_a-reent.o)
 .ARM.attributes
                0x00000cda       0x1d d:/programs/atmel toolchain/arm gcc/native/4.7.3.99/arm-gnu-toolchain/bin/../lib/gcc/arm-none-eabi/4.7.3/armv7-m\libgcc.a(_aeabi_uldivmod.o)
 .ARM.attributes
                0x00000cf7       0x2d d:/programs/atmel toolchain/arm gcc/native/4.7.3.99/arm-gnu-toolchain/bin/../lib/gcc/arm-none-eabi/4.7.3/armv7-m\libgcc.a(bpabi.o)
 .ARM.attributes
                0x00000d24       0x1d d:/programs/atmel toolchain/arm gcc/native/4.7.3.99/arm-gnu-toolchain/bin/../lib/gcc/arm-none-eabi/4.7.3/armv7-m\libgcc.a(_dvmd_tls.o)
 .ARM.attributes
                0x00000d41       0x2d d:/programs/atmel toolchain/arm gcc/native/4.7.3.99/arm-gnu-toolchain/bin/../lib/gcc/arm-none-eabi/4.7.3/armv7-m\libgcc.a(_divdi3.o)
 .ARM.attributes
                0x00000d6e       0x2d d:/programs/atmel toolchain/arm gcc/native/4.7.3.99/arm-gnu-toolchain/bin/../lib/gcc/arm-none-eabi/4.7.3/armv7-m\libgcc.a(_udivdi3.o)
 .ARM.attributes
                0x00000d9b       0x2d d:/programs/atmel toolchain/arm gcc/native/4.7.3.99/arm-gnu-toolchain/bin/../lib/gcc/arm-none-eabi/4.7.3/armv7-m/crtend.o
 .ARM.attributes
                0x00000dc8       0x1d d:/programs/atmel toolchain/arm gcc/native/4.7.3.99/arm-gnu-toolchain/bin/../lib/gcc/arm-none-eabi/4.7.3/armv7-m/crtn.o

.comment        0x00000000       0x70
 .comment       0x00000000       0x70 d:/programs/atmel toolchain/arm gcc/native/4.7.3.99/arm-gnu-toolchain/bin/../lib/gcc/arm-none-eabi/4.7.3/armv7-m/crtbegin.o
                                 0x71 (size before relaxing)
 .comment       0x00000000       0x71 src/ASF/common/services/clock/sam3x/sysclk.o
 .comment       0x00000000       0x71 src/DelayFunctions.o
 .comment       0x00000000       0x71 src/Motorshield.o
 .comment       0x00000000       0x71 src/PWMFunctions.o
 .comment       0x00000000       0x71 src/SensorFunctions.o
 .comment       0x00000000       0x71 src/TestFunctions.o
 .comment       0x00000000       0x71 src/ASF/common/utils/stdio/read.o
 .comment       0x00000000       0x71 src/ASF/common/utils/stdio/write.o
 .comment       0x00000000       0x71 src/ASF/sam/boards/arduino_due_x/init.o
 .comment       0x00000000       0x71 src/ASF/sam/drivers/adc/adc.o
 .comment       0x00000000       0x71 src/ASF/sam/drivers/pio/pio.o
 .comment       0x00000000       0x71 src/ASF/sam/drivers/pio/pio_handler.o
 .comment       0x00000000       0x71 src/ASF/sam/drivers/pmc/pmc.o
 .comment       0x00000000       0x71 src/ASF/sam/drivers/pwm/pwm.o
 .comment       0x00000000       0x71 src/ASF/sam/drivers/tc/tc.o
 .comment       0x00000000       0x71 src/ASF/sam/drivers/uart/uart.o
 .comment       0x00000000       0x71 src/ASF/sam/drivers/usart/usart.o
 .comment       0x00000000       0x71 src/ASF/sam/utils/cmsis/sam3x/source/templates/exceptions.o
 .comment       0x00000000       0x71 src/ASF/sam/utils/cmsis/sam3x/source/templates/gcc/startup_sam3x.o
 .comment       0x00000000       0x71 src/ASF/sam/utils/cmsis/sam3x/source/templates/system_sam3x.o
 .comment       0x00000000       0x71 src/ASF/sam/utils/syscalls/gcc/syscalls.o
 .comment       0x00000000       0x71 src/ASF/thirdparty/freertos/freertos-7.3.0/source/list.o
 .comment       0x00000000       0x71 src/ASF/thirdparty/freertos/freertos-7.3.0/source/portable/gcc/arm_cm3/port.o
 .comment       0x00000000       0x71 src/ASF/thirdparty/freertos/freertos-7.3.0/source/tasks.o
 .comment       0x00000000       0x71 src/ConsoleFunctions.o
 .comment       0x00000000       0x71 src/main.o
 .comment       0x00000000       0x71 d:/programs/atmel toolchain/arm gcc/native/4.7.3.99/arm-gnu-toolchain/bin/../lib/gcc/arm-none-eabi/4.7.3/../../../../arm-none-eabi/lib/armv7-m\libc.a(lib_a-atexit.o)
 .comment       0x00000000       0x71 d:/programs/atmel toolchain/arm gcc/native/4.7.3.99/arm-gnu-toolchain/bin/../lib/gcc/arm-none-eabi/4.7.3/../../../../arm-none-eabi/lib/armv7-m\libc.a(lib_a-fini.o)
 .comment       0x00000000       0x71 d:/programs/atmel toolchain/arm gcc/native/4.7.3.99/arm-gnu-toolchain/bin/../lib/gcc/arm-none-eabi/4.7.3/../../../../arm-none-eabi/lib/armv7-m\libc.a(lib_a-impure.o)
 .comment       0x00000000       0x71 d:/programs/atmel toolchain/arm gcc/native/4.7.3.99/arm-gnu-toolchain/bin/../lib/gcc/arm-none-eabi/4.7.3/../../../../arm-none-eabi/lib/armv7-m\libc.a(lib_a-init.o)
 .comment       0x00000000       0x71 d:/programs/atmel toolchain/arm gcc/native/4.7.3.99/arm-gnu-toolchain/bin/../lib/gcc/arm-none-eabi/4.7.3/../../../../arm-none-eabi/lib/armv7-m\libc.a(lib_a-iprintf.o)
 .comment       0x00000000       0x71 d:/programs/atmel toolchain/arm gcc/native/4.7.3.99/arm-gnu-toolchain/bin/../lib/gcc/arm-none-eabi/4.7.3/../../../../arm-none-eabi/lib/armv7-m\libc.a(lib_a-memcpy.o)
 .comment       0x00000000       0x71 d:/programs/atmel toolchain/arm gcc/native/4.7.3.99/arm-gnu-toolchain/bin/../lib/gcc/arm-none-eabi/4.7.3/../../../../arm-none-eabi/lib/armv7-m\libc.a(lib_a-memset.o)
 .comment       0x00000000       0x71 d:/programs/atmel toolchain/arm gcc/native/4.7.3.99/arm-gnu-toolchain/bin/../lib/gcc/arm-none-eabi/4.7.3/../../../../arm-none-eabi/lib/armv7-m\libc.a(lib_a-setbuf.o)
 .comment       0x00000000       0x71 d:/programs/atmel toolchain/arm gcc/native/4.7.3.99/arm-gnu-toolchain/bin/../lib/gcc/arm-none-eabi/4.7.3/../../../../arm-none-eabi/lib/armv7-m\libc.a(lib_a-setvbuf.o)
 .comment       0x00000000       0x71 d:/programs/atmel toolchain/arm gcc/native/4.7.3.99/arm-gnu-toolchain/bin/../lib/gcc/arm-none-eabi/4.7.3/../../../../arm-none-eabi/lib/armv7-m\libc.a(lib_a-strlen.o)
 .comment       0x00000000       0x71 d:/programs/atmel toolchain/arm gcc/native/4.7.3.99/arm-gnu-toolchain/bin/../lib/gcc/arm-none-eabi/4.7.3/../../../../arm-none-eabi/lib/armv7-m\libc.a(lib_a-vfiprintf.o)
 .comment       0x00000000       0x71 d:/programs/atmel toolchain/arm gcc/native/4.7.3.99/arm-gnu-toolchain/bin/../lib/gcc/arm-none-eabi/4.7.3/../../../../arm-none-eabi/lib/armv7-m\libc.a(lib_a-wsetup.o)
 .comment       0x00000000       0x71 d:/programs/atmel toolchain/arm gcc/native/4.7.3.99/arm-gnu-toolchain/bin/../lib/gcc/arm-none-eabi/4.7.3/../../../../arm-none-eabi/lib/armv7-m\libc.a(lib_a-__atexit.o)
 .comment       0x00000000       0x71 d:/programs/atmel toolchain/arm gcc/native/4.7.3.99/arm-gnu-toolchain/bin/../lib/gcc/arm-none-eabi/4.7.3/../../../../arm-none-eabi/lib/armv7-m\libc.a(lib_a-__call_atexit.o)
 .comment       0x00000000       0x71 d:/programs/atmel toolchain/arm gcc/native/4.7.3.99/arm-gnu-toolchain/bin/../lib/gcc/arm-none-eabi/4.7.3/../../../../arm-none-eabi/lib/armv7-m\libc.a(lib_a-fflush.o)
 .comment       0x00000000       0x71 d:/programs/atmel toolchain/arm gcc/native/4.7.3.99/arm-gnu-toolchain/bin/../lib/gcc/arm-none-eabi/4.7.3/../../../../arm-none-eabi/lib/armv7-m\libc.a(lib_a-findfp.o)
 .comment       0x00000000       0x71 d:/programs/atmel toolchain/arm gcc/native/4.7.3.99/arm-gnu-toolchain/bin/../lib/gcc/arm-none-eabi/4.7.3/../../../../arm-none-eabi/lib/armv7-m\libc.a(lib_a-fputwc.o)
 .comment       0x00000000       0x71 d:/programs/atmel toolchain/arm gcc/native/4.7.3.99/arm-gnu-toolchain/bin/../lib/gcc/arm-none-eabi/4.7.3/../../../../arm-none-eabi/lib/armv7-m\libc.a(lib_a-freer.o)
 .comment       0x00000000       0x71 d:/programs/atmel toolchain/arm gcc/native/4.7.3.99/arm-gnu-toolchain/bin/../lib/gcc/arm-none-eabi/4.7.3/../../../../arm-none-eabi/lib/armv7-m\libc.a(lib_a-fvwrite.o)
 .comment       0x00000000       0x71 d:/programs/atmel toolchain/arm gcc/native/4.7.3.99/arm-gnu-toolchain/bin/../lib/gcc/arm-none-eabi/4.7.3/../../../../arm-none-eabi/lib/armv7-m\libc.a(lib_a-fwalk.o)
 .comment       0x00000000       0x71 d:/programs/atmel toolchain/arm gcc/native/4.7.3.99/arm-gnu-toolchain/bin/../lib/gcc/arm-none-eabi/4.7.3/../../../../arm-none-eabi/lib/armv7-m\libc.a(lib_a-locale.o)
 .comment       0x00000000       0x71 d:/programs/atmel toolchain/arm gcc/native/4.7.3.99/arm-gnu-toolchain/bin/../lib/gcc/arm-none-eabi/4.7.3/../../../../arm-none-eabi/lib/armv7-m\libc.a(lib_a-makebuf.o)
 .comment       0x00000000       0x71 d:/programs/atmel toolchain/arm gcc/native/4.7.3.99/arm-gnu-toolchain/bin/../lib/gcc/arm-none-eabi/4.7.3/../../../../arm-none-eabi/lib/armv7-m\libc.a(lib_a-malloc.o)
 .comment       0x00000000       0x71 d:/programs/atmel toolchain/arm gcc/native/4.7.3.99/arm-gnu-toolchain/bin/../lib/gcc/arm-none-eabi/4.7.3/../../../../arm-none-eabi/lib/armv7-m\libc.a(lib_a-mallocr.o)
 .comment       0x00000000       0x71 d:/programs/atmel toolchain/arm gcc/native/4.7.3.99/arm-gnu-toolchain/bin/../lib/gcc/arm-none-eabi/4.7.3/../../../../arm-none-eabi/lib/armv7-m\libc.a(lib_a-memchr.o)
 .comment       0x00000000       0x71 d:/programs/atmel toolchain/arm gcc/native/4.7.3.99/arm-gnu-toolchain/bin/../lib/gcc/arm-none-eabi/4.7.3/../../../../arm-none-eabi/lib/armv7-m\libc.a(lib_a-memmove.o)
 .comment       0x00000000       0x71 d:/programs/atmel toolchain/arm gcc/native/4.7.3.99/arm-gnu-toolchain/bin/../lib/gcc/arm-none-eabi/4.7.3/../../../../arm-none-eabi/lib/armv7-m\libc.a(lib_a-mlock.o)
 .comment       0x00000000       0x71 d:/programs/atmel toolchain/arm gcc/native/4.7.3.99/arm-gnu-toolchain/bin/../lib/gcc/arm-none-eabi/4.7.3/../../../../arm-none-eabi/lib/armv7-m\libc.a(lib_a-reallocr.o)
 .comment       0x00000000       0x71 d:/programs/atmel toolchain/arm gcc/native/4.7.3.99/arm-gnu-toolchain/bin/../lib/gcc/arm-none-eabi/4.7.3/../../../../arm-none-eabi/lib/armv7-m\libc.a(lib_a-sbrkr.o)
 .comment       0x00000000       0x71 d:/programs/atmel toolchain/arm gcc/native/4.7.3.99/arm-gnu-toolchain/bin/../lib/gcc/arm-none-eabi/4.7.3/../../../../arm-none-eabi/lib/armv7-m\libc.a(lib_a-stdio.o)
 .comment       0x00000000       0x71 d:/programs/atmel toolchain/arm gcc/native/4.7.3.99/arm-gnu-toolchain/bin/../lib/gcc/arm-none-eabi/4.7.3/../../../../arm-none-eabi/lib/armv7-m\libc.a(lib_a-strcmp.o)
 .comment       0x00000000       0x71 d:/programs/atmel toolchain/arm gcc/native/4.7.3.99/arm-gnu-toolchain/bin/../lib/gcc/arm-none-eabi/4.7.3/../../../../arm-none-eabi/lib/armv7-m\libc.a(lib_a-wbuf.o)
 .comment       0x00000000       0x71 d:/programs/atmel toolchain/arm gcc/native/4.7.3.99/arm-gnu-toolchain/bin/../lib/gcc/arm-none-eabi/4.7.3/../../../../arm-none-eabi/lib/armv7-m\libc.a(lib_a-wcrtomb.o)
 .comment       0x00000000       0x71 d:/programs/atmel toolchain/arm gcc/native/4.7.3.99/arm-gnu-toolchain/bin/../lib/gcc/arm-none-eabi/4.7.3/../../../../arm-none-eabi/lib/armv7-m\libc.a(lib_a-wctomb_r.o)
 .comment       0x00000000       0x71 d:/programs/atmel toolchain/arm gcc/native/4.7.3.99/arm-gnu-toolchain/bin/../lib/gcc/arm-none-eabi/4.7.3/../../../../arm-none-eabi/lib/armv7-m\libc.a(lib_a-writer.o)
 .comment       0x00000000       0x71 d:/programs/atmel toolchain/arm gcc/native/4.7.3.99/arm-gnu-toolchain/bin/../lib/gcc/arm-none-eabi/4.7.3/../../../../arm-none-eabi/lib/armv7-m\libc.a(lib_a-closer.o)
 .comment       0x00000000       0x71 d:/programs/atmel toolchain/arm gcc/native/4.7.3.99/arm-gnu-toolchain/bin/../lib/gcc/arm-none-eabi/4.7.3/../../../../arm-none-eabi/lib/armv7-m\libc.a(lib_a-fclose.o)
 .comment       0x00000000       0x71 d:/programs/atmel toolchain/arm gcc/native/4.7.3.99/arm-gnu-toolchain/bin/../lib/gcc/arm-none-eabi/4.7.3/../../../../arm-none-eabi/lib/armv7-m\libc.a(lib_a-fstatr.o)
 .comment       0x00000000       0x71 d:/programs/atmel toolchain/arm gcc/native/4.7.3.99/arm-gnu-toolchain/bin/../lib/gcc/arm-none-eabi/4.7.3/../../../../arm-none-eabi/lib/armv7-m\libc.a(lib_a-isattyr.o)
 .comment       0x00000000       0x71 d:/programs/atmel toolchain/arm gcc/native/4.7.3.99/arm-gnu-toolchain/bin/../lib/gcc/arm-none-eabi/4.7.3/../../../../arm-none-eabi/lib/armv7-m\libc.a(lib_a-lseekr.o)
 .comment       0x00000000       0x71 d:/programs/atmel toolchain/arm gcc/native/4.7.3.99/arm-gnu-toolchain/bin/../lib/gcc/arm-none-eabi/4.7.3/../../../../arm-none-eabi/lib/armv7-m\libc.a(lib_a-readr.o)
 .comment       0x00000000       0x71 d:/programs/atmel toolchain/arm gcc/native/4.7.3.99/arm-gnu-toolchain/bin/../lib/gcc/arm-none-eabi/4.7.3/../../../../arm-none-eabi/lib/armv7-m\libc.a(lib_a-reent.o)
 .comment       0x00000000       0x71 d:/programs/atmel toolchain/arm gcc/native/4.7.3.99/arm-gnu-toolchain/bin/../lib/gcc/arm-none-eabi/4.7.3/armv7-m\libgcc.a(bpabi.o)
 .comment       0x00000000       0x71 d:/programs/atmel toolchain/arm gcc/native/4.7.3.99/arm-gnu-toolchain/bin/../lib/gcc/arm-none-eabi/4.7.3/armv7-m\libgcc.a(_divdi3.o)
 .comment       0x00000000       0x71 d:/programs/atmel toolchain/arm gcc/native/4.7.3.99/arm-gnu-toolchain/bin/../lib/gcc/arm-none-eabi/4.7.3/armv7-m\libgcc.a(_udivdi3.o)
 .comment       0x00000000       0x71 d:/programs/atmel toolchain/arm gcc/native/4.7.3.99/arm-gnu-toolchain/bin/../lib/gcc/arm-none-eabi/4.7.3/armv7-m/crtend.o

.debug_info     0x00000000    0x2b4fc
 .debug_info    0x00000000      0x72c src/ASF/common/services/clock/sam3x/sysclk.o
 .debug_info    0x0000072c      0xcc4 src/DelayFunctions.o
 .debug_info    0x000013f0     0x10d4 src/Motorshield.o
 .debug_info    0x000024c4     0x167c src/PWMFunctions.o
 .debug_info    0x00003b40      0xf17 src/SensorFunctions.o
 .debug_info    0x00004a57      0xa92 src/TestFunctions.o
 .debug_info    0x000054e9      0x1a6 src/ASF/common/utils/stdio/read.o
 .debug_info    0x0000568f      0x178 src/ASF/common/utils/stdio/write.o
 .debug_info    0x00005807      0x707 src/ASF/sam/boards/arduino_due_x/init.o
 .debug_info    0x00005f0e     0x10a7 src/ASF/sam/drivers/adc/adc.o
 .debug_info    0x00006fb5     0x1189 src/ASF/sam/drivers/pio/pio.o
 .debug_info    0x0000813e      0xda6 src/ASF/sam/drivers/pio/pio_handler.o
 .debug_info    0x00008ee4      0xff9 src/ASF/sam/drivers/pmc/pmc.o
 .debug_info    0x00009edd     0x1534 src/ASF/sam/drivers/pwm/pwm.o
 .debug_info    0x0000b411      0x910 src/ASF/sam/drivers/tc/tc.o
 .debug_info    0x0000bd21      0x7e0 src/ASF/sam/drivers/uart/uart.o
 .debug_info    0x0000c501     0x1b04 src/ASF/sam/drivers/usart/usart.o
 .debug_info    0x0000e005       0xae src/ASF/sam/utils/cmsis/sam3x/source/templates/exceptions.o
 .debug_info    0x0000e0b3      0x344 src/ASF/sam/utils/cmsis/sam3x/source/templates/gcc/startup_sam3x.o
 .debug_info    0x0000e3f7      0x462 src/ASF/sam/utils/cmsis/sam3x/source/templates/system_sam3x.o
 .debug_info    0x0000e859      0x427 src/ASF/sam/utils/syscalls/gcc/syscalls.o
 .debug_info    0x0000ec80      0x2b7 src/ASF/thirdparty/freertos/freertos-7.3.0/source/list.o
 .debug_info    0x0000ef37      0x365 src/ASF/thirdparty/freertos/freertos-7.3.0/source/portable/gcc/arm_cm3/port.o
 .debug_info    0x0000f29c     0x1887 src/ASF/thirdparty/freertos/freertos-7.3.0/source/tasks.o
 .debug_info    0x00010b23     0x125e src/ConsoleFunctions.o
 .debug_info    0x00011d81      0xa38 src/main.o
 .debug_info    0x000127b9      0x10f d:/programs/atmel toolchain/arm gcc/native/4.7.3.99/arm-gnu-toolchain/bin/../lib/gcc/arm-none-eabi/4.7.3/../../../../arm-none-eabi/lib/armv7-m\libc.a(lib_a-atexit.o)
 .debug_info    0x000128c8       0xf7 d:/programs/atmel toolchain/arm gcc/native/4.7.3.99/arm-gnu-toolchain/bin/../lib/gcc/arm-none-eabi/4.7.3/../../../../arm-none-eabi/lib/armv7-m\libc.a(lib_a-fini.o)
 .debug_info    0x000129bf      0x961 d:/programs/atmel toolchain/arm gcc/native/4.7.3.99/arm-gnu-toolchain/bin/../lib/gcc/arm-none-eabi/4.7.3/../../../../arm-none-eabi/lib/armv7-m\libc.a(lib_a-impure.o)
 .debug_info    0x00013320      0x110 d:/programs/atmel toolchain/arm gcc/native/4.7.3.99/arm-gnu-toolchain/bin/../lib/gcc/arm-none-eabi/4.7.3/../../../../arm-none-eabi/lib/armv7-m\libc.a(lib_a-init.o)
 .debug_info    0x00013430      0xa8d d:/programs/atmel toolchain/arm gcc/native/4.7.3.99/arm-gnu-toolchain/bin/../lib/gcc/arm-none-eabi/4.7.3/../../../../arm-none-eabi/lib/armv7-m\libc.a(lib_a-iprintf.o)
 .debug_info    0x00013ebd      0x103 d:/programs/atmel toolchain/arm gcc/native/4.7.3.99/arm-gnu-toolchain/bin/../lib/gcc/arm-none-eabi/4.7.3/../../../../arm-none-eabi/lib/armv7-m\libc.a(lib_a-memcpy.o)
 .debug_info    0x00013fc0       0xd3 d:/programs/atmel toolchain/arm gcc/native/4.7.3.99/arm-gnu-toolchain/bin/../lib/gcc/arm-none-eabi/4.7.3/../../../../arm-none-eabi/lib/armv7-m\libc.a(lib_a-memset.o)
 .debug_info    0x00014093      0x9d7 d:/programs/atmel toolchain/arm gcc/native/4.7.3.99/arm-gnu-toolchain/bin/../lib/gcc/arm-none-eabi/4.7.3/../../../../arm-none-eabi/lib/armv7-m\libc.a(lib_a-setbuf.o)
 .debug_info    0x00014a6a      0xa79 d:/programs/atmel toolchain/arm gcc/native/4.7.3.99/arm-gnu-toolchain/bin/../lib/gcc/arm-none-eabi/4.7.3/../../../../arm-none-eabi/lib/armv7-m\libc.a(lib_a-setvbuf.o)
 .debug_info    0x000154e3       0xcd d:/programs/atmel toolchain/arm gcc/native/4.7.3.99/arm-gnu-toolchain/bin/../lib/gcc/arm-none-eabi/4.7.3/../../../../arm-none-eabi/lib/armv7-m\libc.a(lib_a-strlen.o)
 .debug_info    0x000155b0     0x12ac d:/programs/atmel toolchain/arm gcc/native/4.7.3.99/arm-gnu-toolchain/bin/../lib/gcc/arm-none-eabi/4.7.3/../../../../arm-none-eabi/lib/armv7-m\libc.a(lib_a-vfiprintf.o)
 .debug_info    0x0001685c      0xa01 d:/programs/atmel toolchain/arm gcc/native/4.7.3.99/arm-gnu-toolchain/bin/../lib/gcc/arm-none-eabi/4.7.3/../../../../arm-none-eabi/lib/armv7-m\libc.a(lib_a-wsetup.o)
 .debug_info    0x0001725d      0xa15 d:/programs/atmel toolchain/arm gcc/native/4.7.3.99/arm-gnu-toolchain/bin/../lib/gcc/arm-none-eabi/4.7.3/../../../../arm-none-eabi/lib/armv7-m\libc.a(lib_a-__atexit.o)
 .debug_info    0x00017c72      0xa7c d:/programs/atmel toolchain/arm gcc/native/4.7.3.99/arm-gnu-toolchain/bin/../lib/gcc/arm-none-eabi/4.7.3/../../../../arm-none-eabi/lib/armv7-m\libc.a(lib_a-__call_atexit.o)
 .debug_info    0x000186ee      0xb2b d:/programs/atmel toolchain/arm gcc/native/4.7.3.99/arm-gnu-toolchain/bin/../lib/gcc/arm-none-eabi/4.7.3/../../../../arm-none-eabi/lib/armv7-m\libc.a(lib_a-fflush.o)
 .debug_info    0x00019219      0xdbc d:/programs/atmel toolchain/arm gcc/native/4.7.3.99/arm-gnu-toolchain/bin/../lib/gcc/arm-none-eabi/4.7.3/../../../../arm-none-eabi/lib/armv7-m\libc.a(lib_a-findfp.o)
 .debug_info    0x00019fd5      0xb7b d:/programs/atmel toolchain/arm gcc/native/4.7.3.99/arm-gnu-toolchain/bin/../lib/gcc/arm-none-eabi/4.7.3/../../../../arm-none-eabi/lib/armv7-m\libc.a(lib_a-fputwc.o)
 .debug_info    0x0001ab50      0xd0f d:/programs/atmel toolchain/arm gcc/native/4.7.3.99/arm-gnu-toolchain/bin/../lib/gcc/arm-none-eabi/4.7.3/../../../../arm-none-eabi/lib/armv7-m\libc.a(lib_a-freer.o)
 .debug_info    0x0001b85f      0xd8f d:/programs/atmel toolchain/arm gcc/native/4.7.3.99/arm-gnu-toolchain/bin/../lib/gcc/arm-none-eabi/4.7.3/../../../../arm-none-eabi/lib/armv7-m\libc.a(lib_a-fvwrite.o)
 .debug_info    0x0001c5ee      0xb9d d:/programs/atmel toolchain/arm gcc/native/4.7.3.99/arm-gnu-toolchain/bin/../lib/gcc/arm-none-eabi/4.7.3/../../../../arm-none-eabi/lib/armv7-m\libc.a(lib_a-fwalk.o)
 .debug_info    0x0001d18b      0xd0f d:/programs/atmel toolchain/arm gcc/native/4.7.3.99/arm-gnu-toolchain/bin/../lib/gcc/arm-none-eabi/4.7.3/../../../../arm-none-eabi/lib/armv7-m\libc.a(lib_a-locale.o)
 .debug_info    0x0001de9a      0xbea d:/programs/atmel toolchain/arm gcc/native/4.7.3.99/arm-gnu-toolchain/bin/../lib/gcc/arm-none-eabi/4.7.3/../../../../arm-none-eabi/lib/armv7-m\libc.a(lib_a-makebuf.o)
 .debug_info    0x0001ea84      0x9f2 d:/programs/atmel toolchain/arm gcc/native/4.7.3.99/arm-gnu-toolchain/bin/../lib/gcc/arm-none-eabi/4.7.3/../../../../arm-none-eabi/lib/armv7-m\libc.a(lib_a-malloc.o)
 .debug_info    0x0001f476      0xe25 d:/programs/atmel toolchain/arm gcc/native/4.7.3.99/arm-gnu-toolchain/bin/../lib/gcc/arm-none-eabi/4.7.3/../../../../arm-none-eabi/lib/armv7-m\libc.a(lib_a-mallocr.o)
 .debug_info    0x0002029b       0xf9 d:/programs/atmel toolchain/arm gcc/native/4.7.3.99/arm-gnu-toolchain/bin/../lib/gcc/arm-none-eabi/4.7.3/../../../../arm-none-eabi/lib/armv7-m\libc.a(lib_a-memchr.o)
 .debug_info    0x00020394      0x103 d:/programs/atmel toolchain/arm gcc/native/4.7.3.99/arm-gnu-toolchain/bin/../lib/gcc/arm-none-eabi/4.7.3/../../../../arm-none-eabi/lib/armv7-m\libc.a(lib_a-memmove.o)
 .debug_info    0x00020497      0x985 d:/programs/atmel toolchain/arm gcc/native/4.7.3.99/arm-gnu-toolchain/bin/../lib/gcc/arm-none-eabi/4.7.3/../../../../arm-none-eabi/lib/armv7-m\libc.a(lib_a-mlock.o)
 .debug_info    0x00020e1c      0xd3c d:/programs/atmel toolchain/arm gcc/native/4.7.3.99/arm-gnu-toolchain/bin/../lib/gcc/arm-none-eabi/4.7.3/../../../../arm-none-eabi/lib/armv7-m\libc.a(lib_a-reallocr.o)
 .debug_info    0x00021b58      0x9cc d:/programs/atmel toolchain/arm gcc/native/4.7.3.99/arm-gnu-toolchain/bin/../lib/gcc/arm-none-eabi/4.7.3/../../../../arm-none-eabi/lib/armv7-m\libc.a(lib_a-sbrkr.o)
 .debug_info    0x00022524      0xc7b d:/programs/atmel toolchain/arm gcc/native/4.7.3.99/arm-gnu-toolchain/bin/../lib/gcc/arm-none-eabi/4.7.3/../../../../arm-none-eabi/lib/armv7-m\libc.a(lib_a-stdio.o)
 .debug_info    0x0002319f       0xb5 d:/programs/atmel toolchain/arm gcc/native/4.7.3.99/arm-gnu-toolchain/bin/../lib/gcc/arm-none-eabi/4.7.3/../../../../arm-none-eabi/lib/armv7-m\libc.a(lib_a-strcmp.o)
 .debug_info    0x00023254      0xaa2 d:/programs/atmel toolchain/arm gcc/native/4.7.3.99/arm-gnu-toolchain/bin/../lib/gcc/arm-none-eabi/4.7.3/../../../../arm-none-eabi/lib/armv7-m\libc.a(lib_a-wbuf.o)
 .debug_info    0x00023cf6      0xaa8 d:/programs/atmel toolchain/arm gcc/native/4.7.3.99/arm-gnu-toolchain/bin/../lib/gcc/arm-none-eabi/4.7.3/../../../../arm-none-eabi/lib/armv7-m\libc.a(lib_a-wcrtomb.o)
 .debug_info    0x0002479e      0xa92 d:/programs/atmel toolchain/arm gcc/native/4.7.3.99/arm-gnu-toolchain/bin/../lib/gcc/arm-none-eabi/4.7.3/../../../../arm-none-eabi/lib/armv7-m\libc.a(lib_a-wctomb_r.o)
 .debug_info    0x00025230      0x9ff d:/programs/atmel toolchain/arm gcc/native/4.7.3.99/arm-gnu-toolchain/bin/../lib/gcc/arm-none-eabi/4.7.3/../../../../arm-none-eabi/lib/armv7-m\libc.a(lib_a-writer.o)
 .debug_info    0x00025c2f      0x9b6 d:/programs/atmel toolchain/arm gcc/native/4.7.3.99/arm-gnu-toolchain/bin/../lib/gcc/arm-none-eabi/4.7.3/../../../../arm-none-eabi/lib/armv7-m\libc.a(lib_a-closer.o)
 .debug_info    0x000265e5      0xac3 d:/programs/atmel toolchain/arm gcc/native/4.7.3.99/arm-gnu-toolchain/bin/../lib/gcc/arm-none-eabi/4.7.3/../../../../arm-none-eabi/lib/armv7-m\libc.a(lib_a-fclose.o)
 .debug_info    0x000270a8      0xb61 d:/programs/atmel toolchain/arm gcc/native/4.7.3.99/arm-gnu-toolchain/bin/../lib/gcc/arm-none-eabi/4.7.3/../../../../arm-none-eabi/lib/armv7-m\libc.a(lib_a-fstatr.o)
 .debug_info    0x00027c09      0x9b6 d:/programs/atmel toolchain/arm gcc/native/4.7.3.99/arm-gnu-toolchain/bin/../lib/gcc/arm-none-eabi/4.7.3/../../../../arm-none-eabi/lib/armv7-m\libc.a(lib_a-isattyr.o)
 .debug_info    0x000285bf      0x9ed d:/programs/atmel toolchain/arm gcc/native/4.7.3.99/arm-gnu-toolchain/bin/../lib/gcc/arm-none-eabi/4.7.3/../../../../arm-none-eabi/lib/armv7-m\libc.a(lib_a-lseekr.o)
 .debug_info    0x00028fac      0x9f8 d:/programs/atmel toolchain/arm gcc/native/4.7.3.99/arm-gnu-toolchain/bin/../lib/gcc/arm-none-eabi/4.7.3/../../../../arm-none-eabi/lib/armv7-m\libc.a(lib_a-readr.o)
 .debug_info    0x000299a4      0xb23 d:/programs/atmel toolchain/arm gcc/native/4.7.3.99/arm-gnu-toolchain/bin/../lib/gcc/arm-none-eabi/4.7.3/../../../../arm-none-eabi/lib/armv7-m\libc.a(lib_a-reent.o)
 .debug_info    0x0002a4c7       0xfd d:/programs/atmel toolchain/arm gcc/native/4.7.3.99/arm-gnu-toolchain/bin/../lib/gcc/arm-none-eabi/4.7.3/armv7-m\libgcc.a(_aeabi_uldivmod.o)
 .debug_info    0x0002a5c4      0x170 d:/programs/atmel toolchain/arm gcc/native/4.7.3.99/arm-gnu-toolchain/bin/../lib/gcc/arm-none-eabi/4.7.3/armv7-m\libgcc.a(bpabi.o)
 .debug_info    0x0002a734      0x101 d:/programs/atmel toolchain/arm gcc/native/4.7.3.99/arm-gnu-toolchain/bin/../lib/gcc/arm-none-eabi/4.7.3/armv7-m\libgcc.a(_dvmd_tls.o)
 .debug_info    0x0002a835      0x682 d:/programs/atmel toolchain/arm gcc/native/4.7.3.99/arm-gnu-toolchain/bin/../lib/gcc/arm-none-eabi/4.7.3/armv7-m\libgcc.a(_divdi3.o)
 .debug_info    0x0002aeb7      0x645 d:/programs/atmel toolchain/arm gcc/native/4.7.3.99/arm-gnu-toolchain/bin/../lib/gcc/arm-none-eabi/4.7.3/armv7-m\libgcc.a(_udivdi3.o)

.debug_abbrev   0x00000000     0x7f15
 .debug_abbrev  0x00000000      0x218 src/ASF/common/services/clock/sam3x/sysclk.o
 .debug_abbrev  0x00000218      0x1eb src/DelayFunctions.o
 .debug_abbrev  0x00000403      0x26e src/Motorshield.o
 .debug_abbrev  0x00000671      0x252 src/PWMFunctions.o
 .debug_abbrev  0x000008c3      0x233 src/SensorFunctions.o
 .debug_abbrev  0x00000af6      0x1e3 src/TestFunctions.o
 .debug_abbrev  0x00000cd9       0xfd src/ASF/common/utils/stdio/read.o
 .debug_abbrev  0x00000dd6       0xe6 src/ASF/common/utils/stdio/write.o
 .debug_abbrev  0x00000ebc      0x160 src/ASF/sam/boards/arduino_due_x/init.o
 .debug_abbrev  0x0000101c      0x226 src/ASF/sam/drivers/adc/adc.o
 .debug_abbrev  0x00001242      0x205 src/ASF/sam/drivers/pio/pio.o
 .debug_abbrev  0x00001447      0x266 src/ASF/sam/drivers/pio/pio_handler.o
 .debug_abbrev  0x000016ad      0x237 src/ASF/sam/drivers/pmc/pmc.o
 .debug_abbrev  0x000018e4      0x231 src/ASF/sam/drivers/pwm/pwm.o
 .debug_abbrev  0x00001b15      0x1bb src/ASF/sam/drivers/tc/tc.o
 .debug_abbrev  0x00001cd0      0x194 src/ASF/sam/drivers/uart/uart.o
 .debug_abbrev  0x00001e64      0x2a2 src/ASF/sam/drivers/usart/usart.o
 .debug_abbrev  0x00002106       0x6c src/ASF/sam/utils/cmsis/sam3x/source/templates/exceptions.o
 .debug_abbrev  0x00002172      0x107 src/ASF/sam/utils/cmsis/sam3x/source/templates/gcc/startup_sam3x.o
 .debug_abbrev  0x00002279       0xf5 src/ASF/sam/utils/cmsis/sam3x/source/templates/system_sam3x.o
 .debug_abbrev  0x0000236e      0x141 src/ASF/sam/utils/syscalls/gcc/syscalls.o
 .debug_abbrev  0x000024af       0xfb src/ASF/thirdparty/freertos/freertos-7.3.0/source/list.o
 .debug_abbrev  0x000025aa      0x246 src/ASF/thirdparty/freertos/freertos-7.3.0/source/portable/gcc/arm_cm3/port.o
 .debug_abbrev  0x000027f0      0x2ca src/ASF/thirdparty/freertos/freertos-7.3.0/source/tasks.o
 .debug_abbrev  0x00002aba      0x330 src/ConsoleFunctions.o
 .debug_abbrev  0x00002dea      0x19e src/main.o
 .debug_abbrev  0x00002f88       0xb6 d:/programs/atmel toolchain/arm gcc/native/4.7.3.99/arm-gnu-toolchain/bin/../lib/gcc/arm-none-eabi/4.7.3/../../../../arm-none-eabi/lib/armv7-m\libc.a(lib_a-atexit.o)
 .debug_abbrev  0x0000303e       0xbb d:/programs/atmel toolchain/arm gcc/native/4.7.3.99/arm-gnu-toolchain/bin/../lib/gcc/arm-none-eabi/4.7.3/../../../../arm-none-eabi/lib/armv7-m\libc.a(lib_a-fini.o)
 .debug_abbrev  0x000030f9      0x160 d:/programs/atmel toolchain/arm gcc/native/4.7.3.99/arm-gnu-toolchain/bin/../lib/gcc/arm-none-eabi/4.7.3/../../../../arm-none-eabi/lib/armv7-m\libc.a(lib_a-impure.o)
 .debug_abbrev  0x00003259       0xb8 d:/programs/atmel toolchain/arm gcc/native/4.7.3.99/arm-gnu-toolchain/bin/../lib/gcc/arm-none-eabi/4.7.3/../../../../arm-none-eabi/lib/armv7-m\libc.a(lib_a-init.o)
 .debug_abbrev  0x00003311      0x1ed d:/programs/atmel toolchain/arm gcc/native/4.7.3.99/arm-gnu-toolchain/bin/../lib/gcc/arm-none-eabi/4.7.3/../../../../arm-none-eabi/lib/armv7-m\libc.a(lib_a-iprintf.o)
 .debug_abbrev  0x000034fe       0xa2 d:/programs/atmel toolchain/arm gcc/native/4.7.3.99/arm-gnu-toolchain/bin/../lib/gcc/arm-none-eabi/4.7.3/../../../../arm-none-eabi/lib/armv7-m\libc.a(lib_a-memcpy.o)
 .debug_abbrev  0x000035a0       0x8c d:/programs/atmel toolchain/arm gcc/native/4.7.3.99/arm-gnu-toolchain/bin/../lib/gcc/arm-none-eabi/4.7.3/../../../../arm-none-eabi/lib/armv7-m\libc.a(lib_a-memset.o)
 .debug_abbrev  0x0000362c      0x19c d:/programs/atmel toolchain/arm gcc/native/4.7.3.99/arm-gnu-toolchain/bin/../lib/gcc/arm-none-eabi/4.7.3/../../../../arm-none-eabi/lib/armv7-m\libc.a(lib_a-setbuf.o)
 .debug_abbrev  0x000037c8      0x217 d:/programs/atmel toolchain/arm gcc/native/4.7.3.99/arm-gnu-toolchain/bin/../lib/gcc/arm-none-eabi/4.7.3/../../../../arm-none-eabi/lib/armv7-m\libc.a(lib_a-setvbuf.o)
 .debug_abbrev  0x000039df       0x8a d:/programs/atmel toolchain/arm gcc/native/4.7.3.99/arm-gnu-toolchain/bin/../lib/gcc/arm-none-eabi/4.7.3/../../../../arm-none-eabi/lib/armv7-m\libc.a(lib_a-strlen.o)
 .debug_abbrev  0x00003a69      0x3d8 d:/programs/atmel toolchain/arm gcc/native/4.7.3.99/arm-gnu-toolchain/bin/../lib/gcc/arm-none-eabi/4.7.3/../../../../arm-none-eabi/lib/armv7-m\libc.a(lib_a-vfiprintf.o)
 .debug_abbrev  0x00003e41      0x1d5 d:/programs/atmel toolchain/arm gcc/native/4.7.3.99/arm-gnu-toolchain/bin/../lib/gcc/arm-none-eabi/4.7.3/../../../../arm-none-eabi/lib/armv7-m\libc.a(lib_a-wsetup.o)
 .debug_abbrev  0x00004016      0x1fe d:/programs/atmel toolchain/arm gcc/native/4.7.3.99/arm-gnu-toolchain/bin/../lib/gcc/arm-none-eabi/4.7.3/../../../../arm-none-eabi/lib/armv7-m\libc.a(lib_a-__atexit.o)
 .debug_abbrev  0x00004214      0x265 d:/programs/atmel toolchain/arm gcc/native/4.7.3.99/arm-gnu-toolchain/bin/../lib/gcc/arm-none-eabi/4.7.3/../../../../arm-none-eabi/lib/armv7-m\libc.a(lib_a-__call_atexit.o)
 .debug_abbrev  0x00004479      0x25f d:/programs/atmel toolchain/arm gcc/native/4.7.3.99/arm-gnu-toolchain/bin/../lib/gcc/arm-none-eabi/4.7.3/../../../../arm-none-eabi/lib/armv7-m\libc.a(lib_a-fflush.o)
 .debug_abbrev  0x000046d8      0x317 d:/programs/atmel toolchain/arm gcc/native/4.7.3.99/arm-gnu-toolchain/bin/../lib/gcc/arm-none-eabi/4.7.3/../../../../arm-none-eabi/lib/armv7-m\libc.a(lib_a-findfp.o)
 .debug_abbrev  0x000049ef      0x285 d:/programs/atmel toolchain/arm gcc/native/4.7.3.99/arm-gnu-toolchain/bin/../lib/gcc/arm-none-eabi/4.7.3/../../../../arm-none-eabi/lib/armv7-m\libc.a(lib_a-fputwc.o)
 .debug_abbrev  0x00004c74      0x248 d:/programs/atmel toolchain/arm gcc/native/4.7.3.99/arm-gnu-toolchain/bin/../lib/gcc/arm-none-eabi/4.7.3/../../../../arm-none-eabi/lib/armv7-m\libc.a(lib_a-freer.o)
 .debug_abbrev  0x00004ebc      0x22e d:/programs/atmel toolchain/arm gcc/native/4.7.3.99/arm-gnu-toolchain/bin/../lib/gcc/arm-none-eabi/4.7.3/../../../../arm-none-eabi/lib/armv7-m\libc.a(lib_a-fvwrite.o)
 .debug_abbrev  0x000050ea      0x238 d:/programs/atmel toolchain/arm gcc/native/4.7.3.99/arm-gnu-toolchain/bin/../lib/gcc/arm-none-eabi/4.7.3/../../../../arm-none-eabi/lib/armv7-m\libc.a(lib_a-fwalk.o)
 .debug_abbrev  0x00005322      0x2a1 d:/programs/atmel toolchain/arm gcc/native/4.7.3.99/arm-gnu-toolchain/bin/../lib/gcc/arm-none-eabi/4.7.3/../../../../arm-none-eabi/lib/armv7-m\libc.a(lib_a-locale.o)
 .debug_abbrev  0x000055c3      0x1e8 d:/programs/atmel toolchain/arm gcc/native/4.7.3.99/arm-gnu-toolchain/bin/../lib/gcc/arm-none-eabi/4.7.3/../../../../arm-none-eabi/lib/armv7-m\libc.a(lib_a-makebuf.o)
 .debug_abbrev  0x000057ab      0x1da d:/programs/atmel toolchain/arm gcc/native/4.7.3.99/arm-gnu-toolchain/bin/../lib/gcc/arm-none-eabi/4.7.3/../../../../arm-none-eabi/lib/armv7-m\libc.a(lib_a-malloc.o)
 .debug_abbrev  0x00005985      0x286 d:/programs/atmel toolchain/arm gcc/native/4.7.3.99/arm-gnu-toolchain/bin/../lib/gcc/arm-none-eabi/4.7.3/../../../../arm-none-eabi/lib/armv7-m\libc.a(lib_a-mallocr.o)
 .debug_abbrev  0x00005c0b       0xa9 d:/programs/atmel toolchain/arm gcc/native/4.7.3.99/arm-gnu-toolchain/bin/../lib/gcc/arm-none-eabi/4.7.3/../../../../arm-none-eabi/lib/armv7-m\libc.a(lib_a-memchr.o)
 .debug_abbrev  0x00005cb4       0x9a d:/programs/atmel toolchain/arm gcc/native/4.7.3.99/arm-gnu-toolchain/bin/../lib/gcc/arm-none-eabi/4.7.3/../../../../arm-none-eabi/lib/armv7-m\libc.a(lib_a-memmove.o)
 .debug_abbrev  0x00005d4e      0x17a d:/programs/atmel toolchain/arm gcc/native/4.7.3.99/arm-gnu-toolchain/bin/../lib/gcc/arm-none-eabi/4.7.3/../../../../arm-none-eabi/lib/armv7-m\libc.a(lib_a-mlock.o)
 .debug_abbrev  0x00005ec8      0x265 d:/programs/atmel toolchain/arm gcc/native/4.7.3.99/arm-gnu-toolchain/bin/../lib/gcc/arm-none-eabi/4.7.3/../../../../arm-none-eabi/lib/armv7-m\libc.a(lib_a-reallocr.o)
 .debug_abbrev  0x0000612d      0x1dd d:/programs/atmel toolchain/arm gcc/native/4.7.3.99/arm-gnu-toolchain/bin/../lib/gcc/arm-none-eabi/4.7.3/../../../../arm-none-eabi/lib/armv7-m\libc.a(lib_a-sbrkr.o)
 .debug_abbrev  0x0000630a      0x244 d:/programs/atmel toolchain/arm gcc/native/4.7.3.99/arm-gnu-toolchain/bin/../lib/gcc/arm-none-eabi/4.7.3/../../../../arm-none-eabi/lib/armv7-m\libc.a(lib_a-stdio.o)
 .debug_abbrev  0x0000654e       0x70 d:/programs/atmel toolchain/arm gcc/native/4.7.3.99/arm-gnu-toolchain/bin/../lib/gcc/arm-none-eabi/4.7.3/../../../../arm-none-eabi/lib/armv7-m\libc.a(lib_a-strcmp.o)
 .debug_abbrev  0x000065be      0x21a d:/programs/atmel toolchain/arm gcc/native/4.7.3.99/arm-gnu-toolchain/bin/../lib/gcc/arm-none-eabi/4.7.3/../../../../arm-none-eabi/lib/armv7-m\libc.a(lib_a-wbuf.o)
 .debug_abbrev  0x000067d8      0x205 d:/programs/atmel toolchain/arm gcc/native/4.7.3.99/arm-gnu-toolchain/bin/../lib/gcc/arm-none-eabi/4.7.3/../../../../arm-none-eabi/lib/armv7-m\libc.a(lib_a-wcrtomb.o)
 .debug_abbrev  0x000069dd      0x210 d:/programs/atmel toolchain/arm gcc/native/4.7.3.99/arm-gnu-toolchain/bin/../lib/gcc/arm-none-eabi/4.7.3/../../../../arm-none-eabi/lib/armv7-m\libc.a(lib_a-wctomb_r.o)
 .debug_abbrev  0x00006bed      0x1d4 d:/programs/atmel toolchain/arm gcc/native/4.7.3.99/arm-gnu-toolchain/bin/../lib/gcc/arm-none-eabi/4.7.3/../../../../arm-none-eabi/lib/armv7-m\libc.a(lib_a-writer.o)
 .debug_abbrev  0x00006dc1      0x1cf d:/programs/atmel toolchain/arm gcc/native/4.7.3.99/arm-gnu-toolchain/bin/../lib/gcc/arm-none-eabi/4.7.3/../../../../arm-none-eabi/lib/armv7-m\libc.a(lib_a-closer.o)
 .debug_abbrev  0x00006f90      0x232 d:/programs/atmel toolchain/arm gcc/native/4.7.3.99/arm-gnu-toolchain/bin/../lib/gcc/arm-none-eabi/4.7.3/../../../../arm-none-eabi/lib/armv7-m\libc.a(lib_a-fclose.o)
 .debug_abbrev  0x000071c2      0x1de d:/programs/atmel toolchain/arm gcc/native/4.7.3.99/arm-gnu-toolchain/bin/../lib/gcc/arm-none-eabi/4.7.3/../../../../arm-none-eabi/lib/armv7-m\libc.a(lib_a-fstatr.o)
 .debug_abbrev  0x000073a0      0x1cf d:/programs/atmel toolchain/arm gcc/native/4.7.3.99/arm-gnu-toolchain/bin/../lib/gcc/arm-none-eabi/4.7.3/../../../../arm-none-eabi/lib/armv7-m\libc.a(lib_a-isattyr.o)
 .debug_abbrev  0x0000756f      0x1de d:/programs/atmel toolchain/arm gcc/native/4.7.3.99/arm-gnu-toolchain/bin/../lib/gcc/arm-none-eabi/4.7.3/../../../../arm-none-eabi/lib/armv7-m\libc.a(lib_a-lseekr.o)
 .debug_abbrev  0x0000774d      0x1cf d:/programs/atmel toolchain/arm gcc/native/4.7.3.99/arm-gnu-toolchain/bin/../lib/gcc/arm-none-eabi/4.7.3/../../../../arm-none-eabi/lib/armv7-m\libc.a(lib_a-readr.o)
 .debug_abbrev  0x0000791c      0x26e d:/programs/atmel toolchain/arm gcc/native/4.7.3.99/arm-gnu-toolchain/bin/../lib/gcc/arm-none-eabi/4.7.3/../../../../arm-none-eabi/lib/armv7-m\libc.a(lib_a-reent.o)
 .debug_abbrev  0x00007b8a       0x14 d:/programs/atmel toolchain/arm gcc/native/4.7.3.99/arm-gnu-toolchain/bin/../lib/gcc/arm-none-eabi/4.7.3/armv7-m\libgcc.a(_aeabi_uldivmod.o)
 .debug_abbrev  0x00007b9e       0xb5 d:/programs/atmel toolchain/arm gcc/native/4.7.3.99/arm-gnu-toolchain/bin/../lib/gcc/arm-none-eabi/4.7.3/armv7-m\libgcc.a(bpabi.o)
 .debug_abbrev  0x00007c53       0x14 d:/programs/atmel toolchain/arm gcc/native/4.7.3.99/arm-gnu-toolchain/bin/../lib/gcc/arm-none-eabi/4.7.3/armv7-m\libgcc.a(_dvmd_tls.o)
 .debug_abbrev  0x00007c67      0x15a d:/programs/atmel toolchain/arm gcc/native/4.7.3.99/arm-gnu-toolchain/bin/../lib/gcc/arm-none-eabi/4.7.3/armv7-m\libgcc.a(_divdi3.o)
 .debug_abbrev  0x00007dc1      0x154 d:/programs/atmel toolchain/arm gcc/native/4.7.3.99/arm-gnu-toolchain/bin/../lib/gcc/arm-none-eabi/4.7.3/armv7-m\libgcc.a(_udivdi3.o)

.debug_loc      0x00000000     0xd29a
 .debug_loc     0x00000000      0x12d src/ASF/common/services/clock/sam3x/sysclk.o
 .debug_loc     0x0000012d       0x6c src/DelayFunctions.o
 .debug_loc     0x00000199       0x84 src/Motorshield.o
 .debug_loc     0x0000021d       0x78 src/PWMFunctions.o
 .debug_loc     0x00000295       0x72 src/SensorFunctions.o
 .debug_loc     0x00000307       0x81 src/TestFunctions.o
 .debug_loc     0x00000388       0xff src/ASF/common/utils/stdio/read.o
 .debug_loc     0x00000487       0xcc src/ASF/common/utils/stdio/write.o
 .debug_loc     0x00000553       0x20 src/ASF/sam/boards/arduino_due_x/init.o
 .debug_loc     0x00000573      0x9e7 src/ASF/sam/drivers/adc/adc.o
 .debug_loc     0x00000f5a      0x8dc src/ASF/sam/drivers/pio/pio.o
 .debug_loc     0x00001836      0x4a4 src/ASF/sam/drivers/pio/pio_handler.o
 .debug_loc     0x00001cda      0xadd src/ASF/sam/drivers/pmc/pmc.o
 .debug_loc     0x000027b7      0xfae src/ASF/sam/drivers/pwm/pwm.o
 .debug_loc     0x00003765      0x717 src/ASF/sam/drivers/tc/tc.o
 .debug_loc     0x00003e7c      0x2a4 src/ASF/sam/drivers/uart/uart.o
 .debug_loc     0x00004120     0x1110 src/ASF/sam/drivers/usart/usart.o
 .debug_loc     0x00005230       0x20 src/ASF/sam/utils/cmsis/sam3x/source/templates/gcc/startup_sam3x.o
 .debug_loc     0x00005250       0x53 src/ASF/sam/utils/cmsis/sam3x/source/templates/system_sam3x.o
 .debug_loc     0x000052a3      0x112 src/ASF/sam/utils/syscalls/gcc/syscalls.o
 .debug_loc     0x000053b5       0x9d src/ASF/thirdparty/freertos/freertos-7.3.0/source/list.o
 .debug_loc     0x00005452      0x12b src/ASF/thirdparty/freertos/freertos-7.3.0/source/portable/gcc/arm_cm3/port.o
 .debug_loc     0x0000557d     0x12fd src/ASF/thirdparty/freertos/freertos-7.3.0/source/tasks.o
 .debug_loc     0x0000687a      0x1f6 src/ConsoleFunctions.o
 .debug_loc     0x00006a70       0x20 src/main.o
 .debug_loc     0x00006a90       0x2c d:/programs/atmel toolchain/arm gcc/native/4.7.3.99/arm-gnu-toolchain/bin/../lib/gcc/arm-none-eabi/4.7.3/../../../../arm-none-eabi/lib/armv7-m\libc.a(lib_a-atexit.o)
 .debug_loc     0x00006abc       0x33 d:/programs/atmel toolchain/arm gcc/native/4.7.3.99/arm-gnu-toolchain/bin/../lib/gcc/arm-none-eabi/4.7.3/../../../../arm-none-eabi/lib/armv7-m\libc.a(lib_a-fini.o)
 .debug_loc     0x00006aef       0x4a d:/programs/atmel toolchain/arm gcc/native/4.7.3.99/arm-gnu-toolchain/bin/../lib/gcc/arm-none-eabi/4.7.3/../../../../arm-none-eabi/lib/armv7-m\libc.a(lib_a-init.o)
 .debug_loc     0x00006b39       0x8c d:/programs/atmel toolchain/arm gcc/native/4.7.3.99/arm-gnu-toolchain/bin/../lib/gcc/arm-none-eabi/4.7.3/../../../../arm-none-eabi/lib/armv7-m\libc.a(lib_a-iprintf.o)
 .debug_loc     0x00006bc5       0x59 d:/programs/atmel toolchain/arm gcc/native/4.7.3.99/arm-gnu-toolchain/bin/../lib/gcc/arm-none-eabi/4.7.3/../../../../arm-none-eabi/lib/armv7-m\libc.a(lib_a-memcpy.o)
 .debug_loc     0x00006c1e       0x3f d:/programs/atmel toolchain/arm gcc/native/4.7.3.99/arm-gnu-toolchain/bin/../lib/gcc/arm-none-eabi/4.7.3/../../../../arm-none-eabi/lib/armv7-m\libc.a(lib_a-memset.o)
 .debug_loc     0x00006c5d       0x42 d:/programs/atmel toolchain/arm gcc/native/4.7.3.99/arm-gnu-toolchain/bin/../lib/gcc/arm-none-eabi/4.7.3/../../../../arm-none-eabi/lib/armv7-m\libc.a(lib_a-setbuf.o)
 .debug_loc     0x00006c9f      0x174 d:/programs/atmel toolchain/arm gcc/native/4.7.3.99/arm-gnu-toolchain/bin/../lib/gcc/arm-none-eabi/4.7.3/../../../../arm-none-eabi/lib/armv7-m\libc.a(lib_a-setvbuf.o)
 .debug_loc     0x00006e13       0x21 d:/programs/atmel toolchain/arm gcc/native/4.7.3.99/arm-gnu-toolchain/bin/../lib/gcc/arm-none-eabi/4.7.3/../../../../arm-none-eabi/lib/armv7-m\libc.a(lib_a-strlen.o)
 .debug_loc     0x00006e34     0x113a d:/programs/atmel toolchain/arm gcc/native/4.7.3.99/arm-gnu-toolchain/bin/../lib/gcc/arm-none-eabi/4.7.3/../../../../arm-none-eabi/lib/armv7-m\libc.a(lib_a-vfiprintf.o)
 .debug_loc     0x00007f6e       0x5c d:/programs/atmel toolchain/arm gcc/native/4.7.3.99/arm-gnu-toolchain/bin/../lib/gcc/arm-none-eabi/4.7.3/../../../../arm-none-eabi/lib/armv7-m\libc.a(lib_a-wsetup.o)
 .debug_loc     0x00007fca       0xfc d:/programs/atmel toolchain/arm gcc/native/4.7.3.99/arm-gnu-toolchain/bin/../lib/gcc/arm-none-eabi/4.7.3/../../../../arm-none-eabi/lib/armv7-m\libc.a(lib_a-__atexit.o)
 .debug_loc     0x000080c6      0x13b d:/programs/atmel toolchain/arm gcc/native/4.7.3.99/arm-gnu-toolchain/bin/../lib/gcc/arm-none-eabi/4.7.3/../../../../arm-none-eabi/lib/armv7-m\libc.a(lib_a-__call_atexit.o)
 .debug_loc     0x00008201      0x1cc d:/programs/atmel toolchain/arm gcc/native/4.7.3.99/arm-gnu-toolchain/bin/../lib/gcc/arm-none-eabi/4.7.3/../../../../arm-none-eabi/lib/armv7-m\libc.a(lib_a-fflush.o)
 .debug_loc     0x000083cd      0x25b d:/programs/atmel toolchain/arm gcc/native/4.7.3.99/arm-gnu-toolchain/bin/../lib/gcc/arm-none-eabi/4.7.3/../../../../arm-none-eabi/lib/armv7-m\libc.a(lib_a-findfp.o)